{
  "Entries": [
    {
      "RequestUri": "https://batchd011246a.eastus.batch.azure.com/pools?api-version=2022-10-01.16.0",
      "RequestMethod": "POST",
      "RequestHeaders": {
        "Accept": "application/json",
        "Accept-Encoding": "gzip, deflate",
        "Connection": "keep-alive",
        "Content-Length": "734",
        "Content-Type": "application/json; odata=minimalmetadata",
        "ocp-date": "Fri, 28 Apr 2023 22:21:15 GMT",
        "User-Agent": "azsdk-python-batch/14.0.0b Python/3.8.6 (Windows-10-10.0.22621-SP0)"
      },
      "RequestBody": {
        "id": "batch_network_d011246a",
        "targetDedicatedNodes": 1,
        "vmSize": "standard_d2_v2",
        "virtualMachineConfiguration": {
          "nodeAgentSKUId": "batch.node.ubuntu 18.04",
          "extensions": [
            {
              "name": "secretext",
              "type": "KeyVaultForLinux",
              "publisher": "Microsoft.Azure.KeyVault",
              "typeHandlerVersion": "1.0",
              "autoUpgradeMinorVersion": true
            }
          ],
          "imageReference": {
            "publisher": "Canonical",
            "offer": "UbuntuServer",
            "sku": "18.04-LTS"
          }
        },
        "networkConfiguration": {
          "endpointConfiguration": {
            "inboundNATPools": [
              {
                "name": "TestEndpointConfig",
                "protocol": "udp",
                "backendPort": 64444,
                "frontendPortRangeStart": 60000,
                "frontendPortRangeEnd": 61000,
                "networkSecurityGroupRules": [
                  {
                    "priority": 150,
                    "access": "allow",
                    "sourceAddressPrefix": "*"
                  }
                ]
              }
            ]
          }
        }
      },
      "StatusCode": 201,
      "ResponseHeaders": {
        "DataServiceId": "https://batchd011246a.eastus.batch.azure.com/pools/batch_network_d011246a",
        "DataServiceVersion": "3.0",
        "Date": "Fri, 28 Apr 2023 22:21:15 GMT",
        "ETag": "0x8DB4836E221709B",
        "Last-Modified": "Fri, 28 Apr 2023 22:21:16 GMT",
        "Location": "https://batchd011246a.eastus.batch.azure.com/pools/batch_network_d011246a",
        "request-id": "4ffd886f-b119-46c5-83f0-46820d2e7d15",
        "Server": "Microsoft-HTTPAPI/2.0",
        "Strict-Transport-Security": "max-age=31536000; includeSubDomains",
        "Transfer-Encoding": "chunked",
        "X-Content-Type-Options": "nosniff"
      },
      "ResponseBody": null
    },
    {
      "RequestUri": "https://batchd011246a.eastus.batch.azure.com/pools/batch_network_d011246a?api-version=2022-10-01.16.0",
      "RequestMethod": "GET",
      "RequestHeaders": {
        "Accept": "application/json",
        "Accept-Encoding": "gzip, deflate",
        "Connection": "keep-alive",
        "ocp-date": "Fri, 28 Apr 2023 22:21:16 GMT",
        "User-Agent": "azsdk-python-batch/14.0.0b Python/3.8.6 (Windows-10-10.0.22621-SP0)"
      },
      "RequestBody": null,
      "StatusCode": 200,
      "ResponseHeaders": {
        "Content-Type": "application/json; odata=minimalmetadata",
        "DataServiceVersion": "3.0",
        "Date": "Fri, 28 Apr 2023 22:21:15 GMT",
        "ETag": "0x8DB4836E221709B",
        "Last-Modified": "Fri, 28 Apr 2023 22:21:16 GMT",
        "request-id": "07d56428-0ef8-4e9c-bd16-6dd05b8f9b9d",
        "Server": "Microsoft-HTTPAPI/2.0",
        "Strict-Transport-Security": "max-age=31536000; includeSubDomains",
        "Transfer-Encoding": "chunked",
        "X-Content-Type-Options": "nosniff"
      },
      "ResponseBody": {
        "odata.metadata": "https://batchd011246a.eastus.batch.azure.com/$metadata#pools/@Element",
        "id": "batch_network_d011246a",
        "url": "https://batchd011246a.eastus.batch.azure.com/pools/batch_network_d011246a",
        "eTag": "0x8DB4836E221709B",
        "lastModified": "2023-04-28T22:21:16.2333339Z",
        "creationTime": "2023-04-28T22:21:16.2333339Z",
        "state": "active",
        "stateTransitionTime": "2023-04-28T22:21:16.2333339Z",
        "allocationState": "resizing",
        "allocationStateTransitionTime": "2023-04-28T22:21:16.2333339Z",
        "vmSize": "standard_d2_v2",
        "resizeTimeout": "PT15M",
        "currentDedicatedNodes": 0,
        "targetDedicatedNodes": 1,
        "currentLowPriorityNodes": 0,
        "targetLowPriorityNodes": 0,
        "enableAutoScale": false,
        "enableInterNodeCommunication": false,
        "taskSlotsPerNode": 1,
        "taskSchedulingPolicy": {
          "nodeFillType": "Spread"
        },
        "virtualMachineConfiguration": {
          "imageReference": {
            "publisher": "Canonical",
            "offer": "UbuntuServer",
            "sku": "18.04-LTS",
            "version": "latest"
          },
          "nodeAgentSKUId": "batch.node.ubuntu 18.04",
          "extensions": [
            {
              "name": "secretext",
              "publisher": "Microsoft.Azure.KeyVault",
              "type": "KeyVaultForLinux",
              "typeHandlerVersion": "1.0",
              "autoUpgradeMinorVersion": true
            }
          ]
        },
        "networkConfiguration": {
          "dynamicVNetAssignmentScope": "none",
          "endpointConfiguration": {
            "inboundNATPools": [
              {
                "name": "TestEndpointConfig",
                "protocol": "udp",
                "backendPort": 64444,
                "frontendPortRangeStart": 60000,
                "frontendPortRangeEnd": 61000,
                "networkSecurityGroupRules": [
                  {
                    "priority": 150,
                    "access": "allow",
                    "sourceAddressPrefix": "*",
                    "sourcePortRanges": [
                      "*"
                    ]
                  }
                ]
              }
            ]
          }
        }
      }
    },
    {
      "RequestUri": "https://batchd011246a.eastus.batch.azure.com/pools/batch_network_d011246a?api-version=2022-10-01.16.0",
      "RequestMethod": "GET",
      "RequestHeaders": {
        "Accept": "application/json",
        "Accept-Encoding": "gzip, deflate",
        "Connection": "keep-alive",
        "ocp-date": "Fri, 28 Apr 2023 22:21:26 GMT",
        "User-Agent": "azsdk-python-batch/14.0.0b Python/3.8.6 (Windows-10-10.0.22621-SP0)"
      },
      "RequestBody": null,
      "StatusCode": 200,
      "ResponseHeaders": {
        "Content-Type": "application/json; odata=minimalmetadata",
        "DataServiceVersion": "3.0",
        "Date": "Fri, 28 Apr 2023 22:21:26 GMT",
        "ETag": "0x8DB4836E221709B",
        "Last-Modified": "Fri, 28 Apr 2023 22:21:16 GMT",
        "request-id": "dcb8b5cf-08d7-49d4-be46-5d4397591d87",
        "Server": "Microsoft-HTTPAPI/2.0",
        "Strict-Transport-Security": "max-age=31536000; includeSubDomains",
        "Transfer-Encoding": "chunked",
        "X-Content-Type-Options": "nosniff"
      },
      "ResponseBody": {
        "odata.metadata": "https://batchd011246a.eastus.batch.azure.com/$metadata#pools/@Element",
        "id": "batch_network_d011246a",
        "url": "https://batchd011246a.eastus.batch.azure.com/pools/batch_network_d011246a",
        "eTag": "0x8DB4836E221709B",
        "lastModified": "2023-04-28T22:21:16.2333339Z",
        "creationTime": "2023-04-28T22:21:16.2333339Z",
        "state": "active",
        "stateTransitionTime": "2023-04-28T22:21:16.2333339Z",
        "allocationState": "resizing",
        "allocationStateTransitionTime": "2023-04-28T22:21:16.2333339Z",
        "vmSize": "standard_d2_v2",
        "resizeTimeout": "PT15M",
        "currentDedicatedNodes": 0,
        "targetDedicatedNodes": 1,
        "currentLowPriorityNodes": 0,
        "targetLowPriorityNodes": 0,
        "enableAutoScale": false,
        "enableInterNodeCommunication": false,
        "taskSlotsPerNode": 1,
        "taskSchedulingPolicy": {
          "nodeFillType": "Spread"
        },
        "virtualMachineConfiguration": {
          "imageReference": {
            "publisher": "Canonical",
            "offer": "UbuntuServer",
            "sku": "18.04-LTS",
            "version": "latest"
          },
          "nodeAgentSKUId": "batch.node.ubuntu 18.04",
          "extensions": [
            {
              "name": "secretext",
              "publisher": "Microsoft.Azure.KeyVault",
              "type": "KeyVaultForLinux",
              "typeHandlerVersion": "1.0",
              "autoUpgradeMinorVersion": true
            }
          ]
        },
        "networkConfiguration": {
          "dynamicVNetAssignmentScope": "none",
          "endpointConfiguration": {
            "inboundNATPools": [
              {
                "name": "TestEndpointConfig",
                "protocol": "udp",
                "backendPort": 64444,
                "frontendPortRangeStart": 60000,
                "frontendPortRangeEnd": 61000,
                "networkSecurityGroupRules": [
                  {
                    "priority": 150,
                    "access": "allow",
                    "sourceAddressPrefix": "*",
                    "sourcePortRanges": [
                      "*"
                    ]
                  }
                ]
              }
            ]
          }
        }
      }
    },
    {
      "RequestUri": "https://batchd011246a.eastus.batch.azure.com/pools/batch_network_d011246a?api-version=2022-10-01.16.0",
      "RequestMethod": "GET",
      "RequestHeaders": {
        "Accept": "application/json",
        "Accept-Encoding": "gzip, deflate",
        "Connection": "keep-alive",
        "ocp-date": "Fri, 28 Apr 2023 22:21:36 GMT",
        "User-Agent": "azsdk-python-batch/14.0.0b Python/3.8.6 (Windows-10-10.0.22621-SP0)"
      },
      "RequestBody": null,
      "StatusCode": 200,
      "ResponseHeaders": {
        "Content-Type": "application/json; odata=minimalmetadata",
        "DataServiceVersion": "3.0",
        "Date": "Fri, 28 Apr 2023 22:21:36 GMT",
        "ETag": "0x8DB4836E221709B",
        "Last-Modified": "Fri, 28 Apr 2023 22:21:16 GMT",
        "request-id": "ee78db79-2489-40ed-8260-14ac24e41e7c",
        "Server": "Microsoft-HTTPAPI/2.0",
        "Strict-Transport-Security": "max-age=31536000; includeSubDomains",
        "Transfer-Encoding": "chunked",
        "X-Content-Type-Options": "nosniff"
      },
      "ResponseBody": {
        "odata.metadata": "https://batchd011246a.eastus.batch.azure.com/$metadata#pools/@Element",
        "id": "batch_network_d011246a",
        "url": "https://batchd011246a.eastus.batch.azure.com/pools/batch_network_d011246a",
        "eTag": "0x8DB4836E221709B",
        "lastModified": "2023-04-28T22:21:16.2333339Z",
        "creationTime": "2023-04-28T22:21:16.2333339Z",
        "state": "active",
        "stateTransitionTime": "2023-04-28T22:21:16.2333339Z",
        "allocationState": "resizing",
        "allocationStateTransitionTime": "2023-04-28T22:21:16.2333339Z",
        "vmSize": "standard_d2_v2",
        "resizeTimeout": "PT15M",
        "currentDedicatedNodes": 0,
        "targetDedicatedNodes": 1,
        "currentLowPriorityNodes": 0,
        "targetLowPriorityNodes": 0,
        "enableAutoScale": false,
        "enableInterNodeCommunication": false,
        "taskSlotsPerNode": 1,
        "taskSchedulingPolicy": {
          "nodeFillType": "Spread"
        },
        "virtualMachineConfiguration": {
          "imageReference": {
            "publisher": "Canonical",
            "offer": "UbuntuServer",
            "sku": "18.04-LTS",
            "version": "latest"
          },
          "nodeAgentSKUId": "batch.node.ubuntu 18.04",
          "extensions": [
            {
              "name": "secretext",
              "publisher": "Microsoft.Azure.KeyVault",
              "type": "KeyVaultForLinux",
              "typeHandlerVersion": "1.0",
              "autoUpgradeMinorVersion": true
            }
          ]
        },
        "networkConfiguration": {
          "dynamicVNetAssignmentScope": "none",
          "endpointConfiguration": {
            "inboundNATPools": [
              {
                "name": "TestEndpointConfig",
                "protocol": "udp",
                "backendPort": 64444,
                "frontendPortRangeStart": 60000,
                "frontendPortRangeEnd": 61000,
                "networkSecurityGroupRules": [
                  {
                    "priority": 150,
                    "access": "allow",
                    "sourceAddressPrefix": "*",
                    "sourcePortRanges": [
                      "*"
                    ]
                  }
                ]
              }
            ]
          }
        }
      }
    },
    {
      "RequestUri": "https://batchd011246a.eastus.batch.azure.com/pools/batch_network_d011246a?api-version=2022-10-01.16.0",
      "RequestMethod": "GET",
      "RequestHeaders": {
        "Accept": "application/json",
        "Accept-Encoding": "gzip, deflate",
        "Connection": "keep-alive",
        "ocp-date": "Fri, 28 Apr 2023 22:21:46 GMT",
        "User-Agent": "azsdk-python-batch/14.0.0b Python/3.8.6 (Windows-10-10.0.22621-SP0)"
      },
      "RequestBody": null,
      "StatusCode": 200,
      "ResponseHeaders": {
        "Content-Type": "application/json; odata=minimalmetadata",
        "DataServiceVersion": "3.0",
        "Date": "Fri, 28 Apr 2023 22:21:45 GMT",
        "ETag": "0x8DB4836E221709B",
        "Last-Modified": "Fri, 28 Apr 2023 22:21:16 GMT",
        "request-id": "0a5f07ea-9e18-45b7-b374-11fd42e81414",
        "Server": "Microsoft-HTTPAPI/2.0",
        "Strict-Transport-Security": "max-age=31536000; includeSubDomains",
        "Transfer-Encoding": "chunked",
        "X-Content-Type-Options": "nosniff"
      },
      "ResponseBody": {
        "odata.metadata": "https://batchd011246a.eastus.batch.azure.com/$metadata#pools/@Element",
        "id": "batch_network_d011246a",
        "url": "https://batchd011246a.eastus.batch.azure.com/pools/batch_network_d011246a",
        "eTag": "0x8DB4836E221709B",
        "lastModified": "2023-04-28T22:21:16.2333339Z",
        "creationTime": "2023-04-28T22:21:16.2333339Z",
        "state": "active",
        "stateTransitionTime": "2023-04-28T22:21:16.2333339Z",
        "allocationState": "resizing",
        "allocationStateTransitionTime": "2023-04-28T22:21:16.2333339Z",
        "vmSize": "standard_d2_v2",
        "resizeTimeout": "PT15M",
        "currentDedicatedNodes": 0,
        "targetDedicatedNodes": 1,
        "currentLowPriorityNodes": 0,
        "targetLowPriorityNodes": 0,
        "enableAutoScale": false,
        "enableInterNodeCommunication": false,
        "taskSlotsPerNode": 1,
        "taskSchedulingPolicy": {
          "nodeFillType": "Spread"
        },
        "virtualMachineConfiguration": {
          "imageReference": {
            "publisher": "Canonical",
            "offer": "UbuntuServer",
            "sku": "18.04-LTS",
            "version": "latest"
          },
          "nodeAgentSKUId": "batch.node.ubuntu 18.04",
          "extensions": [
            {
              "name": "secretext",
              "publisher": "Microsoft.Azure.KeyVault",
              "type": "KeyVaultForLinux",
              "typeHandlerVersion": "1.0",
              "autoUpgradeMinorVersion": true
            }
          ]
        },
        "networkConfiguration": {
          "dynamicVNetAssignmentScope": "none",
          "endpointConfiguration": {
            "inboundNATPools": [
              {
                "name": "TestEndpointConfig",
                "protocol": "udp",
                "backendPort": 64444,
                "frontendPortRangeStart": 60000,
                "frontendPortRangeEnd": 61000,
                "networkSecurityGroupRules": [
                  {
                    "priority": 150,
                    "access": "allow",
                    "sourceAddressPrefix": "*",
                    "sourcePortRanges": [
                      "*"
                    ]
                  }
                ]
              }
            ]
          }
        }
      }
    },
    {
      "RequestUri": "https://batchd011246a.eastus.batch.azure.com/pools/batch_network_d011246a?api-version=2022-10-01.16.0",
      "RequestMethod": "GET",
      "RequestHeaders": {
        "Accept": "application/json",
        "Accept-Encoding": "gzip, deflate",
        "Connection": "keep-alive",
        "ocp-date": "Fri, 28 Apr 2023 22:21:56 GMT",
        "User-Agent": "azsdk-python-batch/14.0.0b Python/3.8.6 (Windows-10-10.0.22621-SP0)"
      },
      "RequestBody": null,
      "StatusCode": 200,
      "ResponseHeaders": {
        "Content-Type": "application/json; odata=minimalmetadata",
        "DataServiceVersion": "3.0",
        "Date": "Fri, 28 Apr 2023 22:21:56 GMT",
        "ETag": "0x8DB4836E221709B",
        "Last-Modified": "Fri, 28 Apr 2023 22:21:16 GMT",
        "request-id": "bedaf7ae-8439-47aa-aed1-ddf31f9e5f48",
        "Server": "Microsoft-HTTPAPI/2.0",
        "Strict-Transport-Security": "max-age=31536000; includeSubDomains",
        "Transfer-Encoding": "chunked",
        "X-Content-Type-Options": "nosniff"
      },
      "ResponseBody": {
        "odata.metadata": "https://batchd011246a.eastus.batch.azure.com/$metadata#pools/@Element",
        "id": "batch_network_d011246a",
        "url": "https://batchd011246a.eastus.batch.azure.com/pools/batch_network_d011246a",
        "eTag": "0x8DB4836E221709B",
        "lastModified": "2023-04-28T22:21:16.2333339Z",
        "creationTime": "2023-04-28T22:21:16.2333339Z",
        "state": "active",
        "stateTransitionTime": "2023-04-28T22:21:16.2333339Z",
        "allocationState": "resizing",
        "allocationStateTransitionTime": "2023-04-28T22:21:16.2333339Z",
        "vmSize": "standard_d2_v2",
        "resizeTimeout": "PT15M",
        "currentDedicatedNodes": 0,
        "targetDedicatedNodes": 1,
        "currentLowPriorityNodes": 0,
        "targetLowPriorityNodes": 0,
        "enableAutoScale": false,
        "enableInterNodeCommunication": false,
        "taskSlotsPerNode": 1,
        "taskSchedulingPolicy": {
          "nodeFillType": "Spread"
        },
        "virtualMachineConfiguration": {
          "imageReference": {
            "publisher": "Canonical",
            "offer": "UbuntuServer",
            "sku": "18.04-LTS",
            "version": "latest"
          },
          "nodeAgentSKUId": "batch.node.ubuntu 18.04",
          "extensions": [
            {
              "name": "secretext",
              "publisher": "Microsoft.Azure.KeyVault",
              "type": "KeyVaultForLinux",
              "typeHandlerVersion": "1.0",
              "autoUpgradeMinorVersion": true
            }
          ]
        },
        "networkConfiguration": {
          "dynamicVNetAssignmentScope": "none",
          "endpointConfiguration": {
            "inboundNATPools": [
              {
                "name": "TestEndpointConfig",
                "protocol": "udp",
                "backendPort": 64444,
                "frontendPortRangeStart": 60000,
                "frontendPortRangeEnd": 61000,
                "networkSecurityGroupRules": [
                  {
                    "priority": 150,
                    "access": "allow",
                    "sourceAddressPrefix": "*",
                    "sourcePortRanges": [
                      "*"
                    ]
                  }
                ]
              }
            ]
          }
        }
      }
    },
    {
      "RequestUri": "https://batchd011246a.eastus.batch.azure.com/pools/batch_network_d011246a?api-version=2022-10-01.16.0",
      "RequestMethod": "GET",
      "RequestHeaders": {
        "Accept": "application/json",
        "Accept-Encoding": "gzip, deflate",
        "Connection": "keep-alive",
        "ocp-date": "Fri, 28 Apr 2023 22:22:07 GMT",
        "User-Agent": "azsdk-python-batch/14.0.0b Python/3.8.6 (Windows-10-10.0.22621-SP0)"
      },
      "RequestBody": null,
      "StatusCode": 200,
      "ResponseHeaders": {
        "Content-Type": "application/json; odata=minimalmetadata",
        "DataServiceVersion": "3.0",
        "Date": "Fri, 28 Apr 2023 22:22:06 GMT",
        "ETag": "0x8DB4836E221709B",
        "Last-Modified": "Fri, 28 Apr 2023 22:21:16 GMT",
        "request-id": "e438c823-29f0-41b1-85d2-6dbe13e8c037",
        "Server": "Microsoft-HTTPAPI/2.0",
        "Strict-Transport-Security": "max-age=31536000; includeSubDomains",
        "Transfer-Encoding": "chunked",
        "X-Content-Type-Options": "nosniff"
      },
      "ResponseBody": {
        "odata.metadata": "https://batchd011246a.eastus.batch.azure.com/$metadata#pools/@Element",
        "id": "batch_network_d011246a",
        "url": "https://batchd011246a.eastus.batch.azure.com/pools/batch_network_d011246a",
        "eTag": "0x8DB4836E221709B",
        "lastModified": "2023-04-28T22:21:16.2333339Z",
        "creationTime": "2023-04-28T22:21:16.2333339Z",
        "state": "active",
        "stateTransitionTime": "2023-04-28T22:21:16.2333339Z",
        "allocationState": "resizing",
        "allocationStateTransitionTime": "2023-04-28T22:21:16.2333339Z",
        "vmSize": "standard_d2_v2",
        "resizeTimeout": "PT15M",
        "currentDedicatedNodes": 0,
        "targetDedicatedNodes": 1,
        "currentLowPriorityNodes": 0,
        "targetLowPriorityNodes": 0,
        "enableAutoScale": false,
        "enableInterNodeCommunication": false,
        "taskSlotsPerNode": 1,
        "taskSchedulingPolicy": {
          "nodeFillType": "Spread"
        },
        "virtualMachineConfiguration": {
          "imageReference": {
            "publisher": "Canonical",
            "offer": "UbuntuServer",
            "sku": "18.04-LTS",
            "version": "latest"
          },
          "nodeAgentSKUId": "batch.node.ubuntu 18.04",
          "extensions": [
            {
              "name": "secretext",
              "publisher": "Microsoft.Azure.KeyVault",
              "type": "KeyVaultForLinux",
              "typeHandlerVersion": "1.0",
              "autoUpgradeMinorVersion": true
            }
          ]
        },
        "networkConfiguration": {
          "dynamicVNetAssignmentScope": "none",
          "endpointConfiguration": {
            "inboundNATPools": [
              {
                "name": "TestEndpointConfig",
                "protocol": "udp",
                "backendPort": 64444,
                "frontendPortRangeStart": 60000,
                "frontendPortRangeEnd": 61000,
                "networkSecurityGroupRules": [
                  {
                    "priority": 150,
                    "access": "allow",
                    "sourceAddressPrefix": "*",
                    "sourcePortRanges": [
                      "*"
                    ]
                  }
                ]
              }
            ]
          }
        }
      }
    },
    {
      "RequestUri": "https://batchd011246a.eastus.batch.azure.com/pools/batch_network_d011246a?api-version=2022-10-01.16.0",
      "RequestMethod": "GET",
      "RequestHeaders": {
        "Accept": "application/json",
        "Accept-Encoding": "gzip, deflate",
        "Connection": "keep-alive",
        "ocp-date": "Fri, 28 Apr 2023 22:22:17 GMT",
        "User-Agent": "azsdk-python-batch/14.0.0b Python/3.8.6 (Windows-10-10.0.22621-SP0)"
      },
      "RequestBody": null,
      "StatusCode": 200,
      "ResponseHeaders": {
        "Content-Type": "application/json; odata=minimalmetadata",
        "DataServiceVersion": "3.0",
        "Date": "Fri, 28 Apr 2023 22:22:16 GMT",
        "ETag": "0x8DB4836E221709B",
        "Last-Modified": "Fri, 28 Apr 2023 22:21:16 GMT",
        "request-id": "90eb841d-65fb-4b4f-8bea-6b993e341412",
        "Server": "Microsoft-HTTPAPI/2.0",
        "Strict-Transport-Security": "max-age=31536000; includeSubDomains",
        "Transfer-Encoding": "chunked",
        "X-Content-Type-Options": "nosniff"
      },
      "ResponseBody": {
        "odata.metadata": "https://batchd011246a.eastus.batch.azure.com/$metadata#pools/@Element",
        "id": "batch_network_d011246a",
        "url": "https://batchd011246a.eastus.batch.azure.com/pools/batch_network_d011246a",
        "eTag": "0x8DB4836E221709B",
        "lastModified": "2023-04-28T22:21:16.2333339Z",
        "creationTime": "2023-04-28T22:21:16.2333339Z",
        "state": "active",
        "stateTransitionTime": "2023-04-28T22:21:16.2333339Z",
        "allocationState": "resizing",
        "allocationStateTransitionTime": "2023-04-28T22:21:16.2333339Z",
        "vmSize": "standard_d2_v2",
        "resizeTimeout": "PT15M",
        "currentDedicatedNodes": 0,
        "targetDedicatedNodes": 1,
        "currentLowPriorityNodes": 0,
        "targetLowPriorityNodes": 0,
        "enableAutoScale": false,
        "enableInterNodeCommunication": false,
        "taskSlotsPerNode": 1,
        "taskSchedulingPolicy": {
          "nodeFillType": "Spread"
        },
        "virtualMachineConfiguration": {
          "imageReference": {
            "publisher": "Canonical",
            "offer": "UbuntuServer",
            "sku": "18.04-LTS",
            "version": "latest"
          },
          "nodeAgentSKUId": "batch.node.ubuntu 18.04",
          "extensions": [
            {
              "name": "secretext",
              "publisher": "Microsoft.Azure.KeyVault",
              "type": "KeyVaultForLinux",
              "typeHandlerVersion": "1.0",
              "autoUpgradeMinorVersion": true
            }
          ]
        },
        "networkConfiguration": {
          "dynamicVNetAssignmentScope": "none",
          "endpointConfiguration": {
            "inboundNATPools": [
              {
                "name": "TestEndpointConfig",
                "protocol": "udp",
                "backendPort": 64444,
                "frontendPortRangeStart": 60000,
                "frontendPortRangeEnd": 61000,
                "networkSecurityGroupRules": [
                  {
                    "priority": 150,
                    "access": "allow",
                    "sourceAddressPrefix": "*",
                    "sourcePortRanges": [
                      "*"
                    ]
                  }
                ]
              }
            ]
          }
        }
      }
    },
    {
      "RequestUri": "https://batchd011246a.eastus.batch.azure.com/pools/batch_network_d011246a?api-version=2022-10-01.16.0",
      "RequestMethod": "GET",
      "RequestHeaders": {
        "Accept": "application/json",
        "Accept-Encoding": "gzip, deflate",
        "Connection": "keep-alive",
        "ocp-date": "Fri, 28 Apr 2023 22:22:27 GMT",
        "User-Agent": "azsdk-python-batch/14.0.0b Python/3.8.6 (Windows-10-10.0.22621-SP0)"
      },
      "RequestBody": null,
      "StatusCode": 200,
      "ResponseHeaders": {
        "Content-Type": "application/json; odata=minimalmetadata",
        "DataServiceVersion": "3.0",
        "Date": "Fri, 28 Apr 2023 22:22:26 GMT",
        "ETag": "0x8DB4836E221709B",
        "Last-Modified": "Fri, 28 Apr 2023 22:21:16 GMT",
        "request-id": "1358addb-6a51-4395-b68c-88bac8e25268",
        "Server": "Microsoft-HTTPAPI/2.0",
        "Strict-Transport-Security": "max-age=31536000; includeSubDomains",
        "Transfer-Encoding": "chunked",
        "X-Content-Type-Options": "nosniff"
      },
      "ResponseBody": {
        "odata.metadata": "https://batchd011246a.eastus.batch.azure.com/$metadata#pools/@Element",
        "id": "batch_network_d011246a",
        "url": "https://batchd011246a.eastus.batch.azure.com/pools/batch_network_d011246a",
        "eTag": "0x8DB4836E221709B",
        "lastModified": "2023-04-28T22:21:16.2333339Z",
        "creationTime": "2023-04-28T22:21:16.2333339Z",
        "state": "active",
        "stateTransitionTime": "2023-04-28T22:21:16.2333339Z",
        "allocationState": "resizing",
        "allocationStateTransitionTime": "2023-04-28T22:21:16.2333339Z",
        "vmSize": "standard_d2_v2",
        "resizeTimeout": "PT15M",
        "currentDedicatedNodes": 0,
        "targetDedicatedNodes": 1,
        "currentLowPriorityNodes": 0,
        "targetLowPriorityNodes": 0,
        "enableAutoScale": false,
        "enableInterNodeCommunication": false,
        "taskSlotsPerNode": 1,
        "taskSchedulingPolicy": {
          "nodeFillType": "Spread"
        },
        "virtualMachineConfiguration": {
          "imageReference": {
            "publisher": "Canonical",
            "offer": "UbuntuServer",
            "sku": "18.04-LTS",
            "version": "latest"
          },
          "nodeAgentSKUId": "batch.node.ubuntu 18.04",
          "extensions": [
            {
              "name": "secretext",
              "publisher": "Microsoft.Azure.KeyVault",
              "type": "KeyVaultForLinux",
              "typeHandlerVersion": "1.0",
              "autoUpgradeMinorVersion": true
            }
          ]
        },
        "networkConfiguration": {
          "dynamicVNetAssignmentScope": "none",
          "endpointConfiguration": {
            "inboundNATPools": [
              {
                "name": "TestEndpointConfig",
                "protocol": "udp",
                "backendPort": 64444,
                "frontendPortRangeStart": 60000,
                "frontendPortRangeEnd": 61000,
                "networkSecurityGroupRules": [
                  {
                    "priority": 150,
                    "access": "allow",
                    "sourceAddressPrefix": "*",
                    "sourcePortRanges": [
                      "*"
                    ]
                  }
                ]
              }
            ]
          }
        }
      }
    },
    {
      "RequestUri": "https://batchd011246a.eastus.batch.azure.com/pools/batch_network_d011246a?api-version=2022-10-01.16.0",
      "RequestMethod": "GET",
      "RequestHeaders": {
        "Accept": "application/json",
        "Accept-Encoding": "gzip, deflate",
        "Connection": "keep-alive",
        "ocp-date": "Fri, 28 Apr 2023 22:22:37 GMT",
        "User-Agent": "azsdk-python-batch/14.0.0b Python/3.8.6 (Windows-10-10.0.22621-SP0)"
      },
      "RequestBody": null,
      "StatusCode": 200,
      "ResponseHeaders": {
        "Content-Type": "application/json; odata=minimalmetadata",
        "DataServiceVersion": "3.0",
        "Date": "Fri, 28 Apr 2023 22:22:36 GMT",
        "ETag": "0x8DB4836E221709B",
        "Last-Modified": "Fri, 28 Apr 2023 22:21:16 GMT",
        "request-id": "bd12e28d-bd68-41e5-a1a1-451ba015d27f",
        "Server": "Microsoft-HTTPAPI/2.0",
        "Strict-Transport-Security": "max-age=31536000; includeSubDomains",
        "Transfer-Encoding": "chunked",
        "X-Content-Type-Options": "nosniff"
      },
      "ResponseBody": {
        "odata.metadata": "https://batchd011246a.eastus.batch.azure.com/$metadata#pools/@Element",
        "id": "batch_network_d011246a",
        "url": "https://batchd011246a.eastus.batch.azure.com/pools/batch_network_d011246a",
        "eTag": "0x8DB4836E221709B",
        "lastModified": "2023-04-28T22:21:16.2333339Z",
        "creationTime": "2023-04-28T22:21:16.2333339Z",
        "state": "active",
        "stateTransitionTime": "2023-04-28T22:21:16.2333339Z",
        "allocationState": "resizing",
        "allocationStateTransitionTime": "2023-04-28T22:21:16.2333339Z",
        "vmSize": "standard_d2_v2",
        "resizeTimeout": "PT15M",
        "currentDedicatedNodes": 0,
        "targetDedicatedNodes": 1,
        "currentLowPriorityNodes": 0,
        "targetLowPriorityNodes": 0,
        "enableAutoScale": false,
        "enableInterNodeCommunication": false,
        "taskSlotsPerNode": 1,
        "taskSchedulingPolicy": {
          "nodeFillType": "Spread"
        },
        "virtualMachineConfiguration": {
          "imageReference": {
            "publisher": "Canonical",
            "offer": "UbuntuServer",
            "sku": "18.04-LTS",
            "version": "latest"
          },
          "nodeAgentSKUId": "batch.node.ubuntu 18.04",
          "extensions": [
            {
              "name": "secretext",
              "publisher": "Microsoft.Azure.KeyVault",
              "type": "KeyVaultForLinux",
              "typeHandlerVersion": "1.0",
              "autoUpgradeMinorVersion": true
            }
          ]
        },
        "networkConfiguration": {
          "dynamicVNetAssignmentScope": "none",
          "endpointConfiguration": {
            "inboundNATPools": [
              {
                "name": "TestEndpointConfig",
                "protocol": "udp",
                "backendPort": 64444,
                "frontendPortRangeStart": 60000,
                "frontendPortRangeEnd": 61000,
                "networkSecurityGroupRules": [
                  {
                    "priority": 150,
                    "access": "allow",
                    "sourceAddressPrefix": "*",
                    "sourcePortRanges": [
                      "*"
                    ]
                  }
                ]
              }
            ]
          }
        }
      }
    },
    {
      "RequestUri": "https://batchd011246a.eastus.batch.azure.com/pools/batch_network_d011246a?api-version=2022-10-01.16.0",
      "RequestMethod": "GET",
      "RequestHeaders": {
        "Accept": "application/json",
        "Accept-Encoding": "gzip, deflate",
        "Connection": "keep-alive",
        "ocp-date": "Fri, 28 Apr 2023 22:22:47 GMT",
        "User-Agent": "azsdk-python-batch/14.0.0b Python/3.8.6 (Windows-10-10.0.22621-SP0)"
      },
      "RequestBody": null,
      "StatusCode": 200,
      "ResponseHeaders": {
        "Content-Type": "application/json; odata=minimalmetadata",
        "DataServiceVersion": "3.0",
        "Date": "Fri, 28 Apr 2023 22:22:46 GMT",
        "ETag": "0x8DB4836E221709B",
        "Last-Modified": "Fri, 28 Apr 2023 22:21:16 GMT",
        "request-id": "82a8ec42-6b80-4b49-b972-987606ace4c3",
        "Server": "Microsoft-HTTPAPI/2.0",
        "Strict-Transport-Security": "max-age=31536000; includeSubDomains",
        "Transfer-Encoding": "chunked",
        "X-Content-Type-Options": "nosniff"
      },
      "ResponseBody": {
        "odata.metadata": "https://batchd011246a.eastus.batch.azure.com/$metadata#pools/@Element",
        "id": "batch_network_d011246a",
        "url": "https://batchd011246a.eastus.batch.azure.com/pools/batch_network_d011246a",
        "eTag": "0x8DB4836E221709B",
        "lastModified": "2023-04-28T22:21:16.2333339Z",
        "creationTime": "2023-04-28T22:21:16.2333339Z",
        "state": "active",
        "stateTransitionTime": "2023-04-28T22:21:16.2333339Z",
        "allocationState": "resizing",
        "allocationStateTransitionTime": "2023-04-28T22:21:16.2333339Z",
        "vmSize": "standard_d2_v2",
        "resizeTimeout": "PT15M",
        "currentDedicatedNodes": 0,
        "targetDedicatedNodes": 1,
        "currentLowPriorityNodes": 0,
        "targetLowPriorityNodes": 0,
        "enableAutoScale": false,
        "enableInterNodeCommunication": false,
        "taskSlotsPerNode": 1,
        "taskSchedulingPolicy": {
          "nodeFillType": "Spread"
        },
        "virtualMachineConfiguration": {
          "imageReference": {
            "publisher": "Canonical",
            "offer": "UbuntuServer",
            "sku": "18.04-LTS",
            "version": "latest"
          },
          "nodeAgentSKUId": "batch.node.ubuntu 18.04",
          "extensions": [
            {
              "name": "secretext",
              "publisher": "Microsoft.Azure.KeyVault",
              "type": "KeyVaultForLinux",
              "typeHandlerVersion": "1.0",
              "autoUpgradeMinorVersion": true
            }
          ]
        },
        "networkConfiguration": {
          "dynamicVNetAssignmentScope": "none",
          "endpointConfiguration": {
            "inboundNATPools": [
              {
                "name": "TestEndpointConfig",
                "protocol": "udp",
                "backendPort": 64444,
                "frontendPortRangeStart": 60000,
                "frontendPortRangeEnd": 61000,
                "networkSecurityGroupRules": [
                  {
                    "priority": 150,
                    "access": "allow",
                    "sourceAddressPrefix": "*",
                    "sourcePortRanges": [
                      "*"
                    ]
                  }
                ]
              }
            ]
          }
        }
      }
    },
    {
      "RequestUri": "https://batchd011246a.eastus.batch.azure.com/pools/batch_network_d011246a?api-version=2022-10-01.16.0",
      "RequestMethod": "GET",
      "RequestHeaders": {
        "Accept": "application/json",
        "Accept-Encoding": "gzip, deflate",
        "Connection": "keep-alive",
        "ocp-date": "Fri, 28 Apr 2023 22:22:57 GMT",
        "User-Agent": "azsdk-python-batch/14.0.0b Python/3.8.6 (Windows-10-10.0.22621-SP0)"
      },
      "RequestBody": null,
      "StatusCode": 200,
      "ResponseHeaders": {
        "Content-Type": "application/json; odata=minimalmetadata",
        "DataServiceVersion": "3.0",
        "Date": "Fri, 28 Apr 2023 22:22:56 GMT",
        "ETag": "0x8DB4836E221709B",
        "Last-Modified": "Fri, 28 Apr 2023 22:21:16 GMT",
        "request-id": "2142b2e0-09db-4034-9f79-4f59ddf79f1a",
        "Server": "Microsoft-HTTPAPI/2.0",
        "Strict-Transport-Security": "max-age=31536000; includeSubDomains",
        "Transfer-Encoding": "chunked",
        "X-Content-Type-Options": "nosniff"
      },
      "ResponseBody": {
        "odata.metadata": "https://batchd011246a.eastus.batch.azure.com/$metadata#pools/@Element",
        "id": "batch_network_d011246a",
        "url": "https://batchd011246a.eastus.batch.azure.com/pools/batch_network_d011246a",
        "eTag": "0x8DB4836E221709B",
        "lastModified": "2023-04-28T22:21:16.2333339Z",
        "creationTime": "2023-04-28T22:21:16.2333339Z",
        "state": "active",
        "stateTransitionTime": "2023-04-28T22:21:16.2333339Z",
        "allocationState": "resizing",
        "allocationStateTransitionTime": "2023-04-28T22:21:16.2333339Z",
        "vmSize": "standard_d2_v2",
        "resizeTimeout": "PT15M",
        "currentDedicatedNodes": 0,
        "targetDedicatedNodes": 1,
        "currentLowPriorityNodes": 0,
        "targetLowPriorityNodes": 0,
        "enableAutoScale": false,
        "enableInterNodeCommunication": false,
        "taskSlotsPerNode": 1,
        "taskSchedulingPolicy": {
          "nodeFillType": "Spread"
        },
        "virtualMachineConfiguration": {
          "imageReference": {
            "publisher": "Canonical",
            "offer": "UbuntuServer",
            "sku": "18.04-LTS",
            "version": "latest"
          },
          "nodeAgentSKUId": "batch.node.ubuntu 18.04",
          "extensions": [
            {
              "name": "secretext",
              "publisher": "Microsoft.Azure.KeyVault",
              "type": "KeyVaultForLinux",
              "typeHandlerVersion": "1.0",
              "autoUpgradeMinorVersion": true
            }
          ]
        },
        "networkConfiguration": {
          "dynamicVNetAssignmentScope": "none",
          "endpointConfiguration": {
            "inboundNATPools": [
              {
                "name": "TestEndpointConfig",
                "protocol": "udp",
                "backendPort": 64444,
                "frontendPortRangeStart": 60000,
                "frontendPortRangeEnd": 61000,
                "networkSecurityGroupRules": [
                  {
                    "priority": 150,
                    "access": "allow",
                    "sourceAddressPrefix": "*",
                    "sourcePortRanges": [
                      "*"
                    ]
                  }
                ]
              }
            ]
          }
        }
      }
    },
    {
      "RequestUri": "https://batchd011246a.eastus.batch.azure.com/pools/batch_network_d011246a?api-version=2022-10-01.16.0",
      "RequestMethod": "GET",
      "RequestHeaders": {
        "Accept": "application/json",
        "Accept-Encoding": "gzip, deflate",
        "Connection": "keep-alive",
        "ocp-date": "Fri, 28 Apr 2023 22:23:07 GMT",
        "User-Agent": "azsdk-python-batch/14.0.0b Python/3.8.6 (Windows-10-10.0.22621-SP0)"
      },
      "RequestBody": null,
      "StatusCode": 200,
      "ResponseHeaders": {
        "Content-Type": "application/json; odata=minimalmetadata",
        "DataServiceVersion": "3.0",
        "Date": "Fri, 28 Apr 2023 22:23:06 GMT",
        "ETag": "0x8DB4836E221709B",
        "Last-Modified": "Fri, 28 Apr 2023 22:21:16 GMT",
        "request-id": "4a0a01fe-d64b-489d-8171-6c239ae466cd",
        "Server": "Microsoft-HTTPAPI/2.0",
        "Strict-Transport-Security": "max-age=31536000; includeSubDomains",
        "Transfer-Encoding": "chunked",
        "X-Content-Type-Options": "nosniff"
      },
      "ResponseBody": {
        "odata.metadata": "https://batchd011246a.eastus.batch.azure.com/$metadata#pools/@Element",
        "id": "batch_network_d011246a",
        "url": "https://batchd011246a.eastus.batch.azure.com/pools/batch_network_d011246a",
        "eTag": "0x8DB4836E221709B",
        "lastModified": "2023-04-28T22:21:16.2333339Z",
        "creationTime": "2023-04-28T22:21:16.2333339Z",
        "state": "active",
        "stateTransitionTime": "2023-04-28T22:21:16.2333339Z",
        "allocationState": "resizing",
        "allocationStateTransitionTime": "2023-04-28T22:21:16.2333339Z",
        "vmSize": "standard_d2_v2",
        "resizeTimeout": "PT15M",
        "currentDedicatedNodes": 0,
        "targetDedicatedNodes": 1,
        "currentLowPriorityNodes": 0,
        "targetLowPriorityNodes": 0,
        "enableAutoScale": false,
        "enableInterNodeCommunication": false,
        "taskSlotsPerNode": 1,
        "taskSchedulingPolicy": {
          "nodeFillType": "Spread"
        },
        "virtualMachineConfiguration": {
          "imageReference": {
            "publisher": "Canonical",
            "offer": "UbuntuServer",
            "sku": "18.04-LTS",
            "version": "latest"
          },
          "nodeAgentSKUId": "batch.node.ubuntu 18.04",
          "extensions": [
            {
              "name": "secretext",
              "publisher": "Microsoft.Azure.KeyVault",
              "type": "KeyVaultForLinux",
              "typeHandlerVersion": "1.0",
              "autoUpgradeMinorVersion": true
            }
          ]
        },
        "networkConfiguration": {
          "dynamicVNetAssignmentScope": "none",
          "endpointConfiguration": {
            "inboundNATPools": [
              {
                "name": "TestEndpointConfig",
                "protocol": "udp",
                "backendPort": 64444,
                "frontendPortRangeStart": 60000,
                "frontendPortRangeEnd": 61000,
                "networkSecurityGroupRules": [
                  {
                    "priority": 150,
                    "access": "allow",
                    "sourceAddressPrefix": "*",
                    "sourcePortRanges": [
                      "*"
                    ]
                  }
                ]
              }
            ]
          }
        }
      }
    },
    {
      "RequestUri": "https://batchd011246a.eastus.batch.azure.com/pools/batch_network_d011246a?api-version=2022-10-01.16.0",
      "RequestMethod": "GET",
      "RequestHeaders": {
        "Accept": "application/json",
        "Accept-Encoding": "gzip, deflate",
        "Connection": "keep-alive",
        "ocp-date": "Fri, 28 Apr 2023 22:23:17 GMT",
        "User-Agent": "azsdk-python-batch/14.0.0b Python/3.8.6 (Windows-10-10.0.22621-SP0)"
      },
      "RequestBody": null,
      "StatusCode": 200,
      "ResponseHeaders": {
        "Content-Type": "application/json; odata=minimalmetadata",
        "DataServiceVersion": "3.0",
        "Date": "Fri, 28 Apr 2023 22:23:17 GMT",
        "ETag": "0x8DB4836E221709B",
        "Last-Modified": "Fri, 28 Apr 2023 22:21:16 GMT",
        "request-id": "809a5090-d818-4558-8361-648af26b8cf3",
        "Server": "Microsoft-HTTPAPI/2.0",
        "Strict-Transport-Security": "max-age=31536000; includeSubDomains",
        "Transfer-Encoding": "chunked",
        "X-Content-Type-Options": "nosniff"
      },
      "ResponseBody": {
        "odata.metadata": "https://batchd011246a.eastus.batch.azure.com/$metadata#pools/@Element",
        "id": "batch_network_d011246a",
        "url": "https://batchd011246a.eastus.batch.azure.com/pools/batch_network_d011246a",
        "eTag": "0x8DB4836E221709B",
        "lastModified": "2023-04-28T22:21:16.2333339Z",
        "creationTime": "2023-04-28T22:21:16.2333339Z",
        "state": "active",
        "stateTransitionTime": "2023-04-28T22:21:16.2333339Z",
        "allocationState": "resizing",
        "allocationStateTransitionTime": "2023-04-28T22:21:16.2333339Z",
        "vmSize": "standard_d2_v2",
        "resizeTimeout": "PT15M",
        "currentDedicatedNodes": 0,
        "targetDedicatedNodes": 1,
        "currentLowPriorityNodes": 0,
        "targetLowPriorityNodes": 0,
        "enableAutoScale": false,
        "enableInterNodeCommunication": false,
        "taskSlotsPerNode": 1,
        "taskSchedulingPolicy": {
          "nodeFillType": "Spread"
        },
        "virtualMachineConfiguration": {
          "imageReference": {
            "publisher": "Canonical",
            "offer": "UbuntuServer",
            "sku": "18.04-LTS",
            "version": "latest"
          },
          "nodeAgentSKUId": "batch.node.ubuntu 18.04",
          "extensions": [
            {
              "name": "secretext",
              "publisher": "Microsoft.Azure.KeyVault",
              "type": "KeyVaultForLinux",
              "typeHandlerVersion": "1.0",
              "autoUpgradeMinorVersion": true
            }
          ]
        },
        "networkConfiguration": {
          "dynamicVNetAssignmentScope": "none",
          "endpointConfiguration": {
            "inboundNATPools": [
              {
                "name": "TestEndpointConfig",
                "protocol": "udp",
                "backendPort": 64444,
                "frontendPortRangeStart": 60000,
                "frontendPortRangeEnd": 61000,
                "networkSecurityGroupRules": [
                  {
                    "priority": 150,
                    "access": "allow",
                    "sourceAddressPrefix": "*",
                    "sourcePortRanges": [
                      "*"
                    ]
                  }
                ]
              }
            ]
          }
        }
      }
    },
    {
      "RequestUri": "https://batchd011246a.eastus.batch.azure.com/pools/batch_network_d011246a?api-version=2022-10-01.16.0",
      "RequestMethod": "GET",
      "RequestHeaders": {
        "Accept": "application/json",
        "Accept-Encoding": "gzip, deflate",
        "Connection": "keep-alive",
        "ocp-date": "Fri, 28 Apr 2023 22:23:28 GMT",
        "User-Agent": "azsdk-python-batch/14.0.0b Python/3.8.6 (Windows-10-10.0.22621-SP0)"
      },
      "RequestBody": null,
      "StatusCode": 200,
      "ResponseHeaders": {
        "Content-Type": "application/json; odata=minimalmetadata",
        "DataServiceVersion": "3.0",
        "Date": "Fri, 28 Apr 2023 22:23:27 GMT",
        "ETag": "0x8DB4836E221709B",
        "Last-Modified": "Fri, 28 Apr 2023 22:21:16 GMT",
        "request-id": "439459ae-1647-4dca-afa8-842bf3c87cbd",
        "Server": "Microsoft-HTTPAPI/2.0",
        "Strict-Transport-Security": "max-age=31536000; includeSubDomains",
        "Transfer-Encoding": "chunked",
        "X-Content-Type-Options": "nosniff"
      },
      "ResponseBody": {
        "odata.metadata": "https://batchd011246a.eastus.batch.azure.com/$metadata#pools/@Element",
        "id": "batch_network_d011246a",
        "url": "https://batchd011246a.eastus.batch.azure.com/pools/batch_network_d011246a",
        "eTag": "0x8DB4836E221709B",
        "lastModified": "2023-04-28T22:21:16.2333339Z",
        "creationTime": "2023-04-28T22:21:16.2333339Z",
        "state": "active",
        "stateTransitionTime": "2023-04-28T22:21:16.2333339Z",
        "allocationState": "resizing",
        "allocationStateTransitionTime": "2023-04-28T22:21:16.2333339Z",
        "vmSize": "standard_d2_v2",
        "resizeTimeout": "PT15M",
        "currentDedicatedNodes": 0,
        "targetDedicatedNodes": 1,
        "currentLowPriorityNodes": 0,
        "targetLowPriorityNodes": 0,
        "enableAutoScale": false,
        "enableInterNodeCommunication": false,
        "taskSlotsPerNode": 1,
        "taskSchedulingPolicy": {
          "nodeFillType": "Spread"
        },
        "virtualMachineConfiguration": {
          "imageReference": {
            "publisher": "Canonical",
            "offer": "UbuntuServer",
            "sku": "18.04-LTS",
            "version": "latest"
          },
          "nodeAgentSKUId": "batch.node.ubuntu 18.04",
          "extensions": [
            {
              "name": "secretext",
              "publisher": "Microsoft.Azure.KeyVault",
              "type": "KeyVaultForLinux",
              "typeHandlerVersion": "1.0",
              "autoUpgradeMinorVersion": true
            }
          ]
        },
        "networkConfiguration": {
          "dynamicVNetAssignmentScope": "none",
          "endpointConfiguration": {
            "inboundNATPools": [
              {
                "name": "TestEndpointConfig",
                "protocol": "udp",
                "backendPort": 64444,
                "frontendPortRangeStart": 60000,
                "frontendPortRangeEnd": 61000,
                "networkSecurityGroupRules": [
                  {
                    "priority": 150,
                    "access": "allow",
                    "sourceAddressPrefix": "*",
                    "sourcePortRanges": [
                      "*"
                    ]
                  }
                ]
              }
            ]
          }
        }
      }
    },
    {
      "RequestUri": "https://batchd011246a.eastus.batch.azure.com/pools/batch_network_d011246a?api-version=2022-10-01.16.0",
      "RequestMethod": "GET",
      "RequestHeaders": {
        "Accept": "application/json",
        "Accept-Encoding": "gzip, deflate",
        "Connection": "keep-alive",
        "ocp-date": "Fri, 28 Apr 2023 22:23:38 GMT",
        "User-Agent": "azsdk-python-batch/14.0.0b Python/3.8.6 (Windows-10-10.0.22621-SP0)"
      },
      "RequestBody": null,
      "StatusCode": 200,
      "ResponseHeaders": {
        "Content-Type": "application/json; odata=minimalmetadata",
        "DataServiceVersion": "3.0",
        "Date": "Fri, 28 Apr 2023 22:23:37 GMT",
        "ETag": "0x8DB4836E221709B",
        "Last-Modified": "Fri, 28 Apr 2023 22:21:16 GMT",
        "request-id": "92e6ce2f-6897-4418-9df5-dd54b346b78d",
        "Server": "Microsoft-HTTPAPI/2.0",
        "Strict-Transport-Security": "max-age=31536000; includeSubDomains",
        "Transfer-Encoding": "chunked",
        "X-Content-Type-Options": "nosniff"
      },
      "ResponseBody": {
        "odata.metadata": "https://batchd011246a.eastus.batch.azure.com/$metadata#pools/@Element",
        "id": "batch_network_d011246a",
        "url": "https://batchd011246a.eastus.batch.azure.com/pools/batch_network_d011246a",
        "eTag": "0x8DB4836E221709B",
        "lastModified": "2023-04-28T22:21:16.2333339Z",
        "creationTime": "2023-04-28T22:21:16.2333339Z",
        "state": "active",
        "stateTransitionTime": "2023-04-28T22:21:16.2333339Z",
        "allocationState": "resizing",
        "allocationStateTransitionTime": "2023-04-28T22:21:16.2333339Z",
        "vmSize": "standard_d2_v2",
        "resizeTimeout": "PT15M",
        "currentDedicatedNodes": 0,
        "targetDedicatedNodes": 1,
        "currentLowPriorityNodes": 0,
        "targetLowPriorityNodes": 0,
        "enableAutoScale": false,
        "enableInterNodeCommunication": false,
        "taskSlotsPerNode": 1,
        "taskSchedulingPolicy": {
          "nodeFillType": "Spread"
        },
        "virtualMachineConfiguration": {
          "imageReference": {
            "publisher": "Canonical",
            "offer": "UbuntuServer",
            "sku": "18.04-LTS",
            "version": "latest"
          },
          "nodeAgentSKUId": "batch.node.ubuntu 18.04",
          "extensions": [
            {
              "name": "secretext",
              "publisher": "Microsoft.Azure.KeyVault",
              "type": "KeyVaultForLinux",
              "typeHandlerVersion": "1.0",
              "autoUpgradeMinorVersion": true
            }
          ]
        },
        "networkConfiguration": {
          "dynamicVNetAssignmentScope": "none",
          "endpointConfiguration": {
            "inboundNATPools": [
              {
                "name": "TestEndpointConfig",
                "protocol": "udp",
                "backendPort": 64444,
                "frontendPortRangeStart": 60000,
                "frontendPortRangeEnd": 61000,
                "networkSecurityGroupRules": [
                  {
                    "priority": 150,
                    "access": "allow",
                    "sourceAddressPrefix": "*",
                    "sourcePortRanges": [
                      "*"
                    ]
                  }
                ]
              }
            ]
          }
        }
      }
    },
    {
      "RequestUri": "https://batchd011246a.eastus.batch.azure.com/pools/batch_network_d011246a?api-version=2022-10-01.16.0",
      "RequestMethod": "GET",
      "RequestHeaders": {
        "Accept": "application/json",
        "Accept-Encoding": "gzip, deflate",
        "Connection": "keep-alive",
        "ocp-date": "Fri, 28 Apr 2023 22:23:48 GMT",
        "User-Agent": "azsdk-python-batch/14.0.0b Python/3.8.6 (Windows-10-10.0.22621-SP0)"
      },
      "RequestBody": null,
      "StatusCode": 200,
      "ResponseHeaders": {
        "Content-Type": "application/json; odata=minimalmetadata",
        "DataServiceVersion": "3.0",
        "Date": "Fri, 28 Apr 2023 22:23:47 GMT",
        "ETag": "0x8DB4836E221709B",
        "Last-Modified": "Fri, 28 Apr 2023 22:21:16 GMT",
        "request-id": "980d276f-d63a-4e9a-ab85-8d474aae197b",
        "Server": "Microsoft-HTTPAPI/2.0",
        "Strict-Transport-Security": "max-age=31536000; includeSubDomains",
        "Transfer-Encoding": "chunked",
        "X-Content-Type-Options": "nosniff"
      },
      "ResponseBody": {
        "odata.metadata": "https://batchd011246a.eastus.batch.azure.com/$metadata#pools/@Element",
        "id": "batch_network_d011246a",
        "url": "https://batchd011246a.eastus.batch.azure.com/pools/batch_network_d011246a",
        "eTag": "0x8DB4836E221709B",
        "lastModified": "2023-04-28T22:21:16.2333339Z",
        "creationTime": "2023-04-28T22:21:16.2333339Z",
        "state": "active",
        "stateTransitionTime": "2023-04-28T22:21:16.2333339Z",
        "allocationState": "resizing",
        "allocationStateTransitionTime": "2023-04-28T22:21:16.2333339Z",
        "vmSize": "standard_d2_v2",
        "resizeTimeout": "PT15M",
        "currentDedicatedNodes": 0,
        "targetDedicatedNodes": 1,
        "currentLowPriorityNodes": 0,
        "targetLowPriorityNodes": 0,
        "enableAutoScale": false,
        "enableInterNodeCommunication": false,
        "taskSlotsPerNode": 1,
        "taskSchedulingPolicy": {
          "nodeFillType": "Spread"
        },
        "virtualMachineConfiguration": {
          "imageReference": {
            "publisher": "Canonical",
            "offer": "UbuntuServer",
            "sku": "18.04-LTS",
            "version": "latest"
          },
          "nodeAgentSKUId": "batch.node.ubuntu 18.04",
          "extensions": [
            {
              "name": "secretext",
              "publisher": "Microsoft.Azure.KeyVault",
              "type": "KeyVaultForLinux",
              "typeHandlerVersion": "1.0",
              "autoUpgradeMinorVersion": true
            }
          ]
        },
        "networkConfiguration": {
          "dynamicVNetAssignmentScope": "none",
          "endpointConfiguration": {
            "inboundNATPools": [
              {
                "name": "TestEndpointConfig",
                "protocol": "udp",
                "backendPort": 64444,
                "frontendPortRangeStart": 60000,
                "frontendPortRangeEnd": 61000,
                "networkSecurityGroupRules": [
                  {
                    "priority": 150,
                    "access": "allow",
                    "sourceAddressPrefix": "*",
                    "sourcePortRanges": [
                      "*"
                    ]
                  }
                ]
              }
            ]
          }
        }
      }
    },
    {
      "RequestUri": "https://batchd011246a.eastus.batch.azure.com/pools/batch_network_d011246a?api-version=2022-10-01.16.0",
      "RequestMethod": "GET",
      "RequestHeaders": {
        "Accept": "application/json",
        "Accept-Encoding": "gzip, deflate",
        "Connection": "keep-alive",
        "ocp-date": "Fri, 28 Apr 2023 22:23:58 GMT",
        "User-Agent": "azsdk-python-batch/14.0.0b Python/3.8.6 (Windows-10-10.0.22621-SP0)"
      },
      "RequestBody": null,
      "StatusCode": 200,
      "ResponseHeaders": {
        "Content-Type": "application/json; odata=minimalmetadata",
        "DataServiceVersion": "3.0",
        "Date": "Fri, 28 Apr 2023 22:23:57 GMT",
        "ETag": "0x8DB4836E221709B",
        "Last-Modified": "Fri, 28 Apr 2023 22:21:16 GMT",
        "request-id": "a5d7ab89-2ee1-482b-a11e-2bf2fd847e9c",
        "Server": "Microsoft-HTTPAPI/2.0",
        "Strict-Transport-Security": "max-age=31536000; includeSubDomains",
        "Transfer-Encoding": "chunked",
        "X-Content-Type-Options": "nosniff"
      },
      "ResponseBody": {
        "odata.metadata": "https://batchd011246a.eastus.batch.azure.com/$metadata#pools/@Element",
        "id": "batch_network_d011246a",
        "url": "https://batchd011246a.eastus.batch.azure.com/pools/batch_network_d011246a",
        "eTag": "0x8DB4836E221709B",
        "lastModified": "2023-04-28T22:21:16.2333339Z",
        "creationTime": "2023-04-28T22:21:16.2333339Z",
        "state": "active",
        "stateTransitionTime": "2023-04-28T22:21:16.2333339Z",
        "allocationState": "steady",
        "allocationStateTransitionTime": "2023-04-28T22:23:51.7944449Z",
        "vmSize": "standard_d2_v2",
        "resizeTimeout": "PT15M",
        "currentDedicatedNodes": 1,
        "targetDedicatedNodes": 1,
        "currentLowPriorityNodes": 0,
        "targetLowPriorityNodes": 0,
        "enableAutoScale": false,
        "enableInterNodeCommunication": false,
        "taskSlotsPerNode": 1,
        "taskSchedulingPolicy": {
          "nodeFillType": "Spread"
        },
        "virtualMachineConfiguration": {
          "imageReference": {
            "publisher": "Canonical",
            "offer": "UbuntuServer",
            "sku": "18.04-LTS",
            "version": "latest"
          },
          "nodeAgentSKUId": "batch.node.ubuntu 18.04",
          "extensions": [
            {
              "name": "secretext",
              "publisher": "Microsoft.Azure.KeyVault",
              "type": "KeyVaultForLinux",
              "typeHandlerVersion": "1.0",
              "autoUpgradeMinorVersion": true
            }
          ]
        },
        "networkConfiguration": {
          "dynamicVNetAssignmentScope": "none",
          "endpointConfiguration": {
            "inboundNATPools": [
              {
                "name": "TestEndpointConfig",
                "protocol": "udp",
                "backendPort": 64444,
                "frontendPortRangeStart": 60000,
                "frontendPortRangeEnd": 61000,
                "networkSecurityGroupRules": [
                  {
                    "priority": 150,
                    "access": "allow",
                    "sourceAddressPrefix": "*",
                    "sourcePortRanges": [
                      "*"
                    ]
                  }
                ]
              }
            ]
          }
        },
        "currentNodeCommunicationMode": "classic"
      }
    },
    {
      "RequestUri": "https://batchd011246a.eastus.batch.azure.com/pools/batch_network_d011246a/nodes?api-version=2022-10-01.16.0",
      "RequestMethod": "GET",
      "RequestHeaders": {
        "Accept": "application/json",
        "Accept-Encoding": "gzip, deflate",
        "Connection": "keep-alive",
        "ocp-date": "Fri, 28 Apr 2023 22:23:58 GMT",
        "User-Agent": "azsdk-python-batch/14.0.0b Python/3.8.6 (Windows-10-10.0.22621-SP0)"
      },
      "RequestBody": null,
      "StatusCode": 200,
      "ResponseHeaders": {
        "Content-Type": "application/json; odata=minimalmetadata",
        "DataServiceVersion": "3.0",
        "Date": "Fri, 28 Apr 2023 22:23:57 GMT",
        "request-id": "bb818cdb-79dd-4c77-aa3f-efd61c07bab5",
        "Server": "Microsoft-HTTPAPI/2.0",
        "Strict-Transport-Security": "max-age=31536000; includeSubDomains",
        "Transfer-Encoding": "chunked",
        "X-Content-Type-Options": "nosniff"
      },
      "ResponseBody": {
        "odata.metadata": "https://batchd011246a.eastus.batch.azure.com/$metadata#nodes",
        "value": [
          {
            "id": "tvmps_35b4f05e9c8364267b4ca1572d12e226da5e2112017baaeaf4a7a15edda98568_d",
            "url": "https://batchd011246a.eastus.batch.azure.com/pools/batch_network_d011246a/nodes/tvmps_35b4f05e9c8364267b4ca1572d12e226da5e2112017baaeaf4a7a15edda98568_d",
            "state": "creating",
            "schedulingState": "enabled",
            "stateTransitionTime": "2023-04-28T22:23:51.0414349Z",
            "allocationTime": "2023-04-28T22:23:51.0414349Z",
            "ipAddress": "10.0.0.4",
            "affinityId": "TVM:tvmps_35b4f05e9c8364267b4ca1572d12e226da5e2112017baaeaf4a7a15edda98568_d",
            "vmSize": "standard_d2_v2",
            "totalTasksRun": 0,
            "totalTasksSucceeded": 0,
            "runningTasksCount": 0,
            "runningTaskSlotsCount": 0,
            "isDedicated": true,
            "endpointConfiguration": {
              "inboundEndpoints": [
                {
                  "name": "TestEndpointConfig.0",
                  "protocol": "udp",
                  "publicIPAddress": "20.241.163.179",
                  "publicFQDN": "dns8eedf841-59cb-47f2-b21c-4f71aa35a6f3-azurebatch-cloudservice.eastus.cloudapp.azure.com",
                  "frontendPort": 60000,
                  "backendPort": 64444
                },
                {
                  "name": "SSHRule.0",
                  "protocol": "tcp",
                  "publicIPAddress": "20.241.163.179",
                  "publicFQDN": "dns8eedf841-59cb-47f2-b21c-4f71aa35a6f3-azurebatch-cloudservice.eastus.cloudapp.azure.com",
                  "frontendPort": 50000,
                  "backendPort": 22
                }
              ]
            },
            "virtualMachineInfo": {
              "imageReference": {
                "publisher": "Canonical",
                "offer": "UbuntuServer",
                "sku": "18.04-LTS",
                "version": "latest",
                "exactVersion": "18.04.202304260"
              }
            }
          }
        ]
      }
    },
    {
      "RequestUri": "https://batchd011246a.eastus.batch.azure.com/pools/batch_network_d011246a/nodes/tvmps_35b4f05e9c8364267b4ca1572d12e226da5e2112017baaeaf4a7a15edda98568_d/extensions?api-version=2022-10-01.16.0",
      "RequestMethod": "GET",
      "RequestHeaders": {
        "Accept": "application/json",
        "Accept-Encoding": "gzip, deflate",
        "Connection": "keep-alive",
        "ocp-date": "Fri, 28 Apr 2023 22:23:58 GMT",
        "User-Agent": "azsdk-python-batch/14.0.0b Python/3.8.6 (Windows-10-10.0.22621-SP0)"
      },
      "RequestBody": null,
      "StatusCode": 200,
      "ResponseHeaders": {
        "Content-Type": "application/json; odata=minimalmetadata",
        "DataServiceVersion": "3.0",
        "Date": "Fri, 28 Apr 2023 22:23:58 GMT",
        "request-id": "a9513586-8acb-4e3e-838b-6ade88410248",
        "Server": "Microsoft-HTTPAPI/2.0",
        "Strict-Transport-Security": "max-age=31536000; includeSubDomains",
        "Transfer-Encoding": "chunked",
        "X-Content-Type-Options": "nosniff"
      },
      "ResponseBody": {
        "odata.metadata": "https://batchd011246a.eastus.batch.azure.com/$metadata#extensions",
        "value": [
          {
            "provisioningState": "Succeeded",
            "instanceView": {
              "name": "batchNodeExtension",
              "statuses": [
                {
                  "code": "ProvisioningState/succeeded",
                  "level": 0,
                  "displayStatus": "Provisioning succeeded",
                  "message": "Enable succeeded: \n[stdout]\nion\u0022,\u0022value\u0022:\u002222EEE03F1BFE9ADD\u0022},{\u0022name\u0022:\u0022FQPoolName\u0022,\u0022value\u0022:\u0022batchd011246a 22EEE03F1BFE9ADD$batch_network_d011246a 01D97A1FBFAA495A\u0022},{\u0022name\u0022:\u0022IsContainerPool\u0022,\u0022value\u0022:\u0022False\u0022},{\u0022name\u0022:\u0022IsCustomImage\u0022,\u0022value\u0022:\u0022False\u0022},{\u0022name\u0022:\u0022IsUsingManagedDisks\u0022,\u0022value\u0022:\u0022True\u0022},{\u0022name\u0022:\u0022NodeAgentSku\u0022,\u0022value\u0022:\u0022batch.node.ubuntu 18.04\u0022},{\u0022name\u0022:\u0022OverProvisionedOnCreate\u0022,\u0022value\u0022:\u0022False\u0022},{\u0022name\u0022:\u0022PoolName\u0022,\u0022value\u0022:\u0022batch_network_d011246a\u0022}],\u0022version\u0022:\u002218.04.202304260\u0022,\u0022vmId\u0022:\u002224189eea-af00-4873-aa94-d84c5b250b06\u0022,\u0022vmScaleSetName\u0022:\u00228eedf841-59cb-47f2-b21c-4f71aa35a6f3-AzureBatch-Deployment\u0022,\u0022vmSize\u0022:\u0022Standard_D2_v2\u0022,\u0022zone\u0022:\u0022\u0022}\n2023-04-28T22:22:20,325409200\u002B00:00 - Checking sshd status\n2023-04-28T22:22:20,338986600\u002B00:00 - \u25CF ssh.service - OpenBSD Secure Shell server\n   Loaded: loaded (/lib/systemd/system/ssh.service; enabled; vendor preset: enabled)\n   Active: active (running) since Fri 2023-04-28 22:22:17 UTC; 2s ago\n  Process: 1688 ExecStartPre=/usr/sbin/sshd -t (code=exited, status=0/SUCCESS)\n Main PID: 1699 (sshd)\n    Tasks: 1 (limit: 4915)\n   CGroup: /system.slice/ssh.service\n           \u2514\u25001699 /usr/sbin/sshd -D\n\nApr 28 22:22:17 f7afdfa48eca4c0a8d56281648ca4f02000000 systemd[1]: Starting OpenBSD Secure Shell server...\nApr 28 22:22:17 f7afdfa48eca4c0a8d56281648ca4f02000000 sshd[1699]: Server listening on 0.0.0.0 port 22.\nApr 28 22:22:17 f7afdfa48eca4c0a8d56281648ca4f02000000 sshd[1699]: Server listening on :: port 22.\nApr 28 22:22:17 f7afdfa48eca4c0a8d56281648ca4f02000000 systemd[1]: Started OpenBSD Secure Shell server.\nMaking outbound network request to https://batchd011246a.eastus.batch.azure.com/nodecounts2023-04-28T22:22:20,344275200\u002B00:00 - Waiting for temp mountpoint\n2023-04-28T22:22:20,362982500\u002B00:00 - Ephemeral disk discovered as /dev/sdb\n2023-04-28T22:22:20,371524600\u002B00:00 - /dev/sdb1 8:17 0 100G 0 part /mnt\nResponse: StatusCode=400ID_FS_TYPE=ext4\n2023-04-28T22:22:20,406781700\u002B00:00 - /mnt mounted\n2023-04-28T22:22:20,412727200\u002B00:00 - version=1.9.43 vmsize=STANDARD_D2_V2 distid=ubuntu distrel=18.04 packager=dpkg startup=systemd ephemeral=/dev/sdb1 encrypted=0 usermnt=/mnt rootdir=/opt/batch custom=0 docker=0 pooltp=F0A475389B5B76A8B5D1A50D226F985652D96C13 ssltp=E4A4AD39959FE444F6DC7D984E8DF68A6CE16B95 sslcatp=2E8B072BE523AC34E79A4502433A44E5460EDAC0\n2023-04-28T22:22:20,436832500\u002B00:00 - Extracting build packages and copying to locations, tar=/bin/tar\n2023-04-28T22:22:21,692514500\u002B00:00 - Constructing certificates for agent\n2023-04-28T22:22:21,716484400\u002B00:00 - Injecting system service configuration\n2023-04-28T22:22:21,733268500\u002B00:00 - Disabling firewall\n2023-04-28T22:22:21,744689100\u002B00:00 - Checking RDMA devices availability\n2023-04-28T22:22:21,763660400\u002B00:00 - Enabling and starting agent and controller\n2023-04-28T22:22:22,405372800\u002B00:00 - \u25CF azbatch-controller.service - Azure Batch Node Controller\n   Loaded: loaded (/lib/systemd/system/azbatch-controller.service; enabled; vendor preset: enabled)\n   Active: active (running) since Fri 2023-04-28 22:22:22 UTC; 20ms ago\n Main PID: 2219 (start_node_serv)\n    Tasks: 1 (limit: 4915)\n   CGroup: /system.slice/azbatch-controller.service\n           \u2514\u25002219 /usr/bin/env bash /opt/batch/bin/start_node_service.sh -e controller -r /opt/batch -u /mnt\n\nApr 28 22:22:22 f7afdfa48eca4c0a8d56281648ca4f02000000 systemd[1]: Started Azure Batch Node Controller.\n2023-04-28T22:22:22,426543100\u002B00:00 - \u25CF azbatch-agent.service - Azure Batch Node Agent\n   Loaded: loaded (/lib/systemd/system/azbatch-agent.service; enabled; vendor preset: enabled)\n   Active: active (running) since Fri 2023-04-28 22:22:22 UTC; 29ms ago\n Main PID: 2229 (bash)\n    Tasks: 7\n   CGroup: /system.slice/azbatch-agent.service\n           \u251C\u25002229 bash /opt/batch/bin/start_node_service.sh -e agent -r /opt/batch -u /mnt\n           \u2514\u25002240 /opt/batch/bin/bootdiag -getInstanceMetadata\n\nApr 28 22:22:22 f7afdfa48eca4c0a8d56281648ca4f02000000 systemd[1]: Started Azure Batch Node Agent.\n2023-04-28T22:22:22,435400100\u002B00:00 - Waiting on outbound network probe, pid=1917\n2023-04-28T22:22:22,445829100\u002B00:00 - bootstrap.sh end\n\n[stderr]\ngroupdel: group \u0027tvmuser\u0027 does not exist\nsed: can\u0027t read /etc/sudoers.d/waagent: No such file or directory\nFailed to stop azbatch-agent.service: Unit azbatch-agent.service not loaded.\nFailed to stop azbatch-controller.service: Unit azbatch-controller.service not loaded.\nstat: cannot stat \u0027/dev/infiniband/uverbs0\u0027: No such file or directory\nCreated symlink /etc/systemd/system/multi-user.target.wants/azbatch-controller.service \u2192 /lib/systemd/system/azbatch-controller.service.\nCreated symlink /etc/systemd/system/multi-user.target.wants/azbatch-agent.service \u2192 /lib/systemd/system/azbatch-agent.service.\n"
                }
              ]
            },
            "vmExtension": {
              "name": "batchNodeExtension",
              "publisher": "Microsoft.Azure.Extensions",
              "type": "CustomScript",
              "typeHandlerVersion": "2.0",
              "autoUpgradeMinorVersion": true
            }
          },
          {
            "provisioningState": "Succeeded",
            "instanceView": {
              "name": "secretext",
              "statuses": [
                {
                  "code": "ProvisioningState/succeeded",
                  "level": 0,
                  "displayStatus": "Provisioning succeeded",
                  "message": "Plugin enabled"
                }
              ]
            },
            "vmExtension": {
              "name": "secretext",
              "publisher": "Microsoft.Azure.KeyVault",
              "type": "KeyVaultForLinux",
              "typeHandlerVersion": "1.0",
              "autoUpgradeMinorVersion": true
            }
          }
        ]
      }
    },
    {
      "RequestUri": "https://batchd011246a.eastus.batch.azure.com/pools/batch_network_d011246a/nodes/tvmps_35b4f05e9c8364267b4ca1572d12e226da5e2112017baaeaf4a7a15edda98568_d/extensions/secretext?api-version=2022-10-01.16.0",
      "RequestMethod": "GET",
      "RequestHeaders": {
        "Accept": "application/json",
        "Accept-Encoding": "gzip, deflate",
        "Connection": "keep-alive",
        "ocp-date": "Fri, 28 Apr 2023 22:23:59 GMT",
        "User-Agent": "azsdk-python-batch/14.0.0b Python/3.8.6 (Windows-10-10.0.22621-SP0)"
      },
      "RequestBody": null,
      "StatusCode": 200,
      "ResponseHeaders": {
        "Content-Type": "application/json; odata=minimalmetadata",
        "DataServiceVersion": "3.0",
        "Date": "Fri, 28 Apr 2023 22:23:58 GMT",
        "request-id": "fa5099e2-716c-4c3a-a1fc-08baba3c9fde",
        "Server": "Microsoft-HTTPAPI/2.0",
        "Strict-Transport-Security": "max-age=31536000; includeSubDomains",
        "Transfer-Encoding": "chunked",
        "X-Content-Type-Options": "nosniff"
      },
      "ResponseBody": {
        "odata.metadata": "https://batchd011246a.eastus.batch.azure.com/$metadata#extensions/@Element",
        "provisioningState": "Succeeded",
        "instanceView": {
          "name": "secretext",
          "statuses": [
            {
              "code": "ProvisioningState/succeeded",
              "level": 0,
              "displayStatus": "Provisioning succeeded",
              "message": "Plugin enabled"
            }
          ]
        },
        "vmExtension": {
          "name": "secretext",
          "publisher": "Microsoft.Azure.KeyVault",
          "type": "KeyVaultForLinux",
          "typeHandlerVersion": "1.0",
          "autoUpgradeMinorVersion": true
        }
      }
    }
  ],
  "Variables": {}
}
