interactions:
- request:
    body: '{"routes": []}'
    headers:
      Accept:
      - application/json
      Content-Length:
      - '14'
      Content-Type:
      - application/merge-patch+json
      User-Agent:
      - azsdk-python-communication-phonenumbers/1.1.0b3 Python/3.10.0 (Windows-10-10.0.22621-SP0)
      x-ms-date:
      - Tue, 06 Dec 2022 10:30:15 GMT
      x-ms-return-client-request-id:
      - 'true'
    method: PATCH
    uri: https://sanitized.communication.azure.com/sip?api-version=2021-05-01-preview
  response:
    body:
      string: '{"trunks":{"sbs1.a87d97ef4684462e9aa10031e59417fd.com":{"sipSignalingPort":1122},"sbs2.a87d97ef4684462e9aa10031e59417fd.com":{"sipSignalingPort":1123}},"routes":[]}'
    headers:
      api-supported-versions: 2021-05-01-preview, 2022-09-01-preview
      content-type: application/json; charset=utf-8
      date: Tue, 06 Dec 2022 10:30:02 GMT
      ms-cv: d0wttrrndEqucpI6oM9QJQ.0
      strict-transport-security: max-age=2592000
      transfer-encoding: chunked
      x-cache: CONFIG_NOCACHE
      x-processing-time: 329ms
    status:
      code: 200
      message: OK
    url: https://sanitized.communication.azure.com/sip?api-version=2021-05-01-preview
- request:
    body: ''
    headers:
      Accept:
      - application/json
      User-Agent:
      - azsdk-python-communication-phonenumbers/1.1.0b3 Python/3.10.0 (Windows-10-10.0.22621-SP0)
      x-ms-date:
      - Tue, 06 Dec 2022 10:30:16 GMT
      x-ms-return-client-request-id:
      - 'true'
    method: GET
    uri: https://sanitized.communication.azure.com/sip?api-version=2021-05-01-preview
  response:
    body:
      string: '{"trunks":{"sbs1.a87d97ef4684462e9aa10031e59417fd.com":{"sipSignalingPort":1122},"sbs2.a87d97ef4684462e9aa10031e59417fd.com":{"sipSignalingPort":1123}},"routes":[]}'
    headers:
      api-supported-versions: 2021-05-01-preview, 2022-09-01-preview
      content-type: application/json; charset=utf-8
      date: Tue, 06 Dec 2022 10:30:02 GMT
      ms-cv: IZZpnNLcJEiTEn+t4n7UJw.0
      strict-transport-security: max-age=2592000
      transfer-encoding: chunked
      x-cache: CONFIG_NOCACHE
      x-processing-time: 77ms
    status:
      code: 200
      message: OK
    url: https://sanitized.communication.azure.com/sip?api-version=2021-05-01-preview
- request:
    body: '{"trunks": {"sbs1.sanitized.com": {"sipSignalingPort": 1122}, "sbs2.sanitized.com":
      {"sipSignalingPort": 1123}, "sbs1.a87d97ef4684462e9aa10031e59417fd.com": null,
      "sbs2.a87d97ef4684462e9aa10031e59417fd.com": null}}'
    headers:
      Accept:
      - application/json
      Content-Length:
      - '260'
      Content-Type:
      - application/merge-patch+json
      User-Agent:
      - azsdk-python-communication-phonenumbers/1.1.0b3 Python/3.10.0 (Windows-10-10.0.22621-SP0)
      x-ms-date:
      - Tue, 06 Dec 2022 10:30:16 GMT
      x-ms-return-client-request-id:
      - 'true'
    method: PATCH
    uri: https://sanitized.communication.azure.com/sip?api-version=2021-05-01-preview
  response:
    body:
      string: '{"trunks":{"sbs1.sanitized.com":{"sipSignalingPort":1122},"sbs2.sanitized.com":{"sipSignalingPort":1123}},"routes":[]}'
    headers:
      api-supported-versions: 2021-05-01-preview, 2022-09-01-preview
      content-type: application/json; charset=utf-8
      date: Tue, 06 Dec 2022 10:30:02 GMT
      ms-cv: kYXVjdVocUufdSMRpJjOgg.0
      strict-transport-security: max-age=2592000
      transfer-encoding: chunked
      x-cache: CONFIG_NOCACHE
      x-processing-time: 301ms
    status:
      code: 200
      message: OK
    url: https://sanitized.communication.azure.com/sip?api-version=2021-05-01-preview
- request:
    body: '{"trunks": {"sbs3.sanitized.com": {"sipSignalingPort": 2222}}}'
    headers:
      Accept:
      - application/json
      Content-Length:
      - '85'
      Content-Type:
      - application/merge-patch+json
      User-Agent:
      - azsdk-python-communication-phonenumbers/1.1.0b3 Python/3.10.0 (Windows-10-10.0.22621-SP0)
      x-ms-date:
      - Tue, 06 Dec 2022 10:30:16 GMT
      x-ms-return-client-request-id:
      - 'true'
    method: PATCH
    uri: https://sanitized.communication.azure.com/sip?api-version=2021-05-01-preview
  response:
    body:
      string: '{"trunks":{"sbs1.sanitized.com":{"sipSignalingPort":1122},"sbs2.sanitized.com":{"sipSignalingPort":1123},"sbs3.sanitized.com":{"sipSignalingPort":2222}},"routes":[]}'
    headers:
      api-supported-versions: 2021-05-01-preview, 2022-09-01-preview
      content-type: application/json; charset=utf-8
      date: Tue, 06 Dec 2022 10:30:03 GMT
      ms-cv: u6ANEx43DE6GrJ6i0fczKA.0
      strict-transport-security: max-age=2592000
      transfer-encoding: chunked
      x-cache: CONFIG_NOCACHE
      x-processing-time: 245ms
    status:
      code: 200
      message: OK
    url: https://sanitized.communication.azure.com/sip?api-version=2021-05-01-preview
- request:
    body: ''
    headers:
      Accept:
      - application/json
      User-Agent:
      - azsdk-python-communication-phonenumbers/1.1.0b3 Python/3.10.0 (Windows-10-10.0.22621-SP0)
      x-ms-date:
      - Tue, 06 Dec 2022 10:30:17 GMT
      x-ms-return-client-request-id:
      - 'true'
    method: GET
    uri: https://sanitized.communication.azure.com/sip?api-version=2021-05-01-preview
  response:
    body:
      string: '{"trunks":{"sbs1.sanitized.com":{"sipSignalingPort":1122},"sbs2.sanitized.com":{"sipSignalingPort":1123},"sbs3.sanitized.com":{"sipSignalingPort":2222}},"routes":[]}'
    headers:
      api-supported-versions: 2021-05-01-preview, 2022-09-01-preview
      content-type: application/json; charset=utf-8
      date: Tue, 06 Dec 2022 10:30:03 GMT
      ms-cv: 1cYybcf/+k+aYMvZe63aIQ.0
      strict-transport-security: max-age=2592000
      transfer-encoding: chunked
      x-cache: CONFIG_NOCACHE
      x-processing-time: 78ms
    status:
      code: 200
      message: OK
    url: https://sanitized.communication.azure.com/sip?api-version=2021-05-01-preview
version: 1
