interactions:
- request:
    body: '{"routes": []}'
    headers:
      Accept:
      - application/json
      Accept-Encoding:
      - gzip, deflate
      Connection:
      - keep-alive
      Content-Length:
      - '14'
      Content-Type:
      - application/merge-patch+json
      User-Agent:
      - azsdk-python-communication-phonenumbers/1.1.0b3 Python/3.10.0 (Windows-10-10.0.22621-SP0)
      x-ms-date:
      - Wed, 09 Nov 2022 10:46:02 GMT
      x-ms-return-client-request-id:
      - 'true'
    method: PATCH
    uri: https://sanitized.communication.azure.com/sip?api-version=2021-05-01-preview
  response:
    body:
      string: '{"trunks":{"sbs1.0d6643317d3b45bb8435d73cc67e025a.com":{"sipSignalingPort":1122},"sbs2.0d6643317d3b45bb8435d73cc67e025a.com":{"sipSignalingPort":1123},"sbs3.0d6643317d3b45bb8435d73cc67e025a.com":{"sipSignalingPort":2222}},"routes":[]}'
    headers:
      api-supported-versions:
      - 2021-05-01-preview, 2022-09-01-preview
      content-type:
      - application/json; charset=utf-8
      date:
      - Wed, 09 Nov 2022 10:46:01 GMT
      ms-cv:
      - 3uWgjNs4fU2/GG1K89Cp2g.0
      strict-transport-security:
      - max-age=2592000
      transfer-encoding:
      - chunked
      x-cache:
      - CONFIG_NOCACHE
      x-processing-time:
      - 310ms
    status:
      code: 200
      message: OK
- request:
    body: null
    headers:
      Accept:
      - application/json
      Accept-Encoding:
      - gzip, deflate
      Connection:
      - keep-alive
      User-Agent:
      - azsdk-python-communication-phonenumbers/1.1.0b3 Python/3.10.0 (Windows-10-10.0.22621-SP0)
      x-ms-date:
      - Wed, 09 Nov 2022 10:46:03 GMT
      x-ms-return-client-request-id:
      - 'true'
    method: GET
    uri: https://sanitized.communication.azure.com/sip?api-version=2021-05-01-preview
  response:
    body:
      string: '{"trunks":{"sbs1.0d6643317d3b45bb8435d73cc67e025a.com":{"sipSignalingPort":1122},"sbs2.0d6643317d3b45bb8435d73cc67e025a.com":{"sipSignalingPort":1123},"sbs3.0d6643317d3b45bb8435d73cc67e025a.com":{"sipSignalingPort":2222}},"routes":[]}'
    headers:
      api-supported-versions:
      - 2021-05-01-preview, 2022-09-01-preview
      content-type:
      - application/json; charset=utf-8
      date:
      - Wed, 09 Nov 2022 10:46:02 GMT
      ms-cv:
      - Vmsn2GakBkmMJoT9UoOnfw.0
      strict-transport-security:
      - max-age=2592000
      transfer-encoding:
      - chunked
      x-cache:
      - CONFIG_NOCACHE
      x-processing-time:
      - 94ms
    status:
      code: 200
      message: OK
- request:
    body: '{"trunks": {"sbs1.0d6643317d3b45bb8435d73cc67e025a.com": {"sipSignalingPort":
      1122}, "sbs2.0d6643317d3b45bb8435d73cc67e025a.com": {"sipSignalingPort": 1123},
      "sbs3.0d6643317d3b45bb8435d73cc67e025a.com": null}}'
    headers:
      Accept:
      - application/json
      Accept-Encoding:
      - gzip, deflate
      Connection:
      - keep-alive
      Content-Length:
      - '209'
      Content-Type:
      - application/merge-patch+json
      User-Agent:
      - azsdk-python-communication-phonenumbers/1.1.0b3 Python/3.10.0 (Windows-10-10.0.22621-SP0)
      x-ms-date:
      - Wed, 09 Nov 2022 10:46:03 GMT
      x-ms-return-client-request-id:
      - 'true'
    method: PATCH
    uri: https://sanitized.communication.azure.com/sip?api-version=2021-05-01-preview
  response:
    body:
      string: '{"trunks":{"sbs1.0d6643317d3b45bb8435d73cc67e025a.com":{"sipSignalingPort":1122},"sbs2.0d6643317d3b45bb8435d73cc67e025a.com":{"sipSignalingPort":1123}},"routes":[]}'
    headers:
      api-supported-versions:
      - 2021-05-01-preview, 2022-09-01-preview
      content-type:
      - application/json; charset=utf-8
      date:
      - Wed, 09 Nov 2022 10:46:02 GMT
      ms-cv:
      - DYpzyUCCkEmmwCfgN0RG7g.0
      strict-transport-security:
      - max-age=2592000
      transfer-encoding:
      - chunked
      x-cache:
      - CONFIG_NOCACHE
      x-processing-time:
      - 689ms
    status:
      code: 200
      message: OK
- request:
    body: '{"trunks": {"sbs3.0d6643317d3b45bb8435d73cc67e025a.com": {"sipSignalingPort":
      2222}}}'
    headers:
      Accept:
      - application/json
      Accept-Encoding:
      - gzip, deflate
      Connection:
      - keep-alive
      Content-Length:
      - '85'
      Content-Type:
      - application/merge-patch+json
      User-Agent:
      - azsdk-python-communication-phonenumbers/1.1.0b3 Python/3.10.0 (Windows-10-10.0.22621-SP0)
    method: PATCH
    uri: https://sanitized.communication.azure.com/sip?api-version=2021-05-01-preview
  response:
    body:
      string: '{"trunks":{"sbs1.0d6643317d3b45bb8435d73cc67e025a.com":{"sipSignalingPort":1122},"sbs2.0d6643317d3b45bb8435d73cc67e025a.com":{"sipSignalingPort":1123},"sbs3.0d6643317d3b45bb8435d73cc67e025a.com":{"sipSignalingPort":2222}},"routes":[]}'
    headers:
      api-supported-versions:
      - 2021-05-01-preview, 2022-09-01-preview
      content-type:
      - application/json; charset=utf-8
      date:
      - Wed, 09 Nov 2022 10:46:04 GMT
      ms-cv:
      - 5XEL93lA/UeOJ+11Rry94w.0
      strict-transport-security:
      - max-age=2592000
      transfer-encoding:
      - chunked
      x-cache:
      - CONFIG_NOCACHE
      x-processing-time:
      - 733ms
    status:
      code: 200
      message: OK
- request:
    body: null
    headers:
      Accept:
      - application/json
      Accept-Encoding:
      - gzip, deflate
      Connection:
      - keep-alive
      User-Agent:
      - azsdk-python-communication-phonenumbers/1.1.0b3 Python/3.10.0 (Windows-10-10.0.22621-SP0)
    method: GET
    uri: https://sanitized.communication.azure.com/sip?api-version=2021-05-01-preview
  response:
    body:
      string: '{"trunks":{"sbs1.0d6643317d3b45bb8435d73cc67e025a.com":{"sipSignalingPort":1122},"sbs2.0d6643317d3b45bb8435d73cc67e025a.com":{"sipSignalingPort":1123},"sbs3.0d6643317d3b45bb8435d73cc67e025a.com":{"sipSignalingPort":2222}},"routes":[]}'
    headers:
      api-supported-versions:
      - 2021-05-01-preview, 2022-09-01-preview
      content-type:
      - application/json; charset=utf-8
      date:
      - Wed, 09 Nov 2022 10:46:04 GMT
      ms-cv:
      - TrWRAiYqsEa6yLYE/A4c0A.0
      strict-transport-security:
      - max-age=2592000
      transfer-encoding:
      - chunked
      x-cache:
      - CONFIG_NOCACHE
      x-processing-time:
      - 212ms
    status:
      code: 200
      message: OK
version: 1
