interactions:
- request:
    body: '{"properties": {"hardwareProfile": {"vmSize": "Standard_A0"}, "storageProfile":
      {"imageReference": {"sku": "16.04.0-LTS", "version": "latest", "publisher":
      "Canonical", "offer": "UbuntuServer"}}, "osProfile": {"adminUsername": "Foo12",
      "computerName": "test", "adminPassword": "BaR@123test_mgmt_managed_disks_test_create_vm_implicit_md9bd146b"},
      "networkProfile": {"networkInterfaces": [{"id": "/subscriptions/00000000-0000-0000-0000-000000000000/resourceGroups/test_mgmt_managed_disks_test_create_vm_implicit_md9bd146b/providers/Microsoft.Network/networkInterfaces/pyvmirnic9bd146b"}]}},
      "location": "westus"}'
    headers:
      Accept: [application/json]
      Accept-Encoding: ['gzip, deflate']
      Connection: [keep-alive]
      Content-Length: ['610']
      Content-Type: [application/json; charset=utf-8]
      User-Agent: [python/3.5.1 (Windows-10-10.0.15063-SP0) requests/2.17.3 msrest/0.4.11
          msrest_azure/0.4.10 computemanagementclient/1.0.0 Azure-SDK-For-Python]
      accept-language: [en-US]
      x-ms-client-request-id: [cba435b6-5d37-11e7-b307-ecb1d756380e]
    method: PUT
    uri: https://management.azure.com/subscriptions/00000000-0000-0000-0000-000000000000/resourceGroups/test_mgmt_managed_disks_test_create_vm_implicit_md9bd146b/providers/Microsoft.Compute/virtualMachines/pyvmirvm9bd146b?api-version=2017-03-30
  response:
    body: {string: "{\r\n  \"properties\": {\r\n    \"vmId\": \"1fd634c3-af58-4f3f-9243-7530b61bbb3a\",\r\n
        \   \"hardwareProfile\": {\r\n      \"vmSize\": \"Standard_A0\"\r\n    },\r\n
        \   \"storageProfile\": {\r\n      \"imageReference\": {\r\n        \"publisher\":
        \"Canonical\",\r\n        \"offer\": \"UbuntuServer\",\r\n        \"sku\":
        \"16.04.0-LTS\",\r\n        \"version\": \"latest\"\r\n      },\r\n      \"osDisk\":
        {\r\n        \"osType\": \"Linux\",\r\n        \"createOption\": \"FromImage\",\r\n
        \       \"caching\": \"ReadWrite\",\r\n        \"managedDisk\": {\r\n          \"storageAccountType\":
        \"Standard_LRS\"\r\n        }\r\n      },\r\n      \"dataDisks\": []\r\n    },\r\n
        \   \"osProfile\": {\r\n      \"computerName\": \"test\",\r\n      \"adminUsername\":
        \"Foo12\",\r\n      \"linuxConfiguration\": {\r\n        \"disablePasswordAuthentication\":
        false\r\n      },\r\n      \"secrets\": []\r\n    },\r\n    \"networkProfile\":
        {\"networkInterfaces\":[{\"id\":\"/subscriptions/00000000-0000-0000-0000-000000000000/resourceGroups/test_mgmt_managed_disks_test_create_vm_implicit_md9bd146b/providers/Microsoft.Network/networkInterfaces/pyvmirnic9bd146b\"}]},\r\n
        \   \"provisioningState\": \"Creating\"\r\n  },\r\n  \"type\": \"Microsoft.Compute/virtualMachines\",\r\n
        \ \"location\": \"westus\",\r\n  \"id\": \"/subscriptions/00000000-0000-0000-0000-000000000000/resourceGroups/test_mgmt_managed_disks_test_create_vm_implicit_md9bd146b/providers/Microsoft.Compute/virtualMachines/pyvmirvm9bd146b\",\r\n
        \ \"name\": \"pyvmirvm9bd146b\"\r\n}"}
    headers:
      Azure-AsyncOperation: ['https://management.azure.com/subscriptions/00000000-0000-0000-0000-000000000000/providers/Microsoft.Compute/locations/westus/operations/48693130-b443-4d5a-9b61-14d42b108249?api-version=2017-03-30']
      Cache-Control: [no-cache]
      Content-Length: ['1365']
      Content-Type: [application/json; charset=utf-8]
      Date: ['Fri, 30 Jun 2017 01:59:47 GMT']
      Expires: ['-1']
      Pragma: [no-cache]
      Server: [Microsoft-HTTPAPI/2.0, Microsoft-HTTPAPI/2.0]
      Strict-Transport-Security: [max-age=31536000; includeSubDomains]
      x-ms-correlation-request-id: [ae038887-a8cd-47fb-9b00-f94c4aa65160]
      x-ms-ratelimit-remaining-subscription-writes: ['1194']
      x-ms-request-id: [48693130-b443-4d5a-9b61-14d42b108249]
      x-ms-routing-request-id: ['WESTUS2:20170630T015948Z:ae038887-a8cd-47fb-9b00-f94c4aa65160']
      x-ms-served-by: [2d78c99a-5cdc-4580-9eb7-b3e168e83a95_131282043969998685]
    status: {code: 201, message: Created}
- request:
    body: null
    headers:
      Accept: [application/json]
      Accept-Encoding: ['gzip, deflate']
      Connection: [keep-alive]
      Content-Type: [application/json; charset=utf-8]
      User-Agent: [python/3.5.1 (Windows-10-10.0.15063-SP0) requests/2.17.3 msrest/0.4.11
          msrest_azure/0.4.10 computemanagementclient/1.0.0 Azure-SDK-For-Python]
      accept-language: [en-US]
      x-ms-client-request-id: [cba435b6-5d37-11e7-b307-ecb1d756380e]
    method: GET
    uri: https://management.azure.com/subscriptions/00000000-0000-0000-0000-000000000000/providers/Microsoft.Compute/locations/westus/operations/48693130-b443-4d5a-9b61-14d42b108249?api-version=2017-03-30
  response:
    body: {string: "{\r\n  \"startTime\": \"2017-06-30T01:59:47.7179204+00:00\",\r\n
        \ \"status\": \"InProgress\",\r\n  \"name\": \"48693130-b443-4d5a-9b61-14d42b108249\"\r\n}"}
    headers:
      Cache-Control: [no-cache]
      Content-Type: [application/json; charset=utf-8]
      Date: ['Fri, 30 Jun 2017 02:00:18 GMT']
      Expires: ['-1']
      Pragma: [no-cache]
      Server: [Microsoft-HTTPAPI/2.0, Microsoft-HTTPAPI/2.0]
      Strict-Transport-Security: [max-age=31536000; includeSubDomains]
      Transfer-Encoding: [chunked]
      Vary: [Accept-Encoding]
      content-length: ['134']
      x-ms-correlation-request-id: [a03368eb-2418-4b83-96d3-51778996f2b4]
      x-ms-ratelimit-remaining-subscription-reads: ['14997']
      x-ms-request-id: [8e07212c-25ff-4dc0-9edf-0bc3982eb785]
      x-ms-routing-request-id: ['WESTUS2:20170630T020019Z:a03368eb-2418-4b83-96d3-51778996f2b4']
      x-ms-served-by: [2d78c99a-5cdc-4580-9eb7-b3e168e83a95_131282043969998685]
    status: {code: 200, message: OK}
- request:
    body: null
    headers:
      Accept: [application/json]
      Accept-Encoding: ['gzip, deflate']
      Connection: [keep-alive]
      Content-Type: [application/json; charset=utf-8]
      User-Agent: [python/3.5.1 (Windows-10-10.0.15063-SP0) requests/2.17.3 msrest/0.4.11
          msrest_azure/0.4.10 computemanagementclient/1.0.0 Azure-SDK-For-Python]
      accept-language: [en-US]
      x-ms-client-request-id: [cba435b6-5d37-11e7-b307-ecb1d756380e]
    method: GET
    uri: https://management.azure.com/subscriptions/00000000-0000-0000-0000-000000000000/providers/Microsoft.Compute/locations/westus/operations/48693130-b443-4d5a-9b61-14d42b108249?api-version=2017-03-30
  response:
    body: {string: "{\r\n  \"startTime\": \"2017-06-30T01:59:47.7179204+00:00\",\r\n
        \ \"status\": \"InProgress\",\r\n  \"name\": \"48693130-b443-4d5a-9b61-14d42b108249\"\r\n}"}
    headers:
      Cache-Control: [no-cache]
      Content-Type: [application/json; charset=utf-8]
      Date: ['Fri, 30 Jun 2017 02:00:48 GMT']
      Expires: ['-1']
      Pragma: [no-cache]
      Server: [Microsoft-HTTPAPI/2.0, Microsoft-HTTPAPI/2.0]
      Strict-Transport-Security: [max-age=31536000; includeSubDomains]
      Transfer-Encoding: [chunked]
      Vary: [Accept-Encoding]
      content-length: ['134']
      x-ms-correlation-request-id: [932a2a4b-33e5-42a4-b661-9eca4064e1aa]
      x-ms-ratelimit-remaining-subscription-reads: ['14993']
      x-ms-request-id: [07a5cae1-f896-4c15-be16-ddcee376a265]
      x-ms-routing-request-id: ['WESTUS2:20170630T020049Z:932a2a4b-33e5-42a4-b661-9eca4064e1aa']
      x-ms-served-by: [2d78c99a-5cdc-4580-9eb7-b3e168e83a95_131282043969998685]
    status: {code: 200, message: OK}
- request:
    body: null
    headers:
      Accept: [application/json]
      Accept-Encoding: ['gzip, deflate']
      Connection: [keep-alive]
      Content-Type: [application/json; charset=utf-8]
      User-Agent: [python/3.5.1 (Windows-10-10.0.15063-SP0) requests/2.17.3 msrest/0.4.11
          msrest_azure/0.4.10 computemanagementclient/1.0.0 Azure-SDK-For-Python]
      accept-language: [en-US]
      x-ms-client-request-id: [cba435b6-5d37-11e7-b307-ecb1d756380e]
    method: GET
    uri: https://management.azure.com/subscriptions/00000000-0000-0000-0000-000000000000/providers/Microsoft.Compute/locations/westus/operations/48693130-b443-4d5a-9b61-14d42b108249?api-version=2017-03-30
  response:
    body: {string: "{\r\n  \"startTime\": \"2017-06-30T01:59:47.7179204+00:00\",\r\n
        \ \"status\": \"InProgress\",\r\n  \"name\": \"48693130-b443-4d5a-9b61-14d42b108249\"\r\n}"}
    headers:
      Cache-Control: [no-cache]
      Content-Type: [application/json; charset=utf-8]
      Date: ['Fri, 30 Jun 2017 02:01:19 GMT']
      Expires: ['-1']
      Pragma: [no-cache]
      Server: [Microsoft-HTTPAPI/2.0, Microsoft-HTTPAPI/2.0]
      Strict-Transport-Security: [max-age=31536000; includeSubDomains]
      Transfer-Encoding: [chunked]
      Vary: [Accept-Encoding]
      content-length: ['134']
      x-ms-correlation-request-id: [1c249c78-f3ed-4352-9738-d724b1799d73]
      x-ms-ratelimit-remaining-subscription-reads: ['14992']
      x-ms-request-id: [aad02d4f-9067-4741-988d-f80895a698a9]
      x-ms-routing-request-id: ['WESTUS:20170630T020119Z:1c249c78-f3ed-4352-9738-d724b1799d73']
      x-ms-served-by: [2d78c99a-5cdc-4580-9eb7-b3e168e83a95_131282043969998685]
    status: {code: 200, message: OK}
- request:
    body: null
    headers:
      Accept: [application/json]
      Accept-Encoding: ['gzip, deflate']
      Connection: [keep-alive]
      Content-Type: [application/json; charset=utf-8]
      User-Agent: [python/3.5.1 (Windows-10-10.0.15063-SP0) requests/2.17.3 msrest/0.4.11
          msrest_azure/0.4.10 computemanagementclient/1.0.0 Azure-SDK-For-Python]
      accept-language: [en-US]
      x-ms-client-request-id: [cba435b6-5d37-11e7-b307-ecb1d756380e]
    method: GET
    uri: https://management.azure.com/subscriptions/00000000-0000-0000-0000-000000000000/providers/Microsoft.Compute/locations/westus/operations/48693130-b443-4d5a-9b61-14d42b108249?api-version=2017-03-30
  response:
    body: {string: "{\r\n  \"startTime\": \"2017-06-30T01:59:47.7179204+00:00\",\r\n
        \ \"status\": \"InProgress\",\r\n  \"name\": \"48693130-b443-4d5a-9b61-14d42b108249\"\r\n}"}
    headers:
      Cache-Control: [no-cache]
      Content-Type: [application/json; charset=utf-8]
      Date: ['Fri, 30 Jun 2017 02:01:49 GMT']
      Expires: ['-1']
      Pragma: [no-cache]
      Server: [Microsoft-HTTPAPI/2.0, Microsoft-HTTPAPI/2.0]
      Strict-Transport-Security: [max-age=31536000; includeSubDomains]
      Transfer-Encoding: [chunked]
      Vary: [Accept-Encoding]
      content-length: ['134']
      x-ms-correlation-request-id: [23e3853d-17a0-4c84-8e28-b5300459eebc]
      x-ms-ratelimit-remaining-subscription-reads: ['14997']
      x-ms-request-id: [4686d916-131e-48aa-bd18-65cfbcd1048c]
      x-ms-routing-request-id: ['WESTUS:20170630T020150Z:23e3853d-17a0-4c84-8e28-b5300459eebc']
      x-ms-served-by: [2d78c99a-5cdc-4580-9eb7-b3e168e83a95_131282043969998685]
    status: {code: 200, message: OK}
- request:
    body: null
    headers:
      Accept: [application/json]
      Accept-Encoding: ['gzip, deflate']
      Connection: [keep-alive]
      Content-Type: [application/json; charset=utf-8]
      User-Agent: [python/3.5.1 (Windows-10-10.0.15063-SP0) requests/2.17.3 msrest/0.4.11
          msrest_azure/0.4.10 computemanagementclient/1.0.0 Azure-SDK-For-Python]
      accept-language: [en-US]
      x-ms-client-request-id: [cba435b6-5d37-11e7-b307-ecb1d756380e]
    method: GET
    uri: https://management.azure.com/subscriptions/00000000-0000-0000-0000-000000000000/providers/Microsoft.Compute/locations/westus/operations/48693130-b443-4d5a-9b61-14d42b108249?api-version=2017-03-30
  response:
    body: {string: "{\r\n  \"startTime\": \"2017-06-30T01:59:47.7179204+00:00\",\r\n
        \ \"endTime\": \"2017-06-30T02:02:06.8790556+00:00\",\r\n  \"status\": \"Succeeded\",\r\n
        \ \"name\": \"48693130-b443-4d5a-9b61-14d42b108249\"\r\n}"}
    headers:
      Cache-Control: [no-cache]
      Content-Type: [application/json; charset=utf-8]
      Date: ['Fri, 30 Jun 2017 02:02:20 GMT']
      Expires: ['-1']
      Pragma: [no-cache]
      Server: [Microsoft-HTTPAPI/2.0, Microsoft-HTTPAPI/2.0]
      Strict-Transport-Security: [max-age=31536000; includeSubDomains]
      Transfer-Encoding: [chunked]
      Vary: [Accept-Encoding]
      content-length: ['184']
      x-ms-correlation-request-id: [413d7b0f-81fd-458f-9d62-314ccc9e50ec]
      x-ms-ratelimit-remaining-subscription-reads: ['14989']
      x-ms-request-id: [b2fb512f-5ecd-4489-9ebd-b99f20ed4fa2]
      x-ms-routing-request-id: ['WESTUS2:20170630T020220Z:413d7b0f-81fd-458f-9d62-314ccc9e50ec']
      x-ms-served-by: [2d78c99a-5cdc-4580-9eb7-b3e168e83a95_131282043969998685]
    status: {code: 200, message: OK}
- request:
    body: null
    headers:
      Accept: [application/json]
      Accept-Encoding: ['gzip, deflate']
      Connection: [keep-alive]
      Content-Type: [application/json; charset=utf-8]
      User-Agent: [python/3.5.1 (Windows-10-10.0.15063-SP0) requests/2.17.3 msrest/0.4.11
          msrest_azure/0.4.10 computemanagementclient/1.0.0 Azure-SDK-For-Python]
      accept-language: [en-US]
      x-ms-client-request-id: [cba435b6-5d37-11e7-b307-ecb1d756380e]
    method: GET
    uri: https://management.azure.com/subscriptions/00000000-0000-0000-0000-000000000000/resourceGroups/test_mgmt_managed_disks_test_create_vm_implicit_md9bd146b/providers/Microsoft.Compute/virtualMachines/pyvmirvm9bd146b?api-version=2017-03-30
  response:
    body: {string: "{\r\n  \"properties\": {\r\n    \"vmId\": \"1fd634c3-af58-4f3f-9243-7530b61bbb3a\",\r\n
        \   \"hardwareProfile\": {\r\n      \"vmSize\": \"Standard_A0\"\r\n    },\r\n
        \   \"storageProfile\": {\r\n      \"imageReference\": {\r\n        \"publisher\":
        \"Canonical\",\r\n        \"offer\": \"UbuntuServer\",\r\n        \"sku\":
        \"16.04.0-LTS\",\r\n        \"version\": \"latest\"\r\n      },\r\n      \"osDisk\":
        {\r\n        \"osType\": \"Linux\",\r\n        \"name\": \"pyvmirvm9bd146b_OsDisk_1_063d27b3144940fbb3a7cdc7e0d37d7e\",\r\n
        \       \"createOption\": \"FromImage\",\r\n        \"caching\": \"ReadWrite\",\r\n
        \       \"managedDisk\": {\r\n          \"storageAccountType\": \"Standard_LRS\",\r\n
        \         \"id\": \"/subscriptions/00000000-0000-0000-0000-000000000000/resourceGroups/test_mgmt_managed_disks_test_create_vm_implicit_md9bd146b/providers/Microsoft.Compute/disks/pyvmirvm9bd146b_OsDisk_1_063d27b3144940fbb3a7cdc7e0d37d7e\"\r\n
        \       },\r\n        \"diskSizeGB\": 30\r\n      },\r\n      \"dataDisks\":
        []\r\n    },\r\n    \"osProfile\": {\r\n      \"computerName\": \"test\",\r\n
        \     \"adminUsername\": \"Foo12\",\r\n      \"linuxConfiguration\": {\r\n
        \       \"disablePasswordAuthentication\": false\r\n      },\r\n      \"secrets\":
        []\r\n    },\r\n    \"networkProfile\": {\"networkInterfaces\":[{\"id\":\"/subscriptions/00000000-0000-0000-0000-000000000000/resourceGroups/test_mgmt_managed_disks_test_create_vm_implicit_md9bd146b/providers/Microsoft.Network/networkInterfaces/pyvmirnic9bd146b\"}]},\r\n
        \   \"provisioningState\": \"Succeeded\"\r\n  },\r\n  \"type\": \"Microsoft.Compute/virtualMachines\",\r\n
        \ \"location\": \"westus\",\r\n  \"id\": \"/subscriptions/00000000-0000-0000-0000-000000000000/resourceGroups/test_mgmt_managed_disks_test_create_vm_implicit_md9bd146b/providers/Microsoft.Compute/virtualMachines/pyvmirvm9bd146b\",\r\n
        \ \"name\": \"pyvmirvm9bd146b\"\r\n}"}
    headers:
      Cache-Control: [no-cache]
      Content-Type: [application/json; charset=utf-8]
      Date: ['Fri, 30 Jun 2017 02:02:19 GMT']
      Expires: ['-1']
      Pragma: [no-cache]
      Server: [Microsoft-HTTPAPI/2.0, Microsoft-HTTPAPI/2.0]
      Strict-Transport-Security: [max-age=31536000; includeSubDomains]
      Transfer-Encoding: [chunked]
      Vary: [Accept-Encoding]
      content-length: ['1708']
      x-ms-correlation-request-id: [413bc8c4-df8a-4880-abe0-a9ba8faed6c9]
      x-ms-ratelimit-remaining-subscription-reads: ['14994']
      x-ms-request-id: [28839b3c-d97a-4b49-9559-69484fa07936]
      x-ms-routing-request-id: ['WESTUS2:20170630T020220Z:413bc8c4-df8a-4880-abe0-a9ba8faed6c9']
      x-ms-served-by: [2d78c99a-5cdc-4580-9eb7-b3e168e83a95_131282043969998685]
    status: {code: 200, message: OK}
- request:
    body: '{"properties": {"diskSizeGB": 20, "creationData": {"createOption": "Empty"}},
      "location": "westus"}'
    headers:
      Accept: [application/json]
      Accept-Encoding: ['gzip, deflate']
      Connection: [keep-alive]
      Content-Length: ['99']
      Content-Type: [application/json; charset=utf-8]
      User-Agent: [python/3.5.1 (Windows-10-10.0.15063-SP0) requests/2.17.3 msrest/0.4.11
          msrest_azure/0.4.10 computemanagementclient/1.0.0 Azure-SDK-For-Python]
      accept-language: [en-US]
      x-ms-client-request-id: [26cd1d48-5d38-11e7-906f-ecb1d756380e]
    method: PUT
    uri: https://management.azure.com/subscriptions/00000000-0000-0000-0000-000000000000/resourceGroups/test_mgmt_managed_disks_test_create_vm_implicit_md9bd146b/providers/Microsoft.Compute/disks/mySecondDisk?api-version=2017-03-30
  response:
    body: {string: "{\r\n  \"properties\": {\r\n    \"creationData\": {\r\n      \"createOption\":
        \"Empty\"\r\n    },\r\n    \"diskSizeGB\": 20,\r\n    \"provisioningState\":
        \"Updating\",\r\n    \"isArmResource\": true\r\n  },\r\n  \"location\": \"westus\"\r\n}"}
    headers:
      Azure-AsyncOperation: ['https://management.azure.com/subscriptions/00000000-0000-0000-0000-000000000000/providers/Microsoft.Compute/locations/westus/DiskOperations/ceaa4a31-769e-4fab-9391-f4d995842442?api-version=2017-03-30']
      Cache-Control: [no-cache]
      Content-Length: ['203']
      Content-Type: [application/json; charset=utf-8]
      Date: ['Fri, 30 Jun 2017 02:02:20 GMT']
      Expires: ['-1']
      Location: ['https://management.azure.com/subscriptions/00000000-0000-0000-0000-000000000000/providers/Microsoft.Compute/locations/westus/DiskOperations/ceaa4a31-769e-4fab-9391-f4d995842442?monitor=true&api-version=2017-03-30']
      Pragma: [no-cache]
      Server: [Microsoft-HTTPAPI/2.0, Microsoft-HTTPAPI/2.0]
      Strict-Transport-Security: [max-age=31536000; includeSubDomains]
      x-ms-correlation-request-id: [8be746ee-955e-4910-989b-4b4c030fc1dc]
      x-ms-ratelimit-remaining-subscription-writes: ['1195']
      x-ms-request-id: [ceaa4a31-769e-4fab-9391-f4d995842442]
      x-ms-routing-request-id: ['WESTUS2:20170630T020221Z:8be746ee-955e-4910-989b-4b4c030fc1dc']
      x-ms-served-by: [da781301-5a24-41ad-adde-45c9a8ccbbf8_131333033761633900]
    status: {code: 202, message: Accepted}
- request:
    body: null
    headers:
      Accept: [application/json]
      Accept-Encoding: ['gzip, deflate']
      Connection: [keep-alive]
      Content-Type: [application/json; charset=utf-8]
      User-Agent: [python/3.5.1 (Windows-10-10.0.15063-SP0) requests/2.17.3 msrest/0.4.11
          msrest_azure/0.4.10 computemanagementclient/1.0.0 Azure-SDK-For-Python]
      accept-language: [en-US]
      x-ms-client-request-id: [26cd1d48-5d38-11e7-906f-ecb1d756380e]
    method: GET
    uri: https://management.azure.com/subscriptions/00000000-0000-0000-0000-000000000000/providers/Microsoft.Compute/locations/westus/DiskOperations/ceaa4a31-769e-4fab-9391-f4d995842442?api-version=2017-03-30
  response:
    body: {string: "{\r\n  \"startTime\": \"2017-06-30T02:02:20.9215446+00:00\",\r\n
        \ \"endTime\": \"2017-06-30T02:02:21.1090421+00:00\",\r\n  \"status\": \"Succeeded\",\r\n
        \ \"properties\": {\r\n    \"output\": {\"sku\":{\"name\":\"Standard_LRS\",\"tier\":\"Standard\"},\"properties\":{\"creationData\":{\"createOption\":\"Empty\"},\"diskSizeGB\":20,\"timeCreated\":\"2017-06-30T02:02:20.9215446+00:00\",\"provisioningState\":\"Succeeded\",\"diskState\":\"Unattached\"},\"type\":\"Microsoft.Compute/disks\",\"location\":\"westus\",\"id\":\"/subscriptions/00000000-0000-0000-0000-000000000000/resourceGroups/test_mgmt_managed_disks_test_create_vm_implicit_md9bd146b/providers/Microsoft.Compute/disks/mySecondDisk\",\"name\":\"mySecondDisk\"}\r\n
        \ },\r\n  \"name\": \"ceaa4a31-769e-4fab-9391-f4d995842442\"\r\n}"}
    headers:
      Cache-Control: [no-cache]
      Content-Type: [application/json; charset=utf-8]
      Date: ['Fri, 30 Jun 2017 02:02:51 GMT']
      Expires: ['-1']
      Pragma: [no-cache]
      Server: [Microsoft-HTTPAPI/2.0, Microsoft-HTTPAPI/2.0]
      Strict-Transport-Security: [max-age=31536000; includeSubDomains]
      Transfer-Encoding: [chunked]
      Vary: [Accept-Encoding]
      content-length: ['706']
      x-ms-correlation-request-id: [be3e2502-0a15-4971-9d52-bce340bc8402]
      x-ms-ratelimit-remaining-subscription-reads: ['14992']
      x-ms-request-id: [ee51d0ac-cfdc-40aa-883d-14f15d2c5773]
      x-ms-routing-request-id: ['WESTUS2:20170630T020251Z:be3e2502-0a15-4971-9d52-bce340bc8402']
      x-ms-served-by: [da781301-5a24-41ad-adde-45c9a8ccbbf8_131333033761633900]
    status: {code: 200, message: OK}
- request:
    body: null
    headers:
      Accept: [application/json]
      Accept-Encoding: ['gzip, deflate']
      Connection: [keep-alive]
      Content-Type: [application/json; charset=utf-8]
      User-Agent: [python/3.5.1 (Windows-10-10.0.15063-SP0) requests/2.17.3 msrest/0.4.11
          msrest_azure/0.4.10 computemanagementclient/1.0.0 Azure-SDK-For-Python]
      accept-language: [en-US]
      x-ms-client-request-id: [26cd1d48-5d38-11e7-906f-ecb1d756380e]
    method: GET
    uri: https://management.azure.com/subscriptions/00000000-0000-0000-0000-000000000000/resourceGroups/test_mgmt_managed_disks_test_create_vm_implicit_md9bd146b/providers/Microsoft.Compute/disks/mySecondDisk?api-version=2017-03-30
  response:
    body: {string: "{\r\n  \"sku\": {\r\n    \"name\": \"Standard_LRS\",\r\n    \"tier\":
        \"Standard\"\r\n  },\r\n  \"properties\": {\r\n    \"creationData\": {\r\n
        \     \"createOption\": \"Empty\"\r\n    },\r\n    \"diskSizeGB\": 20,\r\n
        \   \"timeCreated\": \"2017-06-30T02:02:20.9215446+00:00\",\r\n    \"provisioningState\":
        \"Succeeded\",\r\n    \"diskState\": \"Unattached\"\r\n  },\r\n  \"type\":
        \"Microsoft.Compute/disks\",\r\n  \"location\": \"westus\",\r\n  \"id\": \"/subscriptions/00000000-0000-0000-0000-000000000000/resourceGroups/test_mgmt_managed_disks_test_create_vm_implicit_md9bd146b/providers/Microsoft.Compute/disks/mySecondDisk\",\r\n
        \ \"name\": \"mySecondDisk\"\r\n}"}
    headers:
      Cache-Control: [no-cache]
      Content-Type: [application/json; charset=utf-8]
      Date: ['Fri, 30 Jun 2017 02:02:51 GMT']
      Expires: ['-1']
      Pragma: [no-cache]
      Server: [Microsoft-HTTPAPI/2.0, Microsoft-HTTPAPI/2.0]
      Strict-Transport-Security: [max-age=31536000; includeSubDomains]
      Transfer-Encoding: [chunked]
      Vary: [Accept-Encoding]
      content-length: ['585']
      x-ms-correlation-request-id: [b64be6fb-2950-481c-9525-814e6fe9e1d4]
      x-ms-ratelimit-remaining-subscription-reads: ['14994']
      x-ms-request-id: [e380533c-03e1-4ad7-867c-fa45d26ff72d]
      x-ms-routing-request-id: ['WESTUS2:20170630T020252Z:b64be6fb-2950-481c-9525-814e6fe9e1d4']
      x-ms-served-by: [da781301-5a24-41ad-adde-45c9a8ccbbf8_131333033761633900]
    status: {code: 200, message: OK}
- request:
    body: '{"properties": {"hardwareProfile": {"vmSize": "Standard_A0"}, "storageProfile":
      {"osDisk": {"caching": "ReadWrite", "osType": "Linux", "createOption": "fromImage",
      "managedDisk": {"storageAccountType": "Standard_LRS", "id": "/subscriptions/00000000-0000-0000-0000-000000000000/resourceGroups/test_mgmt_managed_disks_test_create_vm_implicit_md9bd146b/providers/Microsoft.Compute/disks/pyvmirvm9bd146b_OsDisk_1_063d27b3144940fbb3a7cdc7e0d37d7e"},
      "diskSizeGB": 30, "name": "pyvmirvm9bd146b_OsDisk_1_063d27b3144940fbb3a7cdc7e0d37d7e"},
      "imageReference": {"sku": "16.04.0-LTS", "version": "latest", "publisher": "Canonical",
      "offer": "UbuntuServer"}, "dataDisks": [{"lun": 12, "name": "mySecondDisk",
      "managedDisk": {"id": "/subscriptions/00000000-0000-0000-0000-000000000000/resourceGroups/test_mgmt_managed_disks_test_create_vm_implicit_md9bd146b/providers/Microsoft.Compute/disks/mySecondDisk"},
      "createOption": "Attach"}]}, "osProfile": {"adminUsername": "Foo12", "linuxConfiguration":
      {"disablePasswordAuthentication": false}, "computerName": "test", "secrets":
      []}, "networkProfile": {"networkInterfaces": [{"id": "/subscriptions/00000000-0000-0000-0000-000000000000/resourceGroups/test_mgmt_managed_disks_test_create_vm_implicit_md9bd146b/providers/Microsoft.Network/networkInterfaces/pyvmirnic9bd146b"}]}},
      "location": "westus"}'
    headers:
      Accept: [application/json]
      Accept-Encoding: ['gzip, deflate']
      Connection: [keep-alive]
      Content-Length: ['1332']
      Content-Type: [application/json; charset=utf-8]
      User-Agent: [python/3.5.1 (Windows-10-10.0.15063-SP0) requests/2.17.3 msrest/0.4.11
          msrest_azure/0.4.10 computemanagementclient/1.0.0 Azure-SDK-For-Python]
      accept-language: [en-US]
      x-ms-client-request-id: [399527d4-5d38-11e7-87ce-ecb1d756380e]
    method: PUT
    uri: https://management.azure.com/subscriptions/00000000-0000-0000-0000-000000000000/resourceGroups/test_mgmt_managed_disks_test_create_vm_implicit_md9bd146b/providers/Microsoft.Compute/virtualMachines/pyvmirvm9bd146b?api-version=2017-03-30
  response:
    body: {string: "{\r\n  \"properties\": {\r\n    \"vmId\": \"1fd634c3-af58-4f3f-9243-7530b61bbb3a\",\r\n
        \   \"hardwareProfile\": {\r\n      \"vmSize\": \"Standard_A0\"\r\n    },\r\n
        \   \"storageProfile\": {\r\n      \"imageReference\": {\r\n        \"publisher\":
        \"Canonical\",\r\n        \"offer\": \"UbuntuServer\",\r\n        \"sku\":
        \"16.04.0-LTS\",\r\n        \"version\": \"latest\"\r\n      },\r\n      \"osDisk\":
        {\r\n        \"osType\": \"Linux\",\r\n        \"name\": \"pyvmirvm9bd146b_OsDisk_1_063d27b3144940fbb3a7cdc7e0d37d7e\",\r\n
        \       \"createOption\": \"FromImage\",\r\n        \"caching\": \"ReadWrite\",\r\n
        \       \"managedDisk\": {\r\n          \"storageAccountType\": \"Standard_LRS\",\r\n
        \         \"id\": \"/subscriptions/00000000-0000-0000-0000-000000000000/resourceGroups/test_mgmt_managed_disks_test_create_vm_implicit_md9bd146b/providers/Microsoft.Compute/disks/pyvmirvm9bd146b_OsDisk_1_063d27b3144940fbb3a7cdc7e0d37d7e\"\r\n
        \       },\r\n        \"diskSizeGB\": 30\r\n      },\r\n      \"dataDisks\":
        [\r\n        {\r\n          \"lun\": 12,\r\n          \"name\": \"mySecondDisk\",\r\n
        \         \"createOption\": \"Attach\",\r\n          \"caching\": \"None\",\r\n
        \         \"managedDisk\": {\r\n            \"storageAccountType\": \"Standard_LRS\",\r\n
        \           \"id\": \"/subscriptions/00000000-0000-0000-0000-000000000000/resourceGroups/test_mgmt_managed_disks_test_create_vm_implicit_md9bd146b/providers/Microsoft.Compute/disks/mySecondDisk\"\r\n
        \         },\r\n          \"diskSizeGB\": 20\r\n        }\r\n      ]\r\n    },\r\n
        \   \"osProfile\": {\r\n      \"computerName\": \"test\",\r\n      \"adminUsername\":
        \"Foo12\",\r\n      \"linuxConfiguration\": {\r\n        \"disablePasswordAuthentication\":
        false\r\n      },\r\n      \"secrets\": []\r\n    },\r\n    \"networkProfile\":
        {\"networkInterfaces\":[{\"id\":\"/subscriptions/00000000-0000-0000-0000-000000000000/resourceGroups/test_mgmt_managed_disks_test_create_vm_implicit_md9bd146b/providers/Microsoft.Network/networkInterfaces/pyvmirnic9bd146b\"}]},\r\n
        \   \"provisioningState\": \"Updating\"\r\n  },\r\n  \"type\": \"Microsoft.Compute/virtualMachines\",\r\n
        \ \"location\": \"westus\",\r\n  \"id\": \"/subscriptions/00000000-0000-0000-0000-000000000000/resourceGroups/test_mgmt_managed_disks_test_create_vm_implicit_md9bd146b/providers/Microsoft.Compute/virtualMachines/pyvmirvm9bd146b\",\r\n
        \ \"name\": \"pyvmirvm9bd146b\"\r\n}"}
    headers:
      Azure-AsyncOperation: ['https://management.azure.com/subscriptions/00000000-0000-0000-0000-000000000000/providers/Microsoft.Compute/locations/westus/operations/b6fd6134-0583-4bff-9498-87fc1ecc6ec8?api-version=2017-03-30']
      Cache-Control: [no-cache]
      Content-Type: [application/json; charset=utf-8]
      Date: ['Fri, 30 Jun 2017 02:02:53 GMT']
      Expires: ['-1']
      Pragma: [no-cache]
      Server: [Microsoft-HTTPAPI/2.0, Microsoft-HTTPAPI/2.0]
      Strict-Transport-Security: [max-age=31536000; includeSubDomains]
      Transfer-Encoding: [chunked]
      Vary: [Accept-Encoding]
      content-length: ['2175']
      x-ms-correlation-request-id: [e769f7d4-d240-4d08-a39c-39c9590af8e0]
      x-ms-ratelimit-remaining-subscription-writes: ['1198']
      x-ms-request-id: [b6fd6134-0583-4bff-9498-87fc1ecc6ec8]
      x-ms-routing-request-id: ['WESTUS2:20170630T020254Z:e769f7d4-d240-4d08-a39c-39c9590af8e0']
      x-ms-served-by: [2d78c99a-5cdc-4580-9eb7-b3e168e83a95_131282043969998685]
    status: {code: 200, message: OK}
- request:
    body: null
    headers:
      Accept: [application/json]
      Accept-Encoding: ['gzip, deflate']
      Connection: [keep-alive]
      Content-Type: [application/json; charset=utf-8]
      User-Agent: [python/3.5.1 (Windows-10-10.0.15063-SP0) requests/2.17.3 msrest/0.4.11
          msrest_azure/0.4.10 computemanagementclient/1.0.0 Azure-SDK-For-Python]
      accept-language: [en-US]
      x-ms-client-request-id: [399527d4-5d38-11e7-87ce-ecb1d756380e]
    method: GET
    uri: https://management.azure.com/subscriptions/00000000-0000-0000-0000-000000000000/providers/Microsoft.Compute/locations/westus/operations/b6fd6134-0583-4bff-9498-87fc1ecc6ec8?api-version=2017-03-30
  response:
    body: {string: "{\r\n  \"startTime\": \"2017-06-30T02:02:53.2002425+00:00\",\r\n
        \ \"endTime\": \"2017-06-30T02:03:13.5702629+00:00\",\r\n  \"status\": \"Succeeded\",\r\n
        \ \"name\": \"b6fd6134-0583-4bff-9498-87fc1ecc6ec8\"\r\n}"}
    headers:
      Cache-Control: [no-cache]
      Content-Type: [application/json; charset=utf-8]
      Date: ['Fri, 30 Jun 2017 02:03:23 GMT']
      Expires: ['-1']
      Pragma: [no-cache]
      Server: [Microsoft-HTTPAPI/2.0, Microsoft-HTTPAPI/2.0]
      Strict-Transport-Security: [max-age=31536000; includeSubDomains]
      Transfer-Encoding: [chunked]
      Vary: [Accept-Encoding]
      content-length: ['184']
      x-ms-correlation-request-id: [049116b7-1112-48a9-9ca9-dbc3979b3c75]
      x-ms-ratelimit-remaining-subscription-reads: ['14994']
      x-ms-request-id: [d91bc65a-7e3f-454c-a8f3-0c8672f1a91c]
      x-ms-routing-request-id: ['WESTUS:20170630T020324Z:049116b7-1112-48a9-9ca9-dbc3979b3c75']
      x-ms-served-by: [2d78c99a-5cdc-4580-9eb7-b3e168e83a95_131282043969998685]
    status: {code: 200, message: OK}
- request:
    body: null
    headers:
      Accept: [application/json]
      Accept-Encoding: ['gzip, deflate']
      Connection: [keep-alive]
      Content-Type: [application/json; charset=utf-8]
      User-Agent: [python/3.5.1 (Windows-10-10.0.15063-SP0) requests/2.17.3 msrest/0.4.11
          msrest_azure/0.4.10 computemanagementclient/1.0.0 Azure-SDK-For-Python]
      accept-language: [en-US]
      x-ms-client-request-id: [399527d4-5d38-11e7-87ce-ecb1d756380e]
    method: GET
    uri: https://management.azure.com/subscriptions/00000000-0000-0000-0000-000000000000/resourceGroups/test_mgmt_managed_disks_test_create_vm_implicit_md9bd146b/providers/Microsoft.Compute/virtualMachines/pyvmirvm9bd146b?api-version=2017-03-30
  response:
    body: {string: "{\r\n  \"properties\": {\r\n    \"vmId\": \"1fd634c3-af58-4f3f-9243-7530b61bbb3a\",\r\n
        \   \"hardwareProfile\": {\r\n      \"vmSize\": \"Standard_A0\"\r\n    },\r\n
        \   \"storageProfile\": {\r\n      \"imageReference\": {\r\n        \"publisher\":
        \"Canonical\",\r\n        \"offer\": \"UbuntuServer\",\r\n        \"sku\":
        \"16.04.0-LTS\",\r\n        \"version\": \"latest\"\r\n      },\r\n      \"osDisk\":
        {\r\n        \"osType\": \"Linux\",\r\n        \"name\": \"pyvmirvm9bd146b_OsDisk_1_063d27b3144940fbb3a7cdc7e0d37d7e\",\r\n
        \       \"createOption\": \"FromImage\",\r\n        \"caching\": \"ReadWrite\",\r\n
        \       \"managedDisk\": {\r\n          \"storageAccountType\": \"Standard_LRS\",\r\n
        \         \"id\": \"/subscriptions/00000000-0000-0000-0000-000000000000/resourceGroups/test_mgmt_managed_disks_test_create_vm_implicit_md9bd146b/providers/Microsoft.Compute/disks/pyvmirvm9bd146b_OsDisk_1_063d27b3144940fbb3a7cdc7e0d37d7e\"\r\n
        \       },\r\n        \"diskSizeGB\": 30\r\n      },\r\n      \"dataDisks\":
        [\r\n        {\r\n          \"lun\": 12,\r\n          \"name\": \"mySecondDisk\",\r\n
        \         \"createOption\": \"Attach\",\r\n          \"caching\": \"None\",\r\n
        \         \"managedDisk\": {\r\n            \"storageAccountType\": \"Standard_LRS\",\r\n
        \           \"id\": \"/subscriptions/00000000-0000-0000-0000-000000000000/resourceGroups/test_mgmt_managed_disks_test_create_vm_implicit_md9bd146b/providers/Microsoft.Compute/disks/mySecondDisk\"\r\n
        \         },\r\n          \"diskSizeGB\": 20\r\n        }\r\n      ]\r\n    },\r\n
        \   \"osProfile\": {\r\n      \"computerName\": \"test\",\r\n      \"adminUsername\":
        \"Foo12\",\r\n      \"linuxConfiguration\": {\r\n        \"disablePasswordAuthentication\":
        false\r\n      },\r\n      \"secrets\": []\r\n    },\r\n    \"networkProfile\":
        {\"networkInterfaces\":[{\"id\":\"/subscriptions/00000000-0000-0000-0000-000000000000/resourceGroups/test_mgmt_managed_disks_test_create_vm_implicit_md9bd146b/providers/Microsoft.Network/networkInterfaces/pyvmirnic9bd146b\"}]},\r\n
        \   \"provisioningState\": \"Succeeded\"\r\n  },\r\n  \"type\": \"Microsoft.Compute/virtualMachines\",\r\n
        \ \"location\": \"westus\",\r\n  \"id\": \"/subscriptions/00000000-0000-0000-0000-000000000000/resourceGroups/test_mgmt_managed_disks_test_create_vm_implicit_md9bd146b/providers/Microsoft.Compute/virtualMachines/pyvmirvm9bd146b\",\r\n
        \ \"name\": \"pyvmirvm9bd146b\"\r\n}"}
    headers:
      Cache-Control: [no-cache]
      Content-Type: [application/json; charset=utf-8]
      Date: ['Fri, 30 Jun 2017 02:03:24 GMT']
      Expires: ['-1']
      Pragma: [no-cache]
      Server: [Microsoft-HTTPAPI/2.0, Microsoft-HTTPAPI/2.0]
      Strict-Transport-Security: [max-age=31536000; includeSubDomains]
      Transfer-Encoding: [chunked]
      Vary: [Accept-Encoding]
      content-length: ['2176']
      x-ms-correlation-request-id: [b0a4d9f0-444c-4673-a8cd-df224c71c75b]
      x-ms-ratelimit-remaining-subscription-reads: ['14997']
      x-ms-request-id: [f5dfb8f2-f15d-4f34-8b88-8e855ec65d4b]
      x-ms-routing-request-id: ['WESTUS:20170630T020324Z:b0a4d9f0-444c-4673-a8cd-df224c71c75b']
      x-ms-served-by: [2d78c99a-5cdc-4580-9eb7-b3e168e83a95_131282043969998685]
    status: {code: 200, message: OK}
version: 1
