interactions:
- request:
    body: '{"location": "westus", "tags": {"tag1": "value1", "tag2": "value2"}, "sku":
      {"name": "Standard"}}'
    headers:
      Accept: [application/json]
      Accept-Encoding: ['gzip, deflate']
      Connection: [keep-alive]
      Content-Length: ['97']
      Content-Type: [application/json; charset=utf-8]
      User-Agent: [python/3.6.3 (Windows-10-10.0.15063-SP0) requests/2.18.4 msrest/0.4.17
          msrest_azure/0.4.15 servicebusmanagementclient/0.3.0 Azure-SDK-For-Python]
      accept-language: [en-US]
    method: PUT
    uri: https://management.azure.com/subscriptions/00000000-0000-0000-0000-000000000000/resourceGroups/test_azure_mgmt_servicebus_topic_subscription_rule_test_sb_rule_curdd7b71c54/providers/Microsoft.ServiceBus/namespaces/testingpythontestcase?api-version=2017-04-01
  response:
    body: {string: '{"sku":{"name":"Standard","tier":"Standard"},"id":"/subscriptions/00000000-0000-0000-0000-000000000000/resourceGroups/test_azure_mgmt_servicebus_topic_subscription_rule_test_sb_rule_curdd7b71c54/providers/Microsoft.ServiceBus/namespaces/testingpythontestcase","name":"testingpythontestcase","type":"Microsoft.ServiceBus/Namespaces","location":"West
        US","tags":{"tag1":"value1","tag2":"value2"},"properties":{"provisioningState":"Updating","metricId":"00000000-0000-0000-0000-000000000000:testingpythontestcase","createdAt":"2017-10-31T18:47:26.74Z","updatedAt":"2017-10-31T18:53:47.37Z","serviceBusEndpoint":"https://testingpythontestcase.servicebus.windows.net:443/"}}'}
    headers:
      cache-control: [no-cache]
      content-length: ['669']
      content-type: [application/json; charset=utf-8]
      date: ['Tue, 31 Oct 2017 18:53:47 GMT']
      expires: ['-1']
      pragma: [no-cache]
      server: [Service-Bus-Resource-Provider/SN1, Microsoft-HTTPAPI/2.0]
      server-sb: [Service-Bus-Resource-Provider/SN1]
      strict-transport-security: [max-age=31536000; includeSubDomains]
      transfer-encoding: [chunked]
      vary: [Accept-Encoding]
      x-ms-ratelimit-remaining-subscription-writes: ['1199']
    status: {code: 200, message: OK}
- request:
    body: null
    headers:
      Accept: [application/json]
      Accept-Encoding: ['gzip, deflate']
      Connection: [keep-alive]
      Content-Type: [application/json; charset=utf-8]
      User-Agent: [python/3.6.3 (Windows-10-10.0.15063-SP0) requests/2.18.4 msrest/0.4.17
          msrest_azure/0.4.15 servicebusmanagementclient/0.3.0 Azure-SDK-For-Python]
      accept-language: [en-US]
    method: GET
    uri: https://management.azure.com/subscriptions/00000000-0000-0000-0000-000000000000/resourceGroups/test_azure_mgmt_servicebus_topic_subscription_rule_test_sb_rule_curdd7b71c54/providers/Microsoft.ServiceBus/namespaces/testingpythontestcase?api-version=2017-04-01
  response:
    body: {string: '{"sku":{"name":"Standard","tier":"Standard"},"id":"/subscriptions/00000000-0000-0000-0000-000000000000/resourceGroups/test_azure_mgmt_servicebus_topic_subscription_rule_test_sb_rule_curdd7b71c54/providers/Microsoft.ServiceBus/namespaces/testingpythontestcase","name":"testingpythontestcase","type":"Microsoft.ServiceBus/Namespaces","location":"West
        US","tags":{"tag1":"value1","tag2":"value2"},"properties":{"provisioningState":"Updating","metricId":"00000000-0000-0000-0000-000000000000:testingpythontestcase","createdAt":"2017-10-31T18:47:26.74Z","updatedAt":"2017-10-31T18:53:47.37Z","serviceBusEndpoint":"https://testingpythontestcase.servicebus.windows.net:443/"}}'}
    headers:
      cache-control: [no-cache]
      content-length: ['669']
      content-type: [application/json; charset=utf-8]
      date: ['Tue, 31 Oct 2017 18:54:19 GMT']
      expires: ['-1']
      pragma: [no-cache]
      server: [Service-Bus-Resource-Provider/SN1, Microsoft-HTTPAPI/2.0]
      server-sb: [Service-Bus-Resource-Provider/SN1]
      strict-transport-security: [max-age=31536000; includeSubDomains]
      transfer-encoding: [chunked]
      vary: [Accept-Encoding]
    status: {code: 200, message: OK}
- request:
    body: null
    headers:
      Accept: [application/json]
      Accept-Encoding: ['gzip, deflate']
      Connection: [keep-alive]
      Content-Type: [application/json; charset=utf-8]
      User-Agent: [python/3.6.3 (Windows-10-10.0.15063-SP0) requests/2.18.4 msrest/0.4.17
          msrest_azure/0.4.15 servicebusmanagementclient/0.3.0 Azure-SDK-For-Python]
      accept-language: [en-US]
    method: GET
    uri: https://management.azure.com/subscriptions/00000000-0000-0000-0000-000000000000/resourceGroups/test_azure_mgmt_servicebus_topic_subscription_rule_test_sb_rule_curdd7b71c54/providers/Microsoft.ServiceBus/namespaces/testingpythontestcase?api-version=2017-04-01
  response:
    body: {string: '{"sku":{"name":"Standard","tier":"Standard"},"id":"/subscriptions/00000000-0000-0000-0000-000000000000/resourceGroups/test_azure_mgmt_servicebus_topic_subscription_rule_test_sb_rule_curdd7b71c54/providers/Microsoft.ServiceBus/namespaces/testingpythontestcase","name":"testingpythontestcase","type":"Microsoft.ServiceBus/Namespaces","location":"West
        US","tags":{"tag1":"value1","tag2":"value2"},"properties":{"provisioningState":"Updating","metricId":"00000000-0000-0000-0000-000000000000:testingpythontestcase","createdAt":"2017-10-31T18:47:26.74Z","updatedAt":"2017-10-31T18:53:47.37Z","serviceBusEndpoint":"https://testingpythontestcase.servicebus.windows.net:443/"}}'}
    headers:
      cache-control: [no-cache]
      content-length: ['669']
      content-type: [application/json; charset=utf-8]
      date: ['Tue, 31 Oct 2017 18:54:49 GMT']
      expires: ['-1']
      pragma: [no-cache]
      server: [Service-Bus-Resource-Provider/SN1, Microsoft-HTTPAPI/2.0]
      server-sb: [Service-Bus-Resource-Provider/SN1]
      strict-transport-security: [max-age=31536000; includeSubDomains]
      transfer-encoding: [chunked]
      vary: [Accept-Encoding]
    status: {code: 200, message: OK}
- request:
    body: null
    headers:
      Accept: [application/json]
      Accept-Encoding: ['gzip, deflate']
      Connection: [keep-alive]
      Content-Type: [application/json; charset=utf-8]
      User-Agent: [python/3.6.3 (Windows-10-10.0.15063-SP0) requests/2.18.4 msrest/0.4.17
          msrest_azure/0.4.15 servicebusmanagementclient/0.3.0 Azure-SDK-For-Python]
      accept-language: [en-US]
    method: GET
    uri: https://management.azure.com/subscriptions/00000000-0000-0000-0000-000000000000/resourceGroups/test_azure_mgmt_servicebus_topic_subscription_rule_test_sb_rule_curdd7b71c54/providers/Microsoft.ServiceBus/namespaces/testingpythontestcase?api-version=2017-04-01
  response:
    body: {string: '{"sku":{"name":"Standard","tier":"Standard"},"id":"/subscriptions/00000000-0000-0000-0000-000000000000/resourceGroups/test_azure_mgmt_servicebus_topic_subscription_rule_test_sb_rule_curdd7b71c54/providers/Microsoft.ServiceBus/namespaces/testingpythontestcase","name":"testingpythontestcase","type":"Microsoft.ServiceBus/Namespaces","location":"West
        US","tags":{"tag1":"value1","tag2":"value2"},"properties":{"provisioningState":"Updating","metricId":"00000000-0000-0000-0000-000000000000:testingpythontestcase","createdAt":"2017-10-31T18:47:26.74Z","updatedAt":"2017-10-31T18:53:47.37Z","serviceBusEndpoint":"https://testingpythontestcase.servicebus.windows.net:443/"}}'}
    headers:
      cache-control: [no-cache]
      content-length: ['669']
      content-type: [application/json; charset=utf-8]
      date: ['Tue, 31 Oct 2017 18:55:20 GMT']
      expires: ['-1']
      pragma: [no-cache]
      server: [Service-Bus-Resource-Provider/SN1, Microsoft-HTTPAPI/2.0]
      server-sb: [Service-Bus-Resource-Provider/SN1]
      strict-transport-security: [max-age=31536000; includeSubDomains]
      transfer-encoding: [chunked]
      vary: [Accept-Encoding]
    status: {code: 200, message: OK}
- request:
    body: null
    headers:
      Accept: [application/json]
      Accept-Encoding: ['gzip, deflate']
      Connection: [keep-alive]
      Content-Type: [application/json; charset=utf-8]
      User-Agent: [python/3.6.3 (Windows-10-10.0.15063-SP0) requests/2.18.4 msrest/0.4.17
          msrest_azure/0.4.15 servicebusmanagementclient/0.3.0 Azure-SDK-For-Python]
      accept-language: [en-US]
    method: GET
    uri: https://management.azure.com/subscriptions/00000000-0000-0000-0000-000000000000/resourceGroups/test_azure_mgmt_servicebus_topic_subscription_rule_test_sb_rule_curdd7b71c54/providers/Microsoft.ServiceBus/namespaces/testingpythontestcase?api-version=2017-04-01
  response:
    body: {string: '{"sku":{"name":"Standard","tier":"Standard"},"id":"/subscriptions/00000000-0000-0000-0000-000000000000/resourceGroups/test_azure_mgmt_servicebus_topic_subscription_rule_test_sb_rule_curdd7b71c54/providers/Microsoft.ServiceBus/namespaces/testingpythontestcase","name":"testingpythontestcase","type":"Microsoft.ServiceBus/Namespaces","location":"West
        US","tags":{"tag1":"value1","tag2":"value2"},"properties":{"provisioningState":"Updating","metricId":"00000000-0000-0000-0000-000000000000:testingpythontestcase","createdAt":"2017-10-31T18:47:26.74Z","updatedAt":"2017-10-31T18:53:47.37Z","serviceBusEndpoint":"https://testingpythontestcase.servicebus.windows.net:443/"}}'}
    headers:
      cache-control: [no-cache]
      content-length: ['669']
      content-type: [application/json; charset=utf-8]
      date: ['Tue, 31 Oct 2017 18:55:52 GMT']
      expires: ['-1']
      pragma: [no-cache]
      server: [Service-Bus-Resource-Provider/SN1, Microsoft-HTTPAPI/2.0]
      server-sb: [Service-Bus-Resource-Provider/SN1]
      strict-transport-security: [max-age=31536000; includeSubDomains]
      transfer-encoding: [chunked]
      vary: [Accept-Encoding]
    status: {code: 200, message: OK}
- request:
    body: null
    headers:
      Accept: [application/json]
      Accept-Encoding: ['gzip, deflate']
      Connection: [keep-alive]
      Content-Type: [application/json; charset=utf-8]
      User-Agent: [python/3.6.3 (Windows-10-10.0.15063-SP0) requests/2.18.4 msrest/0.4.17
          msrest_azure/0.4.15 servicebusmanagementclient/0.3.0 Azure-SDK-For-Python]
      accept-language: [en-US]
    method: GET
    uri: https://management.azure.com/subscriptions/00000000-0000-0000-0000-000000000000/resourceGroups/test_azure_mgmt_servicebus_topic_subscription_rule_test_sb_rule_curdd7b71c54/providers/Microsoft.ServiceBus/namespaces/testingpythontestcase?api-version=2017-04-01
  response:
    body: {string: '{"sku":{"name":"Standard","tier":"Standard"},"id":"/subscriptions/00000000-0000-0000-0000-000000000000/resourceGroups/test_azure_mgmt_servicebus_topic_subscription_rule_test_sb_rule_curdd7b71c54/providers/Microsoft.ServiceBus/namespaces/testingpythontestcase","name":"testingpythontestcase","type":"Microsoft.ServiceBus/Namespaces","location":"West
        US","tags":{"tag1":"value1","tag2":"value2"},"properties":{"provisioningState":"Updating","metricId":"00000000-0000-0000-0000-000000000000:testingpythontestcase","createdAt":"2017-10-31T18:47:26.74Z","updatedAt":"2017-10-31T18:53:47.37Z","serviceBusEndpoint":"https://testingpythontestcase.servicebus.windows.net:443/"}}'}
    headers:
      cache-control: [no-cache]
      content-length: ['669']
      content-type: [application/json; charset=utf-8]
      date: ['Tue, 31 Oct 2017 18:56:22 GMT']
      expires: ['-1']
      pragma: [no-cache]
      server: [Service-Bus-Resource-Provider/SN1, Microsoft-HTTPAPI/2.0]
      server-sb: [Service-Bus-Resource-Provider/SN1]
      strict-transport-security: [max-age=31536000; includeSubDomains]
      transfer-encoding: [chunked]
      vary: [Accept-Encoding]
    status: {code: 200, message: OK}
- request:
    body: null
    headers:
      Accept: [application/json]
      Accept-Encoding: ['gzip, deflate']
      Connection: [keep-alive]
      Content-Type: [application/json; charset=utf-8]
      User-Agent: [python/3.6.3 (Windows-10-10.0.15063-SP0) requests/2.18.4 msrest/0.4.17
          msrest_azure/0.4.15 servicebusmanagementclient/0.3.0 Azure-SDK-For-Python]
      accept-language: [en-US]
    method: GET
    uri: https://management.azure.com/subscriptions/00000000-0000-0000-0000-000000000000/resourceGroups/test_azure_mgmt_servicebus_topic_subscription_rule_test_sb_rule_curdd7b71c54/providers/Microsoft.ServiceBus/namespaces/testingpythontestcase?api-version=2017-04-01
  response:
    body: {string: '{"sku":{"name":"Standard","tier":"Standard"},"id":"/subscriptions/00000000-0000-0000-0000-000000000000/resourceGroups/test_azure_mgmt_servicebus_topic_subscription_rule_test_sb_rule_curdd7b71c54/providers/Microsoft.ServiceBus/namespaces/testingpythontestcase","name":"testingpythontestcase","type":"Microsoft.ServiceBus/Namespaces","location":"West
        US","tags":{"tag1":"value1","tag2":"value2"},"properties":{"provisioningState":"Updating","metricId":"00000000-0000-0000-0000-000000000000:testingpythontestcase","createdAt":"2017-10-31T18:47:26.74Z","updatedAt":"2017-10-31T18:53:47.37Z","serviceBusEndpoint":"https://testingpythontestcase.servicebus.windows.net:443/"}}'}
    headers:
      cache-control: [no-cache]
      content-length: ['669']
      content-type: [application/json; charset=utf-8]
      date: ['Tue, 31 Oct 2017 18:56:55 GMT']
      expires: ['-1']
      pragma: [no-cache]
      server: [Service-Bus-Resource-Provider/SN1, Microsoft-HTTPAPI/2.0]
      server-sb: [Service-Bus-Resource-Provider/SN1]
      strict-transport-security: [max-age=31536000; includeSubDomains]
      transfer-encoding: [chunked]
      vary: [Accept-Encoding]
    status: {code: 200, message: OK}
- request:
    body: null
    headers:
      Accept: [application/json]
      Accept-Encoding: ['gzip, deflate']
      Connection: [keep-alive]
      Content-Type: [application/json; charset=utf-8]
      User-Agent: [python/3.6.3 (Windows-10-10.0.15063-SP0) requests/2.18.4 msrest/0.4.17
          msrest_azure/0.4.15 servicebusmanagementclient/0.3.0 Azure-SDK-For-Python]
      accept-language: [en-US]
    method: GET
    uri: https://management.azure.com/subscriptions/00000000-0000-0000-0000-000000000000/resourceGroups/test_azure_mgmt_servicebus_topic_subscription_rule_test_sb_rule_curdd7b71c54/providers/Microsoft.ServiceBus/namespaces/testingpythontestcase?api-version=2017-04-01
  response:
    body: {string: '{"sku":{"name":"Standard","tier":"Standard"},"id":"/subscriptions/00000000-0000-0000-0000-000000000000/resourceGroups/test_azure_mgmt_servicebus_topic_subscription_rule_test_sb_rule_curdd7b71c54/providers/Microsoft.ServiceBus/namespaces/testingpythontestcase","name":"testingpythontestcase","type":"Microsoft.ServiceBus/Namespaces","location":"West
        US","tags":{"tag1":"value1","tag2":"value2"},"properties":{"provisioningState":"Succeeded","metricId":"00000000-0000-0000-0000-000000000000:testingpythontestcase","createdAt":"2017-10-31T18:47:26.74Z","updatedAt":"2017-10-31T18:57:16.583Z","serviceBusEndpoint":"https://testingpythontestcase.servicebus.windows.net:443/"}}'}
    headers:
      cache-control: [no-cache]
      content-length: ['671']
      content-type: [application/json; charset=utf-8]
      date: ['Tue, 31 Oct 2017 18:57:26 GMT']
      expires: ['-1']
      pragma: [no-cache]
      server: [Service-Bus-Resource-Provider/SN1, Microsoft-HTTPAPI/2.0]
      server-sb: [Service-Bus-Resource-Provider/SN1]
      strict-transport-security: [max-age=31536000; includeSubDomains]
      transfer-encoding: [chunked]
      vary: [Accept-Encoding]
    status: {code: 200, message: OK}
- request:
    body: '{}'
    headers:
      Accept: [application/json]
      Accept-Encoding: ['gzip, deflate']
      Connection: [keep-alive]
      Content-Length: ['2']
      Content-Type: [application/json; charset=utf-8]
      User-Agent: [python/3.6.3 (Windows-10-10.0.15063-SP0) requests/2.18.4 msrest/0.4.17
          msrest_azure/0.4.15 servicebusmanagementclient/0.3.0 Azure-SDK-For-Python]
      accept-language: [en-US]
    method: PUT
    uri: https://management.azure.com/subscriptions/00000000-0000-0000-0000-000000000000/resourceGroups/test_azure_mgmt_servicebus_topic_subscription_rule_test_sb_rule_curdd7b71c54/providers/Microsoft.ServiceBus/namespaces/testingpythontestcase/topics/testingpythonsdktopic?api-version=2017-04-01
  response:
    body: {string: '{"id":"/subscriptions/00000000-0000-0000-0000-000000000000/resourceGroups/test_azure_mgmt_servicebus_topic_subscription_rule_test_sb_rule_curdd7b71c54/providers/Microsoft.ServiceBus/namespaces/testingpythontestcase/topics/testingpythonsdktopic","name":"testingpythonsdktopic","type":"Microsoft.ServiceBus/Namespaces/Topics","location":"West
        US","properties":{"defaultMessageTimeToLive":"P10675199DT2H48M5.4775807S","maxSizeInMegabytes":5120,"requiresDuplicateDetection":false,"duplicateDetectionHistoryTimeWindow":"PT10M","enableBatchedOperations":true,"sizeInBytes":0,"status":"Active","supportOrdering":true,"autoDeleteOnIdle":"P10675199DT2H48M5.4775807S","enablePartitioning":false,"enableExpress":false,"createdAt":"0001-01-01T00:00:00","updatedAt":"0001-01-01T00:00:00","accessedAt":"0001-01-01T00:00:00","subscriptionCount":0,"countDetails":{"activeMessageCount":0,"deadLetterMessageCount":0,"scheduledMessageCount":0,"transferMessageCount":0,"transferDeadLetterMessageCount":0}}}'}
    headers:
      cache-control: [no-cache]
      content-length: ['986']
      content-type: [application/json; charset=utf-8]
      date: ['Tue, 31 Oct 2017 18:57:27 GMT']
      expires: ['-1']
      pragma: [no-cache]
      server: [Service-Bus-Resource-Provider/SN1, Microsoft-HTTPAPI/2.0]
      server-sb: [Service-Bus-Resource-Provider/SN1]
      strict-transport-security: [max-age=31536000; includeSubDomains]
      transfer-encoding: [chunked]
      vary: [Accept-Encoding]
      x-ms-ratelimit-remaining-subscription-writes: ['1199']
    status: {code: 200, message: OK}
- request:
    body: null
    headers:
      Accept: [application/json]
      Accept-Encoding: ['gzip, deflate']
      Connection: [keep-alive]
      Content-Type: [application/json; charset=utf-8]
      User-Agent: [python/3.6.3 (Windows-10-10.0.15063-SP0) requests/2.18.4 msrest/0.4.17
          msrest_azure/0.4.15 servicebusmanagementclient/0.3.0 Azure-SDK-For-Python]
      accept-language: [en-US]
    method: GET
    uri: https://management.azure.com/subscriptions/00000000-0000-0000-0000-000000000000/resourceGroups/test_azure_mgmt_servicebus_topic_subscription_rule_test_sb_rule_curdd7b71c54/providers/Microsoft.ServiceBus/namespaces/testingpythontestcase/topics/testingpythonsdktopic?api-version=2017-04-01
  response:
    body: {string: '{"id":"/subscriptions/00000000-0000-0000-0000-000000000000/resourceGroups/test_azure_mgmt_servicebus_topic_subscription_rule_test_sb_rule_curdd7b71c54/providers/Microsoft.ServiceBus/namespaces/testingpythontestcase/topics/testingpythonsdktopic","name":"testingpythonsdktopic","type":"Microsoft.ServiceBus/Namespaces/Topics","location":"West
        US","properties":{"defaultMessageTimeToLive":"P10675199DT2H48M5.4775807S","maxSizeInMegabytes":5120,"requiresDuplicateDetection":false,"duplicateDetectionHistoryTimeWindow":"PT10M","enableBatchedOperations":true,"sizeInBytes":0,"status":"Active","supportOrdering":true,"autoDeleteOnIdle":"P10675199DT2H48M5.4775807S","enablePartitioning":false,"enableExpress":false,"createdAt":"2017-10-31T18:50:35.6228205Z","updatedAt":"2017-10-31T18:57:27.9452903Z","accessedAt":"2017-10-31T18:50:39.167Z","subscriptionCount":1,"countDetails":{"activeMessageCount":0,"deadLetterMessageCount":0,"scheduledMessageCount":0,"transferMessageCount":0,"transferDeadLetterMessageCount":0}}}'}
    headers:
      cache-control: [no-cache]
      content-length: ['1009']
      content-type: [application/json; charset=utf-8]
      date: ['Tue, 31 Oct 2017 18:57:28 GMT']
      expires: ['-1']
      pragma: [no-cache]
      server: [Service-Bus-Resource-Provider/SN1, Microsoft-HTTPAPI/2.0]
      server-sb: [Service-Bus-Resource-Provider/SN1]
      strict-transport-security: [max-age=31536000; includeSubDomains]
      transfer-encoding: [chunked]
      vary: [Accept-Encoding]
    status: {code: 200, message: OK}
- request:
    body: '{}'
    headers:
      Accept: [application/json]
      Accept-Encoding: ['gzip, deflate']
      Connection: [keep-alive]
      Content-Length: ['2']
      Content-Type: [application/json; charset=utf-8]
      User-Agent: [python/3.6.3 (Windows-10-10.0.15063-SP0) requests/2.18.4 msrest/0.4.17
          msrest_azure/0.4.15 servicebusmanagementclient/0.3.0 Azure-SDK-For-Python]
      accept-language: [en-US]
    method: PUT
    uri: https://management.azure.com/subscriptions/00000000-0000-0000-0000-000000000000/resourceGroups/test_azure_mgmt_servicebus_topic_subscription_rule_test_sb_rule_curdd7b71c54/providers/Microsoft.ServiceBus/namespaces/testingpythontestcase/topics/testingpythonsdktopic/subscriptions/testingpythonsdksubscription?api-version=2017-04-01
  response:
    body: {string: '{"id":"/subscriptions/00000000-0000-0000-0000-000000000000/resourceGroups/test_azure_mgmt_servicebus_topic_subscription_rule_test_sb_rule_curdd7b71c54/providers/Microsoft.ServiceBus/namespaces/testingpythontestcase/topics/testingpythonsdktopic/subscriptions/testingpythonsdksubscription","name":"testingpythonsdksubscription","type":"Microsoft.ServiceBus/Namespaces/Topics/Subscriptions","location":"West
        US","properties":{"lockDuration":"PT1M","requiresSession":false,"defaultMessageTimeToLive":"P10675199DT2H48M5.4775807S","deadLetteringOnMessageExpiration":false,"messageCount":0,"maxDeliveryCount":10,"status":"Active","enableBatchedOperations":true,"createdAt":"2017-10-31T18:57:29.4047321Z","updatedAt":"2017-10-31T18:57:29.4047321Z","accessedAt":"0001-01-01T00:00:00","countDetails":{"activeMessageCount":0,"deadLetterMessageCount":0,"scheduledMessageCount":0,"transferMessageCount":0,"transferDeadLetterMessageCount":0},"autoDeleteOnIdle":"P10675199DT2H48M5.4775807S","forwardTo":"","forwardDeadLetteredMessagesTo":""}}'}
    headers:
      cache-control: [no-cache]
      content-length: ['1027']
      content-type: [application/json; charset=utf-8]
      date: ['Tue, 31 Oct 2017 18:57:29 GMT']
      expires: ['-1']
      pragma: [no-cache]
      server: [Service-Bus-Resource-Provider/SN1, Microsoft-HTTPAPI/2.0]
      server-sb: [Service-Bus-Resource-Provider/SN1]
      strict-transport-security: [max-age=31536000; includeSubDomains]
      transfer-encoding: [chunked]
      vary: [Accept-Encoding]
      x-ms-ratelimit-remaining-subscription-writes: ['1199']
    status: {code: 200, message: OK}
- request:
    body: null
    headers:
      Accept: [application/json]
      Accept-Encoding: ['gzip, deflate']
      Connection: [keep-alive]
      Content-Type: [application/json; charset=utf-8]
      User-Agent: [python/3.6.3 (Windows-10-10.0.15063-SP0) requests/2.18.4 msrest/0.4.17
          msrest_azure/0.4.15 servicebusmanagementclient/0.3.0 Azure-SDK-For-Python]
      accept-language: [en-US]
    method: GET
    uri: https://management.azure.com/subscriptions/00000000-0000-0000-0000-000000000000/resourceGroups/test_azure_mgmt_servicebus_topic_subscription_rule_test_sb_rule_curdd7b71c54/providers/Microsoft.ServiceBus/namespaces/testingpythontestcase/topics/testingpythonsdktopic/subscriptions/testingpythonsdksubscription?api-version=2017-04-01
  response:
    body: {string: '{"id":"/subscriptions/00000000-0000-0000-0000-000000000000/resourceGroups/test_azure_mgmt_servicebus_topic_subscription_rule_test_sb_rule_curdd7b71c54/providers/Microsoft.ServiceBus/namespaces/testingpythontestcase/topics/testingpythonsdktopic/subscriptions/testingpythonsdksubscription","name":"testingpythonsdksubscription","type":"Microsoft.ServiceBus/Namespaces/Topics/Subscriptions","location":"West
        US","properties":{"lockDuration":"PT1M","requiresSession":false,"defaultMessageTimeToLive":"P10675199DT2H48M5.4775807S","deadLetteringOnMessageExpiration":false,"messageCount":0,"maxDeliveryCount":10,"status":"Active","enableBatchedOperations":true,"createdAt":"2017-10-31T18:50:39.1668003Z","updatedAt":"2017-10-31T18:57:29.7117769Z","accessedAt":"2017-10-31T18:50:39.167Z","countDetails":{"activeMessageCount":0,"deadLetterMessageCount":0,"scheduledMessageCount":0,"transferMessageCount":0,"transferDeadLetterMessageCount":0},"autoDeleteOnIdle":"P10675199DT2H48M5.4775807S","forwardTo":"","forwardDeadLetteredMessagesTo":""}}'}
    headers:
      cache-control: [no-cache]
      content-length: ['1032']
      content-type: [application/json; charset=utf-8]
      date: ['Tue, 31 Oct 2017 18:57:29 GMT']
      expires: ['-1']
      pragma: [no-cache]
      server: [Service-Bus-Resource-Provider/SN1, Microsoft-HTTPAPI/2.0]
      server-sb: [Service-Bus-Resource-Provider/SN1]
      strict-transport-security: [max-age=31536000; includeSubDomains]
      transfer-encoding: [chunked]
      vary: [Accept-Encoding]
    status: {code: 200, message: OK}
- request:
    body: '{}'
    headers:
      Accept: [application/json]
      Accept-Encoding: ['gzip, deflate']
      Connection: [keep-alive]
      Content-Length: ['2']
      Content-Type: [application/json; charset=utf-8]
      User-Agent: [python/3.6.3 (Windows-10-10.0.15063-SP0) requests/2.18.4 msrest/0.4.17
          msrest_azure/0.4.15 servicebusmanagementclient/0.3.0 Azure-SDK-For-Python]
      accept-language: [en-US]
    method: PUT
    uri: https://management.azure.com/subscriptions/00000000-0000-0000-0000-000000000000/resourceGroups/test_azure_mgmt_servicebus_topic_subscription_rule_test_sb_rule_curdd7b71c54/providers/Microsoft.ServiceBus/namespaces/testingpythontestcase/topics/testingpythonsdktopic/subscriptions/testingpythonsdksubscription/rules/testingpythonsdkrule?api-version=2017-04-01
  response:
    body: {string: '{"id":"/subscriptions/00000000-0000-0000-0000-000000000000/resourceGroups/test_azure_mgmt_servicebus_topic_subscription_rule_test_sb_rule_curdd7b71c54/providers/Microsoft.ServiceBus/namespaces/testingpythontestcase/topics/testingpythonsdktopic/subscriptions/testingpythonsdksubscription/rules/testingpythonsdkrule","name":"testingpythonsdkrule","type":"Microsoft.ServiceBus/Namespaces/Topics/Subscriptions/Rules","location":"West
        US","properties":{"action":{},"filterType":"SqlFilter","sqlFilter":{"sqlExpression":"1=1","compatibilityLevel":20}}}'}
    headers:
      cache-control: [no-cache]
      content-length: ['546']
      content-type: [application/json; charset=utf-8]
      date: ['Tue, 31 Oct 2017 18:57:36 GMT']
      expires: ['-1']
      pragma: [no-cache]
      server: [Service-Bus-Resource-Provider/SN1, Microsoft-HTTPAPI/2.0]
      server-sb: [Service-Bus-Resource-Provider/SN1]
      strict-transport-security: [max-age=31536000; includeSubDomains]
      transfer-encoding: [chunked]
      vary: [Accept-Encoding]
      x-ms-ratelimit-remaining-subscription-writes: ['1199']
    status: {code: 200, message: OK}
- request:
    body: null
    headers:
      Accept: [application/json]
      Accept-Encoding: ['gzip, deflate']
      Connection: [keep-alive]
      Content-Type: [application/json; charset=utf-8]
      User-Agent: [python/3.6.3 (Windows-10-10.0.15063-SP0) requests/2.18.4 msrest/0.4.17
          msrest_azure/0.4.15 servicebusmanagementclient/0.3.0 Azure-SDK-For-Python]
      accept-language: [en-US]
    method: GET
    uri: https://management.azure.com/subscriptions/00000000-0000-0000-0000-000000000000/resourceGroups/test_azure_mgmt_servicebus_topic_subscription_rule_test_sb_rule_curdd7b71c54/providers/Microsoft.ServiceBus/namespaces/testingpythontestcase/topics/testingpythonsdktopic/subscriptions/testingpythonsdksubscription/rules/testingpythonsdkrule?api-version=2017-04-01
  response:
    body: {string: '{"id":"/subscriptions/00000000-0000-0000-0000-000000000000/resourceGroups/test_azure_mgmt_servicebus_topic_subscription_rule_test_sb_rule_curdd7b71c54/providers/Microsoft.ServiceBus/namespaces/testingpythontestcase/topics/testingpythonsdktopic/subscriptions/testingpythonsdksubscription/rules/testingpythonsdkrule","name":"testingpythonsdkrule","type":"Microsoft.ServiceBus/Namespaces/Topics/Subscriptions/Rules","location":"West
        US","properties":{"action":{},"filterType":"SqlFilter","sqlFilter":{"sqlExpression":"1=1","compatibilityLevel":20}}}'}
    headers:
      cache-control: [no-cache]
      content-length: ['546']
      content-type: [application/json; charset=utf-8]
      date: ['Tue, 31 Oct 2017 18:57:39 GMT']
      expires: ['-1']
      pragma: [no-cache]
      server: [Service-Bus-Resource-Provider/SN1, Microsoft-HTTPAPI/2.0]
      server-sb: [Service-Bus-Resource-Provider/SN1]
      strict-transport-security: [max-age=31536000; includeSubDomains]
      transfer-encoding: [chunked]
      vary: [Accept-Encoding]
    status: {code: 200, message: OK}
- request:
    body: null
    headers:
      Accept: [application/json]
      Accept-Encoding: ['gzip, deflate']
      Connection: [keep-alive]
      Content-Type: [application/json; charset=utf-8]
      User-Agent: [python/3.6.3 (Windows-10-10.0.15063-SP0) requests/2.18.4 msrest/0.4.17
          msrest_azure/0.4.15 servicebusmanagementclient/0.3.0 Azure-SDK-For-Python]
      accept-language: [en-US]
    method: GET
    uri: https://management.azure.com/subscriptions/00000000-0000-0000-0000-000000000000/resourceGroups/test_azure_mgmt_servicebus_topic_subscription_rule_test_sb_rule_curdd7b71c54/providers/Microsoft.ServiceBus/namespaces/testingpythontestcase/topics/testingpythonsdktopic/subscriptions/testingpythonsdksubscription/rules?api-version=2017-04-01
  response:
    body: {string: '{"value":[{"id":"/subscriptions/00000000-0000-0000-0000-000000000000/resourceGroups/test_azure_mgmt_servicebus_topic_subscription_rule_test_sb_rule_curdd7b71c54/providers/Microsoft.ServiceBus/namespaces/testingpythontestcase/topics/testingpythonsdktopic/subscriptions/testingpythonsdksubscription/rules/testingpythonsdkrule","name":"testingpythonsdkrule","type":"Microsoft.ServiceBus/Namespaces/Topics/Subscriptions/Rules","location":"West
        US","properties":{"action":{},"filterType":"SqlFilter","sqlFilter":{"sqlExpression":"1=1","compatibilityLevel":20}}}]}'}
    headers:
      cache-control: [no-cache]
      content-length: ['558']
      content-type: [application/json; charset=utf-8]
      date: ['Tue, 31 Oct 2017 18:57:42 GMT']
      expires: ['-1']
      pragma: [no-cache]
      server: [Service-Bus-Resource-Provider/SN1, Microsoft-HTTPAPI/2.0]
      server-sb: [Service-Bus-Resource-Provider/SN1]
      strict-transport-security: [max-age=31536000; includeSubDomains]
      transfer-encoding: [chunked]
      vary: [Accept-Encoding]
    status: {code: 200, message: OK}
- request:
    body: '{"properties": {"filterType": "SqlFilter", "sqlFilter": {"sqlExpression":
      "myproperty=''test''", "requiresPreprocessing": true}}}'
    headers:
      Accept: [application/json]
      Accept-Encoding: ['gzip, deflate']
      Connection: [keep-alive]
      Content-Length: ['127']
      Content-Type: [application/json; charset=utf-8]
      User-Agent: [python/3.6.3 (Windows-10-10.0.15063-SP0) requests/2.18.4 msrest/0.4.17
          msrest_azure/0.4.15 servicebusmanagementclient/0.3.0 Azure-SDK-For-Python]
      accept-language: [en-US]
    method: PUT
    uri: https://management.azure.com/subscriptions/00000000-0000-0000-0000-000000000000/resourceGroups/test_azure_mgmt_servicebus_topic_subscription_rule_test_sb_rule_curdd7b71c54/providers/Microsoft.ServiceBus/namespaces/testingpythontestcase/topics/testingpythonsdktopic/subscriptions/testingpythonsdksubscription/rules/testingpythonsdkrule?api-version=2017-04-01
  response:
    body: {string: '{"id":"/subscriptions/00000000-0000-0000-0000-000000000000/resourceGroups/test_azure_mgmt_servicebus_topic_subscription_rule_test_sb_rule_curdd7b71c54/providers/Microsoft.ServiceBus/namespaces/testingpythontestcase/topics/testingpythonsdktopic/subscriptions/testingpythonsdksubscription/rules/testingpythonsdkrule","name":"testingpythonsdkrule","type":"Microsoft.ServiceBus/Namespaces/Topics/Subscriptions/Rules","location":"West
        US","properties":{"action":{},"filterType":"SqlFilter","sqlFilter":{"sqlExpression":"myproperty=''test''","compatibilityLevel":20}}}'}
    headers:
      cache-control: [no-cache]
      content-length: ['560']
      content-type: [application/json; charset=utf-8]
      date: ['Tue, 31 Oct 2017 18:57:50 GMT']
      expires: ['-1']
      pragma: [no-cache]
      server: [Service-Bus-Resource-Provider/SN1, Microsoft-HTTPAPI/2.0]
      server-sb: [Service-Bus-Resource-Provider/SN1]
      strict-transport-security: [max-age=31536000; includeSubDomains]
      transfer-encoding: [chunked]
      vary: [Accept-Encoding]
      x-ms-ratelimit-remaining-subscription-writes: ['1198']
    status: {code: 200, message: OK}
- request:
    body: null
    headers:
      Accept: [application/json]
      Accept-Encoding: ['gzip, deflate']
      Connection: [keep-alive]
      Content-Length: ['0']
      Content-Type: [application/json; charset=utf-8]
      User-Agent: [python/3.6.3 (Windows-10-10.0.15063-SP0) requests/2.18.4 msrest/0.4.17
          msrest_azure/0.4.15 servicebusmanagementclient/0.3.0 Azure-SDK-For-Python]
      accept-language: [en-US]
    method: DELETE
    uri: https://management.azure.com/subscriptions/00000000-0000-0000-0000-000000000000/resourceGroups/test_azure_mgmt_servicebus_topic_subscription_rule_test_sb_rule_curdd7b71c54/providers/Microsoft.ServiceBus/namespaces/testingpythontestcase/topics/testingpythonsdktopic/subscriptions/testingpythonsdksubscription?api-version=2017-04-01
  response:
    body: {string: ''}
    headers:
      cache-control: [no-cache]
      content-length: ['0']
      date: ['Tue, 31 Oct 2017 18:58:14 GMT']
      expires: ['-1']
      pragma: [no-cache]
      server: [Service-Bus-Resource-Provider/SN1, Microsoft-HTTPAPI/2.0]
      server-sb: [Service-Bus-Resource-Provider/SN1]
      strict-transport-security: [max-age=31536000; includeSubDomains]
      x-ms-ratelimit-remaining-subscription-writes: ['1199']
    status: {code: 200, message: OK}
- request:
    body: null
    headers:
      Accept: [application/json]
      Accept-Encoding: ['gzip, deflate']
      Connection: [keep-alive]
      Content-Length: ['0']
      Content-Type: [application/json; charset=utf-8]
      User-Agent: [python/3.6.3 (Windows-10-10.0.15063-SP0) requests/2.18.4 msrest/0.4.17
          msrest_azure/0.4.15 servicebusmanagementclient/0.3.0 Azure-SDK-For-Python]
      accept-language: [en-US]
    method: DELETE
    uri: https://management.azure.com/subscriptions/00000000-0000-0000-0000-000000000000/resourceGroups/test_azure_mgmt_servicebus_topic_subscription_rule_test_sb_rule_curdd7b71c54/providers/Microsoft.ServiceBus/namespaces/testingpythontestcase/topics/testingpythonsdktopic?api-version=2017-04-01
  response:
    body: {string: ''}
    headers:
      cache-control: [no-cache]
      content-length: ['0']
      date: ['Tue, 31 Oct 2017 18:58:16 GMT']
      expires: ['-1']
      pragma: [no-cache]
      server: [Service-Bus-Resource-Provider/SN1, Microsoft-HTTPAPI/2.0]
      server-sb: [Service-Bus-Resource-Provider/SN1]
      strict-transport-security: [max-age=31536000; includeSubDomains]
      x-ms-ratelimit-remaining-subscription-writes: ['1198']
    status: {code: 200, message: OK}
- request:
    body: null
    headers:
      Accept: [application/json]
      Accept-Encoding: ['gzip, deflate']
      Connection: [keep-alive]
      Content-Length: ['0']
      Content-Type: [application/json; charset=utf-8]
      User-Agent: [python/3.6.3 (Windows-10-10.0.15063-SP0) requests/2.18.4 msrest/0.4.17
          msrest_azure/0.4.15 servicebusmanagementclient/0.3.0 Azure-SDK-For-Python]
      accept-language: [en-US]
    method: DELETE
    uri: https://management.azure.com/subscriptions/00000000-0000-0000-0000-000000000000/resourceGroups/test_azure_mgmt_servicebus_topic_subscription_rule_test_sb_rule_curdd7b71c54/providers/Microsoft.ServiceBus/namespaces/testingpythontestcase?api-version=2017-04-01
  response:
    body: {string: ''}
    headers:
      cache-control: [no-cache]
      content-length: ['0']
      date: ['Tue, 31 Oct 2017 18:58:19 GMT']
      expires: ['-1']
      location: ['https://management.azure.com/subscriptions/00000000-0000-0000-0000-000000000000/resourceGroups/test_azure_mgmt_servicebus_topic_subscription_rule_test_sb_rule_curdd7b71c54/providers/Microsoft.ServiceBus/namespaces/testingpythontestcase/operationresults/testingpythontestcase?api-version=2017-04-01']
      pragma: [no-cache]
      server: [Service-Bus-Resource-Provider/SN1, Microsoft-HTTPAPI/2.0]
      server-sb: [Service-Bus-Resource-Provider/SN1]
      strict-transport-security: [max-age=31536000; includeSubDomains]
      x-ms-ratelimit-remaining-subscription-writes: ['1199']
    status: {code: 202, message: Accepted}
version: 1
