interactions:
- request:
    body: '{"kty": "RSA"}'
    headers:
      Accept: [application/json]
      Accept-Encoding: ['gzip, deflate']
      Connection: [keep-alive]
      Content-Length: ['14']
      Content-Type: [application/json; charset=utf-8]
      User-Agent: [python/3.5.1 (Windows-10-10.0.14393-SP0) requests/2.11.1 msrest/0.4.4
          msrest_azure/0.4.3 keyvaultclient/0.30.0rc6 Azure-SDK-For-Python]
      accept-language: [en-US]
      x-ms-client-request-id: [a3623978-97ef-11e6-b89a-a0b3ccf7272a]
    method: POST
    uri: https://python-sdk-test-keyvault.vault.azure.net/keys/pythonKey1/create?api-version=2015-06-01
  response:
    body: {string: '{"key":{"kid":"https://python-sdk-test-keyvault.vault.azure.net/keys/pythonKey1/d1f67075e2694b08a4a605208c18eac4","kty":"RSA","key_ops":["encrypt","decrypt","sign","verify","wrapKey","unwrapKey"],"n":"9WPs9NQvha8AVMdWt-Z1ZJw20UwlxTrPfI0PyE-vcpicgDOAgaKcWx3R0aWaIiqEer0FMk5kBw40JOfVHVAsNftGejddd6VPLWFpkkCANOAYuUZDAAmFaTWhSvetdGv4eJW1xS6g0gKdmwArz8gJJPzqQBgV4casod07f9dYEUp9Vlpgo5AHSU0k08whHEXvTuFnEKAcOYPweLsl13x1N5WFmS9HW8X0lEEm47dsKEe896dYhtEPtVSdDReHdvOCXc5SHnCMT7fAJiu0KJKwi1KMkSBC2KOjHWp5hJmHh4GjTougelyInF2OsPK5xx3dV37MiiifyRh5T309wTPNhw","e":"AQAB"},"attributes":{"enabled":true,"created":1477096617,"updated":1477096617}}'}
    headers:
      Cache-Control: [no-cache]
      Content-Length: ['629']
      Content-Type: [application/json; charset=utf-8]
      Date: ['Sat, 22 Oct 2016 00:36:56 GMT']
      Expires: ['-1']
      Pragma: [no-cache]
      Server: [Microsoft-IIS/8.5]
      Strict-Transport-Security: [max-age=31536000;includeSubDomains]
      X-AspNet-Version: [4.0.30319]
      X-Content-Type-Options: [nosniff]
      X-Powered-By: [ASP.NET]
      x-ms-keyvault-region: [westus]
      x-ms-keyvault-service-version: [1.0.0.781]
      x-ms-request-id: [81435244-92c4-466e-b551-649d82bf224f]
    status: {code: 200, message: OK}
- request:
    body: '{"kty": "RSA"}'
    headers:
      Accept: [application/json]
      Accept-Encoding: ['gzip, deflate']
      Connection: [keep-alive]
      Content-Length: ['14']
      Content-Type: [application/json; charset=utf-8]
      User-Agent: [python/3.5.1 (Windows-10-10.0.14393-SP0) requests/2.11.1 msrest/0.4.4
          msrest_azure/0.4.3 keyvaultclient/0.30.0rc6 Azure-SDK-For-Python]
      accept-language: [en-US]
      x-ms-client-request-id: [a3edece2-97ef-11e6-9e23-a0b3ccf7272a]
    method: POST
    uri: https://python-sdk-test-keyvault.vault.azure.net/keys/pythonKey2/create?api-version=2015-06-01
  response:
    body: {string: '{"key":{"kid":"https://python-sdk-test-keyvault.vault.azure.net/keys/pythonKey2/07dbd6ecce3540b08f855901567736e7","kty":"RSA","key_ops":["encrypt","decrypt","sign","verify","wrapKey","unwrapKey"],"n":"uritI9MZ6pdxq0dZowRckMHhtLDEOeHY4CLoll3ryeB9GcssVXpAqFD8TnvpUlxnI48BO8uJlwR2Eq1BBHvbOVykEwG5ovTxzzjRWfn8aBnBbaNjBi44SwA1C6geyrWJE1tdFx4LWnz1ifEXq5qJTRvIqNa_jiaKtsEFQsgoS_8q4cg8Td3ivmnzsLueXdwKWOSBi-oitO0Q4LfdUZSdje8jIDNrbHBlxbhmFggJtZ-TA5LLExM0UB8kuc_YXYCl3SJKHF2SCxxwDiKeVMAcdXSRF310GINs0Z5fEhN-34U1lBR_5QyS60PnTNlvHX-o5rm4cJmSh3S3CUtwCAD5Kw","e":"AQAB"},"attributes":{"enabled":true,"created":1477096618,"updated":1477096618}}'}
    headers:
      Cache-Control: [no-cache]
      Content-Length: ['629']
      Content-Type: [application/json; charset=utf-8]
      Date: ['Sat, 22 Oct 2016 00:36:58 GMT']
      Expires: ['-1']
      Pragma: [no-cache]
      Server: [Microsoft-IIS/8.5]
      Strict-Transport-Security: [max-age=31536000;includeSubDomains]
      X-AspNet-Version: [4.0.30319]
      X-Content-Type-Options: [nosniff]
      X-Powered-By: [ASP.NET]
      x-ms-keyvault-region: [westus]
      x-ms-keyvault-service-version: [1.0.0.781]
      x-ms-request-id: [1f4005d3-fd18-45b2-9b08-11ddc51444e3]
    status: {code: 200, message: OK}
- request:
    body: null
    headers:
      Accept: [application/json]
      Accept-Encoding: ['gzip, deflate']
      Connection: [keep-alive]
      Content-Type: [application/json; charset=utf-8]
      User-Agent: [python/3.5.1 (Windows-10-10.0.14393-SP0) requests/2.11.1 msrest/0.4.4
          msrest_azure/0.4.3 keyvaultclient/0.30.0rc6 Azure-SDK-For-Python]
      accept-language: [en-US]
      x-ms-client-request-id: [a4ddf052-97ef-11e6-a925-a0b3ccf7272a]
    method: GET
    uri: https://python-sdk-test-keyvault.vault.azure.net/keys?api-version=2015-06-01&maxresults=2
  response:
    body: {string: '{"value":[{"kid":"https://python-sdk-test-keyvault.vault.azure.net/keys/pythonKey1","attributes":{"enabled":true,"created":1477096617,"updated":1477096617}},{"kid":"https://python-sdk-test-keyvault.vault.azure.net/keys/pythonKey2","attributes":{"enabled":true,"created":1477096618,"updated":1477096618}}],"nextLink":"https://python-sdk-test-keyvault.vault.azure.net:443/keys?api-version=2015-06-01&$skiptoken=eyJOZXh0TWFya2VyIjoiMiE4NCFNREF3TURFNUlXdGxlUzlRV1ZSSVQwNUxSVmxHVDFKQ1MxQWhNREF3TURJNElUazVPVGt0TVRJdE16RlVNak02TlRrNk5Ua3VPVGs1T1RrNU9Wb2giLCJUYXJnZXRMb2NhdGlvbiI6MH0&maxresults=2"}'}
    headers:
      Cache-Control: [no-cache]
      Content-Length: ['591']
      Content-Type: [application/json; charset=utf-8]
      Date: ['Sat, 22 Oct 2016 00:36:59 GMT']
      Expires: ['-1']
      Pragma: [no-cache]
      Server: [Microsoft-IIS/8.5]
      Strict-Transport-Security: [max-age=31536000;includeSubDomains]
      X-AspNet-Version: [4.0.30319]
      X-Content-Type-Options: [nosniff]
      X-Powered-By: [ASP.NET]
      x-ms-keyvault-region: [westus]
      x-ms-keyvault-service-version: [1.0.0.781]
      x-ms-request-id: [b9d19705-1475-4d8c-b8c8-1405f4323afd]
    status: {code: 200, message: OK}
- request:
    body: null
    headers:
      Accept: [application/json]
      Accept-Encoding: ['gzip, deflate']
      Connection: [keep-alive]
      Content-Type: [application/json; charset=utf-8]
      User-Agent: [python/3.5.1 (Windows-10-10.0.14393-SP0) requests/2.11.1 msrest/0.4.4
          msrest_azure/0.4.3 keyvaultclient/0.30.0rc6 Azure-SDK-For-Python]
      accept-language: [en-US]
      x-ms-client-request-id: [a54e87da-97ef-11e6-b983-a0b3ccf7272a]
    method: GET
    uri: https://python-sdk-test-keyvault.vault.azure.net/keys?api-version=2015-06-01&$skiptoken=eyJOZXh0TWFya2VyIjoiMiE4NCFNREF3TURFNUlXdGxlUzlRV1ZSSVQwNUxSVmxHVDFKQ1MxQWhNREF3TURJNElUazVPVGt0TVRJdE16RlVNak02TlRrNk5Ua3VPVGs1T1RrNU9Wb2giLCJUYXJnZXRMb2NhdGlvbiI6MH0&maxresults=2
  response:
    body: {string: '{"value":[],"nextLink":null}'}
    headers:
      Cache-Control: [no-cache]
      Content-Length: ['28']
      Content-Type: [application/json; charset=utf-8]
      Date: ['Sat, 22 Oct 2016 00:37:00 GMT']
      Expires: ['-1']
      Pragma: [no-cache]
      Server: [Microsoft-IIS/8.5]
      Strict-Transport-Security: [max-age=31536000;includeSubDomains]
      X-AspNet-Version: [4.0.30319]
      X-Content-Type-Options: [nosniff]
      X-Powered-By: [ASP.NET]
      x-ms-keyvault-region: [westus]
      x-ms-keyvault-service-version: [1.0.0.781]
      x-ms-request-id: [fda763a2-2554-4eb0-8155-e8e6644f33e4]
    status: {code: 200, message: OK}
- request:
    body: '{"kty": "RSA"}'
    headers:
      Accept: [application/json]
      Accept-Encoding: ['gzip, deflate']
      Connection: [keep-alive]
      Content-Length: ['14']
      Content-Type: [application/json; charset=utf-8]
      User-Agent: [python/3.5.1 (Windows-10-10.0.14393-SP0) requests/2.11.1 msrest/0.4.4
          msrest_azure/0.4.3 keyvaultclient/0.30.0rc6 Azure-SDK-For-Python]
      accept-language: [en-US]
      x-ms-client-request-id: [04a481da-9a21-11e6-a4ed-a0b3ccf7272a]
    method: POST
    uri: https://python-sdk-test-keyvault.vault.azure.net/keys/pythonKey1/create?api-version=2015-06-01
  response:
    body: {string: '{"key":{"kid":"https://python-sdk-test-keyvault.vault.azure.net/keys/pythonKey1/b4dd9f9f15e043e5a261f1d947c92f4f","kty":"RSA","key_ops":["encrypt","decrypt","sign","verify","wrapKey","unwrapKey"],"n":"844uLij98JRkwgQdBuf0mHvQ5BpQ02TLFzEmQeCMRSjOQbjiiVgD59a85_nGnQphowKd_hXQli7fjtl4vjM4e8dyrJDMDrGrtpsU5SpFf0vmOXmtHb-hPCQ65zoUigxheCo1jEomohSJcExrex2TLqGJHCBTmhOd-yBmhZ9Aod4kdhyFh9Fy5RBTiYzRnQ-dXX64qM9wI3NBvhdd8DttzJyU8i5gse3-odBzBN5qAiSk0qgUWouBmTyEzzbFAd_GOb3P3p95VU6_Uiau_Mii_eB2EKgpD2qgLErlAX6gQ81bl5sWZlIUzstu4E0G4OEdqYT03EuxqhIoczXTD7Oqgw","e":"AQAB"},"attributes":{"enabled":true,"created":1477337728,"updated":1477337728}}'}
    headers:
      Cache-Control: [no-cache]
      Content-Length: ['629']
      Content-Type: [application/json; charset=utf-8]
      Date: ['Mon, 24 Oct 2016 19:35:28 GMT']
      Expires: ['-1']
      Pragma: [no-cache]
      Server: [Microsoft-IIS/8.5]
      Strict-Transport-Security: [max-age=31536000;includeSubDomains]
      X-AspNet-Version: [4.0.30319]
      X-Content-Type-Options: [nosniff]
      X-Powered-By: [ASP.NET]
      x-ms-keyvault-region: [westus]
      x-ms-keyvault-service-version: [1.0.0.781]
      x-ms-request-id: [fd201077-7015-4a0b-a312-366072e33394]
    status: {code: 200, message: OK}
- request:
    body: '{"kty": "RSA"}'
    headers:
      Accept: [application/json]
      Accept-Encoding: ['gzip, deflate']
      Connection: [keep-alive]
      Content-Length: ['14']
      Content-Type: [application/json; charset=utf-8]
      User-Agent: [python/3.5.1 (Windows-10-10.0.14393-SP0) requests/2.11.1 msrest/0.4.4
          msrest_azure/0.4.3 keyvaultclient/0.30.0rc6 Azure-SDK-For-Python]
      accept-language: [en-US]
      x-ms-client-request-id: [055323cc-9a21-11e6-8b42-a0b3ccf7272a]
    method: POST
    uri: https://python-sdk-test-keyvault.vault.azure.net/keys/pythonKey2/create?api-version=2015-06-01
  response:
    body: {string: '{"key":{"kid":"https://python-sdk-test-keyvault.vault.azure.net/keys/pythonKey2/a1331e36e9854b77a8b229ab5b9a070d","kty":"RSA","key_ops":["encrypt","decrypt","sign","verify","wrapKey","unwrapKey"],"n":"616Wh0glELX6UWI9hgrQocCKlKx__eFjIwLVm7pVWkUG18dq5-1K9JMrJ776qC-AG1Dm8q6k7gA5-M__KMOP10InhhZFhNAzLT0B190MAZ7BjMrtCVnzew5LhEJlNvbPkYMU6waiD7uHVn0HQceoe-S_FA6vZfkC7hTDGLuP5fz50P-39hNVKtBrog6PzDH_vIfWX1g5kAV8HsTYVj0g5dXnhpDc4_hUGSTl6u7UAbbbehGCgx9QKJH_2bjTQFHUARCrwMA4fGyRqxw5F9E8x9jxUsFjlRqocpAXpMUWcFKNNO4ZumR4YdTNAU7b1T-LgMvlNQK63FA9EDlCzReQXw","e":"AQAB"},"attributes":{"enabled":true,"created":1477337730,"updated":1477337730}}'}
    headers:
      Cache-Control: [no-cache]
      Content-Length: ['629']
      Content-Type: [application/json; charset=utf-8]
      Date: ['Mon, 24 Oct 2016 19:35:29 GMT']
      Expires: ['-1']
      Pragma: [no-cache]
      Server: [Microsoft-IIS/8.5]
      Strict-Transport-Security: [max-age=31536000;includeSubDomains]
      X-AspNet-Version: [4.0.30319]
      X-Content-Type-Options: [nosniff]
      X-Powered-By: [ASP.NET]
      x-ms-keyvault-region: [westus]
      x-ms-keyvault-service-version: [1.0.0.781]
      x-ms-request-id: [4c00aad3-5d05-4cad-b051-29c2211638dc]
    status: {code: 200, message: OK}
- request:
    body: null
    headers:
      Accept: [application/json]
      Accept-Encoding: ['gzip, deflate']
      Connection: [keep-alive]
      Content-Type: [application/json; charset=utf-8]
      User-Agent: [python/3.5.1 (Windows-10-10.0.14393-SP0) requests/2.11.1 msrest/0.4.4
          msrest_azure/0.4.3 keyvaultclient/0.30.0rc6 Azure-SDK-For-Python]
      accept-language: [en-US]
      x-ms-client-request-id: [0628d010-9a21-11e6-9995-a0b3ccf7272a]
    method: GET
    uri: https://python-sdk-test-keyvault.vault.azure.net/keys?api-version=2015-06-01&maxresults=2
  response:
    body: {string: '{"value":[{"kid":"https://python-sdk-test-keyvault.vault.azure.net/keys/pythonKey1","attributes":{"enabled":true,"created":1477337728,"updated":1477337728}},{"kid":"https://python-sdk-test-keyvault.vault.azure.net/keys/pythonKey2","attributes":{"enabled":true,"created":1477337730,"updated":1477337730}}],"nextLink":"https://python-sdk-test-keyvault.vault.azure.net:443/keys?api-version=2015-06-01&$skiptoken=eyJOZXh0TWFya2VyIjoiMiE4NCFNREF3TURFNUlXdGxlUzlRV1ZSSVQwNUxSVmxHVDFKQ1MxQWhNREF3TURJNElUazVPVGt0TVRJdE16RlVNak02TlRrNk5Ua3VPVGs1T1RrNU9Wb2giLCJUYXJnZXRMb2NhdGlvbiI6MH0&maxresults=2"}'}
    headers:
      Cache-Control: [no-cache]
      Content-Length: ['591']
      Content-Type: [application/json; charset=utf-8]
      Date: ['Mon, 24 Oct 2016 19:35:30 GMT']
      Expires: ['-1']
      Pragma: [no-cache]
      Server: [Microsoft-IIS/8.5]
      Strict-Transport-Security: [max-age=31536000;includeSubDomains]
      X-AspNet-Version: [4.0.30319]
      X-Content-Type-Options: [nosniff]
      X-Powered-By: [ASP.NET]
      x-ms-keyvault-region: [westus]
      x-ms-keyvault-service-version: [1.0.0.781]
      x-ms-request-id: [605ef05a-46c3-411e-9cb6-2e0f19021ca2]
    status: {code: 200, message: OK}
- request:
    body: null
    headers:
      Accept: [application/json]
      Accept-Encoding: ['gzip, deflate']
      Connection: [keep-alive]
      Content-Type: [application/json; charset=utf-8]
      User-Agent: [python/3.5.1 (Windows-10-10.0.14393-SP0) requests/2.11.1 msrest/0.4.4
          msrest_azure/0.4.3 keyvaultclient/0.30.0rc6 Azure-SDK-For-Python]
      accept-language: [en-US]
      x-ms-client-request-id: [06b14dd0-9a21-11e6-8c27-a0b3ccf7272a]
    method: GET
    uri: https://python-sdk-test-keyvault.vault.azure.net/keys?api-version=2015-06-01&$skiptoken=eyJOZXh0TWFya2VyIjoiMiE4NCFNREF3TURFNUlXdGxlUzlRV1ZSSVQwNUxSVmxHVDFKQ1MxQWhNREF3TURJNElUazVPVGt0TVRJdE16RlVNak02TlRrNk5Ua3VPVGs1T1RrNU9Wb2giLCJUYXJnZXRMb2NhdGlvbiI6MH0&maxresults=2
  response:
    body: {string: '{"value":[],"nextLink":null}'}
    headers:
      Cache-Control: [no-cache]
      Content-Length: ['28']
      Content-Type: [application/json; charset=utf-8]
      Date: ['Mon, 24 Oct 2016 19:35:31 GMT']
      Expires: ['-1']
      Pragma: [no-cache]
      Server: [Microsoft-IIS/8.5]
      Strict-Transport-Security: [max-age=31536000;includeSubDomains]
      X-AspNet-Version: [4.0.30319]
      X-Content-Type-Options: [nosniff]
      X-Powered-By: [ASP.NET]
      x-ms-keyvault-region: [westus]
      x-ms-keyvault-service-version: [1.0.0.781]
      x-ms-request-id: [33f35d80-6583-47e9-8afb-f36ab9e29165]
    status: {code: 200, message: OK}
- request:
    body: '{"kty": "RSA"}'
    headers:
      Accept: [application/json]
      Accept-Encoding: ['gzip, deflate']
      Connection: [keep-alive]
      Content-Length: ['14']
      Content-Type: [application/json; charset=utf-8]
      User-Agent: [python/3.5.1 (Windows-10-10.0.14393-SP0) requests/2.11.1 msrest/0.4.4
          msrest_azure/0.4.3 keyvaultclient/0.30.0rc6 Azure-SDK-For-Python]
      accept-language: [en-US]
      x-ms-client-request-id: [2f4f2330-a202-11e6-96e0-a0b3ccf7272a]
    method: POST
    uri: https://python-sdk-test-keyvault.vault.azure.net/keys/pythonKey1/create?api-version=2016-10-01
  response:
    body: {string: '{"key":{"kid":"https://python-sdk-test-keyvault.vault.azure.net/keys/pythonKey1/38bd816da3c945cbb766177a7d28e59a","kty":"RSA","key_ops":["encrypt","decrypt","sign","verify","wrapKey","unwrapKey"],"n":"q74fNCIhD6dntaeu--lQVyzxqGQhMOxRX6cWgepOa29fz9rICT8FwfDrjek2eIKtaYW8-Yw3tmSS_VScz2XnJ5M3KZx3np6e-BQqhWTLkUrifsAPKqwWqz5aaQ7Ea4dJEVZIhAql8TRz_cXJqoB5aYEif07EPGxOI6y2ky7ktmgkDPSbbG60YJBzxZngDe8Qap2OOxyD7k23htKEZ1Y4iNK1NWfN0ik5L1lDe2mFsIenqt0DamYNK-KJyTmvCUm3VQBEeUivqrABQfC8xLliIJsGsMUlzp-9BMTJzLbrKHh3TCmHV8BFKdkG34hkHn8QOAm0-AI0lqHe9on0A3eGdQ","e":"AQAB"},"attributes":{"enabled":true,"created":1478204095,"updated":1478204095}}'}
    headers:
      Cache-Control: [no-cache]
      Content-Length: ['629']
      Content-Type: [application/json; charset=utf-8]
      Date: ['Thu, 03 Nov 2016 20:14:55 GMT']
      Expires: ['-1']
      Pragma: [no-cache]
      Server: [Microsoft-IIS/8.5]
      Strict-Transport-Security: [max-age=31536000;includeSubDomains]
      X-AspNet-Version: [4.0.30319]
      X-Content-Type-Options: [nosniff]
      X-Powered-By: [ASP.NET]
      x-ms-keyvault-region: [westus]
      x-ms-keyvault-service-version: [1.0.0.783]
      x-ms-request-id: [50fcf577-d98b-4193-92cf-01bfb04bbe9b]
    status: {code: 200, message: OK}
- request:
    body: '{"kty": "RSA"}'
    headers:
      Accept: [application/json]
      Accept-Encoding: ['gzip, deflate']
      Connection: [keep-alive]
      Content-Length: ['14']
      Content-Type: [application/json; charset=utf-8]
      User-Agent: [python/3.5.1 (Windows-10-10.0.14393-SP0) requests/2.11.1 msrest/0.4.4
          msrest_azure/0.4.3 keyvaultclient/0.30.0rc6 Azure-SDK-For-Python]
      accept-language: [en-US]
      x-ms-client-request-id: [2fe6562e-a202-11e6-8593-a0b3ccf7272a]
    method: POST
    uri: https://python-sdk-test-keyvault.vault.azure.net/keys/pythonKey2/create?api-version=2016-10-01
  response:
    body: {string: '{"key":{"kid":"https://python-sdk-test-keyvault.vault.azure.net/keys/pythonKey2/2f8604470c664d52a38432bf722c766f","kty":"RSA","key_ops":["encrypt","decrypt","sign","verify","wrapKey","unwrapKey"],"n":"qpM62vvRupzzEupp1DaLULsclqvunePlewWlidWWSE_PoTDEQM-jeTzMCgkbRVKsBqNG_Ue9R2leru_FwtNfI4XoiL0ns04dhxhjRab4NmSgdxeSPi6Njwd5_O8JSAKdTsjmqiXW-Mw5yjPdspEOg0Mz_RWFxOJux_iKelJRoOo4ewULk8X5vXgla5WiiRcJI1aTptHCFuL4kiq3HIPrQjuxaIeGLFMOyFCSbsPLOLTB9qIExC-q_FYIJvJtl0deroOKXN36HuMANFuuTorsjZM-mVPgrHqE3GDsF42cEWJ5RhfkLLUGhPRqGjB5TrQHIM1QeOqpQYQpu6G7dXhxXQ","e":"AQAB"},"attributes":{"enabled":true,"created":1478204096,"updated":1478204096}}'}
    headers:
      Cache-Control: [no-cache]
      Content-Length: ['629']
      Content-Type: [application/json; charset=utf-8]
      Date: ['Thu, 03 Nov 2016 20:14:56 GMT']
      Expires: ['-1']
      Pragma: [no-cache]
      Server: [Microsoft-IIS/8.5]
      Strict-Transport-Security: [max-age=31536000;includeSubDomains]
      X-AspNet-Version: [4.0.30319]
      X-Content-Type-Options: [nosniff]
      X-Powered-By: [ASP.NET]
      x-ms-keyvault-region: [westus]
      x-ms-keyvault-service-version: [1.0.0.783]
      x-ms-request-id: [28cef5d7-ee91-4107-b977-917ffd8a761a]
    status: {code: 200, message: OK}
- request:
    body: null
    headers:
      Accept: [application/json]
      Accept-Encoding: ['gzip, deflate']
      Connection: [keep-alive]
      Content-Type: [application/json; charset=utf-8]
      User-Agent: [python/3.5.1 (Windows-10-10.0.14393-SP0) requests/2.11.1 msrest/0.4.4
          msrest_azure/0.4.3 keyvaultclient/0.30.0rc6 Azure-SDK-For-Python]
      accept-language: [en-US]
      x-ms-client-request-id: [3083f514-a202-11e6-ac09-a0b3ccf7272a]
    method: GET
    uri: https://python-sdk-test-keyvault.vault.azure.net/keys?maxresults=2&api-version=2016-10-01
  response:
    body: {string: '{"value":[{"kid":"https://python-sdk-test-keyvault.vault.azure.net/keys/pythonKey1","attributes":{"enabled":true,"created":1478204095,"updated":1478204095}},{"kid":"https://python-sdk-test-keyvault.vault.azure.net/keys/pythonKey2","attributes":{"enabled":true,"created":1478204096,"updated":1478204096}}],"nextLink":"https://python-sdk-test-keyvault.vault.azure.net:443/keys?api-version=2016-10-01&$skiptoken=eyJOZXh0TWFya2VyIjoiMiE4NCFNREF3TURFNUlXdGxlUzlRV1ZSSVQwNUxSVmxHVDFKQ1MxQWhNREF3TURJNElUazVPVGt0TVRJdE16RlVNak02TlRrNk5Ua3VPVGs1T1RrNU9Wb2giLCJUYXJnZXRMb2NhdGlvbiI6MH0&maxresults=2"}'}
    headers:
      Cache-Control: [no-cache]
      Content-Length: ['591']
      Content-Type: [application/json; charset=utf-8]
      Date: ['Thu, 03 Nov 2016 20:14:57 GMT']
      Expires: ['-1']
      Pragma: [no-cache]
      Server: [Microsoft-IIS/8.5]
      Strict-Transport-Security: [max-age=31536000;includeSubDomains]
      X-AspNet-Version: [4.0.30319]
      X-Content-Type-Options: [nosniff]
      X-Powered-By: [ASP.NET]
      x-ms-keyvault-region: [westus]
      x-ms-keyvault-service-version: [1.0.0.783]
      x-ms-request-id: [2dbf1d43-bfa6-49e2-b5a4-e40f62095989]
    status: {code: 200, message: OK}
- request:
    body: null
    headers:
      Accept: [application/json]
      Accept-Encoding: ['gzip, deflate']
      Connection: [keep-alive]
      Content-Type: [application/json; charset=utf-8]
      User-Agent: [python/3.5.1 (Windows-10-10.0.14393-SP0) requests/2.11.1 msrest/0.4.4
          msrest_azure/0.4.3 keyvaultclient/0.30.0rc6 Azure-SDK-For-Python]
      accept-language: [en-US]
      x-ms-client-request-id: [30f2c976-a202-11e6-9e7a-a0b3ccf7272a]
    method: GET
    uri: https://python-sdk-test-keyvault.vault.azure.net/keys?api-version=2016-10-01&$skiptoken=eyJOZXh0TWFya2VyIjoiMiE4NCFNREF3TURFNUlXdGxlUzlRV1ZSSVQwNUxSVmxHVDFKQ1MxQWhNREF3TURJNElUazVPVGt0TVRJdE16RlVNak02TlRrNk5Ua3VPVGs1T1RrNU9Wb2giLCJUYXJnZXRMb2NhdGlvbiI6MH0&maxresults=2
  response:
    body: {string: '{"value":[],"nextLink":null}'}
    headers:
      Cache-Control: [no-cache]
      Content-Length: ['28']
      Content-Type: [application/json; charset=utf-8]
      Date: ['Thu, 03 Nov 2016 20:14:57 GMT']
      Expires: ['-1']
      Pragma: [no-cache]
      Server: [Microsoft-IIS/8.5]
      Strict-Transport-Security: [max-age=31536000;includeSubDomains]
      X-AspNet-Version: [4.0.30319]
      X-Content-Type-Options: [nosniff]
      X-Powered-By: [ASP.NET]
      x-ms-keyvault-region: [westus]
      x-ms-keyvault-service-version: [1.0.0.783]
      x-ms-request-id: [dc5bebb5-29db-4f66-8ca0-f17d4cf5c546]
    status: {code: 200, message: OK}
- request:
    body: '{"kty": "RSA"}'
    headers:
      Accept: [application/json]
      Accept-Encoding: ['gzip, deflate']
      Connection: [keep-alive]
      Content-Length: ['14']
      Content-Type: [application/json; charset=utf-8]
      User-Agent: [python/3.5.1 (Windows-10-10.0.14393-SP0) requests/2.11.1 msrest/0.4.4
          msrest_azure/0.4.3 keyvaultclient/0.30.0rc6 Azure-SDK-For-Python]
      accept-language: [en-US]
      x-ms-client-request-id: [d3678ea2-a202-11e6-92cc-a0b3ccf7272a]
    method: POST
    uri: https://python-sdk-test-keyvault.vault.azure.net/keys/pythonKey1/create?api-version=2016-10-01
  response:
    body: {string: '{"key":{"kid":"https://python-sdk-test-keyvault.vault.azure.net/keys/pythonKey1/f5d7f85a7880496d8bd56f1b44d8d6f2","kty":"RSA","key_ops":["encrypt","decrypt","sign","verify","wrapKey","unwrapKey"],"n":"vdkgDLRiKNwhgcsvxKzXweqxDl3PVsqgw79ZeUrbg0kET4yZxtns9VAldQGCQrt_GFQVLvOQhM3xolDWP6c91trjuACZhHaqow7vRlW_QygMAqD2_Xtd7J3Eatauijm1FDSvk3hxao6BXVWGewzjerFtkwZOzthGsUTfAU5CBeyPOq_h-kv1cGLqbycc4Y8OcGdbB1aj4c-WPrW33njrMnKVCZnYP7yq_wkfAOfnV_snIspTZ2pnX9ZUNXi1e2Muf20WzzEXsB_4uRoBRn3pfFYFEnvzK7q8WWReuQ9QScy3oaM12HDspLTcMCuvxIRZUwUTxddQSOT4oXXF86a6vQ","e":"AQAB"},"attributes":{"enabled":true,"created":1478204370,"updated":1478204370}}'}
    headers:
      Cache-Control: [no-cache]
      Content-Length: ['629']
      Content-Type: [application/json; charset=utf-8]
      Date: ['Thu, 03 Nov 2016 20:19:29 GMT']
      Expires: ['-1']
      Pragma: [no-cache]
      Server: [Microsoft-IIS/8.5]
      Strict-Transport-Security: [max-age=31536000;includeSubDomains]
      X-AspNet-Version: [4.0.30319]
      X-Content-Type-Options: [nosniff]
      X-Powered-By: [ASP.NET]
      x-ms-keyvault-region: [westus]
      x-ms-keyvault-service-version: [1.0.0.783]
      x-ms-request-id: [78428478-f54f-4407-99b0-235e4eaae318]
    status: {code: 200, message: OK}
- request:
    body: '{"kty": "RSA"}'
    headers:
      Accept: [application/json]
      Accept-Encoding: ['gzip, deflate']
      Connection: [keep-alive]
      Content-Length: ['14']
      Content-Type: [application/json; charset=utf-8]
      User-Agent: [python/3.5.1 (Windows-10-10.0.14393-SP0) requests/2.11.1 msrest/0.4.4
          msrest_azure/0.4.3 keyvaultclient/0.30.0rc6 Azure-SDK-For-Python]
      accept-language: [en-US]
      x-ms-client-request-id: [d4100408-a202-11e6-9628-a0b3ccf7272a]
    method: POST
    uri: https://python-sdk-test-keyvault.vault.azure.net/keys/pythonKey2/create?api-version=2016-10-01
  response:
    body: {string: '{"key":{"kid":"https://python-sdk-test-keyvault.vault.azure.net/keys/pythonKey2/5fcf8bcf108a4a08a2ca397938415c63","kty":"RSA","key_ops":["encrypt","decrypt","sign","verify","wrapKey","unwrapKey"],"n":"1iBr0o96PNk-Gdjj3GbqleHmLzq8AtQQNqvFptda2gaRNa8pOV_Qq5pVXYnNFc-ucqS0UFmw3WaVRrbXtxmTbh8dPz9XpAYRuBuveiAB9M22UzVd7whiDaW3XpiTL1J4Vb5qX5slAAlOTMd4_LSshqY5EFN1O8kRKHe339zNlIoF6F657kfFo8d_uvqgR4q0rLFgOXvEJeZCHWsLnL443F5iGi7KiJqai5jynSZDwyx5Q6AVZaqOEVY2o6T5FtH-IPgVgq2EKYYC4MKwgdQbqgm4gvZBzNKoeZ6Z5p7H_V9Tug4gmzRY9WntBtKyr2nsJ70djKpEgjO91x7u4_uauw","e":"AQAB"},"attributes":{"enabled":true,"created":1478204371,"updated":1478204371}}'}
    headers:
      Cache-Control: [no-cache]
      Content-Length: ['629']
      Content-Type: [application/json; charset=utf-8]
      Date: ['Thu, 03 Nov 2016 20:19:31 GMT']
      Expires: ['-1']
      Pragma: [no-cache]
      Server: [Microsoft-IIS/8.5]
      Strict-Transport-Security: [max-age=31536000;includeSubDomains]
      X-AspNet-Version: [4.0.30319]
      X-Content-Type-Options: [nosniff]
      X-Powered-By: [ASP.NET]
      x-ms-keyvault-region: [westus]
      x-ms-keyvault-service-version: [1.0.0.783]
      x-ms-request-id: [769abe77-95bd-4d2a-959a-80f8916e3268]
    status: {code: 200, message: OK}
- request:
    body: null
    headers:
      Accept: [application/json]
      Accept-Encoding: ['gzip, deflate']
      Connection: [keep-alive]
      Content-Type: [application/json; charset=utf-8]
      User-Agent: [python/3.5.1 (Windows-10-10.0.14393-SP0) requests/2.11.1 msrest/0.4.4
          msrest_azure/0.4.3 keyvaultclient/0.30.0rc6 Azure-SDK-For-Python]
      accept-language: [en-US]
      x-ms-client-request-id: [d4b199ca-a202-11e6-b48c-a0b3ccf7272a]
    method: GET
    uri: https://python-sdk-test-keyvault.vault.azure.net/keys?maxresults=2&api-version=2016-10-01
  response:
    body: {string: '{"value":[{"kid":"https://python-sdk-test-keyvault.vault.azure.net/keys/pythonKey1","attributes":{"enabled":true,"created":1478204370,"updated":1478204370}},{"kid":"https://python-sdk-test-keyvault.vault.azure.net/keys/pythonKey2","attributes":{"enabled":true,"created":1478204371,"updated":1478204371}}],"nextLink":"https://python-sdk-test-keyvault.vault.azure.net:443/keys?api-version=2016-10-01&$skiptoken=eyJOZXh0TWFya2VyIjoiMiE4NCFNREF3TURFNUlXdGxlUzlRV1ZSSVQwNUxSVmxHVDFKQ1MxQWhNREF3TURJNElUazVPVGt0TVRJdE16RlVNak02TlRrNk5Ua3VPVGs1T1RrNU9Wb2giLCJUYXJnZXRMb2NhdGlvbiI6MH0&maxresults=2"}'}
    headers:
      Cache-Control: [no-cache]
      Content-Length: ['591']
      Content-Type: [application/json; charset=utf-8]
      Date: ['Thu, 03 Nov 2016 20:19:32 GMT']
      Expires: ['-1']
      Pragma: [no-cache]
      Server: [Microsoft-IIS/8.5]
      Strict-Transport-Security: [max-age=31536000;includeSubDomains]
      X-AspNet-Version: [4.0.30319]
      X-Content-Type-Options: [nosniff]
      X-Powered-By: [ASP.NET]
      x-ms-keyvault-region: [westus]
      x-ms-keyvault-service-version: [1.0.0.783]
      x-ms-request-id: [e5414b0b-e18e-4a29-9cfa-fe8f011a1ce5]
    status: {code: 200, message: OK}
- request:
    body: null
    headers:
      Accept: [application/json]
      Accept-Encoding: ['gzip, deflate']
      Connection: [keep-alive]
      Content-Type: [application/json; charset=utf-8]
      User-Agent: [python/3.5.1 (Windows-10-10.0.14393-SP0) requests/2.11.1 msrest/0.4.4
          msrest_azure/0.4.3 keyvaultclient/0.30.0rc6 Azure-SDK-For-Python]
      accept-language: [en-US]
      x-ms-client-request-id: [d5288850-a202-11e6-9efb-a0b3ccf7272a]
    method: GET
    uri: https://python-sdk-test-keyvault.vault.azure.net/keys?api-version=2016-10-01&$skiptoken=eyJOZXh0TWFya2VyIjoiMiE4NCFNREF3TURFNUlXdGxlUzlRV1ZSSVQwNUxSVmxHVDFKQ1MxQWhNREF3TURJNElUazVPVGt0TVRJdE16RlVNak02TlRrNk5Ua3VPVGs1T1RrNU9Wb2giLCJUYXJnZXRMb2NhdGlvbiI6MH0&maxresults=2
  response:
    body: {string: '{"value":[],"nextLink":null}'}
    headers:
      Cache-Control: [no-cache]
      Content-Length: ['28']
      Content-Type: [application/json; charset=utf-8]
      Date: ['Thu, 03 Nov 2016 20:19:33 GMT']
      Expires: ['-1']
      Pragma: [no-cache]
      Server: [Microsoft-IIS/8.5]
      Strict-Transport-Security: [max-age=31536000;includeSubDomains]
      X-AspNet-Version: [4.0.30319]
      X-Content-Type-Options: [nosniff]
      X-Powered-By: [ASP.NET]
      x-ms-keyvault-region: [westus]
      x-ms-keyvault-service-version: [1.0.0.783]
      x-ms-request-id: [485c459c-d342-475c-99c8-b50a240fd62c]
    status: {code: 200, message: OK}
- request:
    body: '{"kty": "RSA"}'
    headers:
      Accept: [application/json]
      Accept-Encoding: ['gzip, deflate']
      Connection: [keep-alive]
      Content-Length: ['14']
      Content-Type: [application/json; charset=utf-8]
      User-Agent: [python/3.5.1 (Windows-10-10.0.14393-SP0) requests/2.11.1 msrest/0.4.4
          msrest_azure/0.4.3 keyvaultclient/0.30.0rc6 Azure-SDK-For-Python]
      accept-language: [en-US]
      x-ms-client-request-id: [2a8c7d78-a203-11e6-ae8f-a0b3ccf7272a]
    method: POST
    uri: https://python-sdk-test-keyvault.vault.azure.net/keys/pythonKey1/create?api-version=2016-10-01
  response:
    body: {string: '{"key":{"kid":"https://python-sdk-test-keyvault.vault.azure.net/keys/pythonKey1/593d61aeb57b41578d071db54dff9a85","kty":"RSA","key_ops":["encrypt","decrypt","sign","verify","wrapKey","unwrapKey"],"n":"1jvE0-bzYeMTtKoWvtKqblIf3RRQhjqwjtDVQgGnh-YJpXjPdIjh2jgFxk4fh3YBLQvxatNna53s3f1RPC58avkL1JzIlMg0AMhEvMQDm4824Q2f-nTzQ5aZYeaU4op3031UUq8esZS2f4N730uMFw1lltmE8dYGu0nS4yWxGAVV_OcSxgWRQETgVDZslX6gdgVNeMzO06qVFijq5fHwSBChHEwPeouT_Fbnyse79i150NW0MYnNN2XJVYhsvVlMFERnKkG_b3_ZCxj-u9Drx42kaqik23fTTqVJGbfMUpKpKIdmgvzceXh37PXfNYng-IvF15I6VcYRmUREr9magw","e":"AQAB"},"attributes":{"enabled":true,"created":1478204516,"updated":1478204516}}'}
    headers:
      Cache-Control: [no-cache]
      Content-Length: ['629']
      Content-Type: [application/json; charset=utf-8]
      Date: ['Thu, 03 Nov 2016 20:21:56 GMT']
      Expires: ['-1']
      Pragma: [no-cache]
      Server: [Microsoft-IIS/8.5]
      Strict-Transport-Security: [max-age=31536000;includeSubDomains]
      X-AspNet-Version: [4.0.30319]
      X-Content-Type-Options: [nosniff]
      X-Powered-By: [ASP.NET]
      x-ms-keyvault-region: [westus]
      x-ms-keyvault-service-version: [1.0.0.783]
      x-ms-request-id: [c80074f4-cbd6-4cae-89a0-b1328c70f60e]
    status: {code: 200, message: OK}
- request:
    body: '{"kty": "RSA"}'
    headers:
      Accept: [application/json]
      Accept-Encoding: ['gzip, deflate']
      Connection: [keep-alive]
      Content-Length: ['14']
      Content-Type: [application/json; charset=utf-8]
      User-Agent: [python/3.5.1 (Windows-10-10.0.14393-SP0) requests/2.11.1 msrest/0.4.4
          msrest_azure/0.4.3 keyvaultclient/0.30.0rc6 Azure-SDK-For-Python]
      accept-language: [en-US]
      x-ms-client-request-id: [2b3465a4-a203-11e6-a628-a0b3ccf7272a]
    method: POST
    uri: https://python-sdk-test-keyvault.vault.azure.net/keys/pythonKey2/create?api-version=2016-10-01
  response:
    body: {string: '{"key":{"kid":"https://python-sdk-test-keyvault.vault.azure.net/keys/pythonKey2/364677252f724ca489e4c0e1dab384fd","kty":"RSA","key_ops":["encrypt","decrypt","sign","verify","wrapKey","unwrapKey"],"n":"sSE7GfnDvAWTOHehPpX3JPO36NFr4hhwZoogH-zS-CGGkNDUs6WufmMBGPr80ThUbwxAkKrwSVI506WFTQGbdJisTrpmLHO7jwL5eM0NOeI1U9prZWPxDLV_T1KYnkEzvvt7x7qkoBlsULYZaZBZ93uxN8YiZSpEff9iterzhMni9-4rdteq59-cmhO3F6eWDRbAvbBnl5QHF32MD7YV8BvsM-COXpKTHCl_lRQgHLHHWT-E0o85Jg4GQf6EhJBJZcsGRAthdBL41saXmgS9QLA_Z_kR4ReA8P-UKeqG5swijn911o-D6xfw20nIeeVPiXMLy9FNb8dEuMQjIFD8eQ","e":"AQAB"},"attributes":{"enabled":true,"created":1478204518,"updated":1478204518}}'}
    headers:
      Cache-Control: [no-cache]
      Content-Length: ['629']
      Content-Type: [application/json; charset=utf-8]
      Date: ['Thu, 03 Nov 2016 20:21:58 GMT']
      Expires: ['-1']
      Pragma: [no-cache]
      Server: [Microsoft-IIS/8.5]
      Strict-Transport-Security: [max-age=31536000;includeSubDomains]
      X-AspNet-Version: [4.0.30319]
      X-Content-Type-Options: [nosniff]
      X-Powered-By: [ASP.NET]
      x-ms-keyvault-region: [westus]
      x-ms-keyvault-service-version: [1.0.0.783]
      x-ms-request-id: [54334b8f-0f5a-422f-b4fb-4c2c60361d38]
    status: {code: 200, message: OK}
- request:
    body: null
    headers:
      Accept: [application/json]
      Accept-Encoding: ['gzip, deflate']
      Connection: [keep-alive]
      Content-Type: [application/json; charset=utf-8]
      User-Agent: [python/3.5.1 (Windows-10-10.0.14393-SP0) requests/2.11.1 msrest/0.4.4
          msrest_azure/0.4.3 keyvaultclient/0.30.0rc6 Azure-SDK-For-Python]
      accept-language: [en-US]
      x-ms-client-request-id: [2c1ae74c-a203-11e6-bfc1-a0b3ccf7272a]
    method: GET
    uri: https://python-sdk-test-keyvault.vault.azure.net/keys?api-version=2016-10-01&maxresults=2
  response:
    body: {string: '{"value":[{"kid":"https://python-sdk-test-keyvault.vault.azure.net/keys/pythonKey1","attributes":{"enabled":true,"created":1478204516,"updated":1478204516}},{"kid":"https://python-sdk-test-keyvault.vault.azure.net/keys/pythonKey2","attributes":{"enabled":true,"created":1478204518,"updated":1478204518}}],"nextLink":"https://python-sdk-test-keyvault.vault.azure.net:443/keys?api-version=2016-10-01&$skiptoken=eyJOZXh0TWFya2VyIjoiMiE4NCFNREF3TURFNUlXdGxlUzlRV1ZSSVQwNUxSVmxHVDFKQ1MxQWhNREF3TURJNElUazVPVGt0TVRJdE16RlVNak02TlRrNk5Ua3VPVGs1T1RrNU9Wb2giLCJUYXJnZXRMb2NhdGlvbiI6MH0&maxresults=2"}'}
    headers:
      Cache-Control: [no-cache]
      Content-Length: ['591']
      Content-Type: [application/json; charset=utf-8]
      Date: ['Thu, 03 Nov 2016 20:21:58 GMT']
      Expires: ['-1']
      Pragma: [no-cache]
      Server: [Microsoft-IIS/8.5]
      Strict-Transport-Security: [max-age=31536000;includeSubDomains]
      X-AspNet-Version: [4.0.30319]
      X-Content-Type-Options: [nosniff]
      X-Powered-By: [ASP.NET]
      x-ms-keyvault-region: [westus]
      x-ms-keyvault-service-version: [1.0.0.783]
      x-ms-request-id: [79911f22-776a-4590-8985-ab5288f0f5ae]
    status: {code: 200, message: OK}
- request:
    body: null
    headers:
      Accept: [application/json]
      Accept-Encoding: ['gzip, deflate']
      Connection: [keep-alive]
      Content-Type: [application/json; charset=utf-8]
      User-Agent: [python/3.5.1 (Windows-10-10.0.14393-SP0) requests/2.11.1 msrest/0.4.4
          msrest_azure/0.4.3 keyvaultclient/0.30.0rc6 Azure-SDK-For-Python]
      accept-language: [en-US]
      x-ms-client-request-id: [2c8c3378-a203-11e6-8441-a0b3ccf7272a]
    method: GET
    uri: https://python-sdk-test-keyvault.vault.azure.net/keys?api-version=2016-10-01&$skiptoken=eyJOZXh0TWFya2VyIjoiMiE4NCFNREF3TURFNUlXdGxlUzlRV1ZSSVQwNUxSVmxHVDFKQ1MxQWhNREF3TURJNElUazVPVGt0TVRJdE16RlVNak02TlRrNk5Ua3VPVGs1T1RrNU9Wb2giLCJUYXJnZXRMb2NhdGlvbiI6MH0&maxresults=2
  response:
    body: {string: '{"value":[],"nextLink":null}'}
    headers:
      Cache-Control: [no-cache]
      Content-Length: ['28']
      Content-Type: [application/json; charset=utf-8]
      Date: ['Thu, 03 Nov 2016 20:21:59 GMT']
      Expires: ['-1']
      Pragma: [no-cache]
      Server: [Microsoft-IIS/8.5]
      Strict-Transport-Security: [max-age=31536000;includeSubDomains]
      X-AspNet-Version: [4.0.30319]
      X-Content-Type-Options: [nosniff]
      X-Powered-By: [ASP.NET]
      x-ms-keyvault-region: [westus]
      x-ms-keyvault-service-version: [1.0.0.783]
      x-ms-request-id: [2421333f-f68a-4be0-b154-9b3cd2d0c1cf]
    status: {code: 200, message: OK}
version: 1
