interactions:
- request:
    body: '{"location": "westus"}'
    headers:
      Accept: [application/json]
      Accept-Encoding: ['gzip, deflate']
      Connection: [keep-alive]
      Content-Length: ['22']
      Content-Type: [application/json; charset=utf-8]
      User-Agent: [python/3.5.1 (Windows-10-10.0.15063-SP0) requests/2.17.3 msrest/0.4.11
          msrest_azure/0.4.9 servicebusmanagementclient/0.2.0 Azure-SDK-For-Python]
      accept-language: [en-US]
      x-ms-client-request-id: [f6524b74-5ab9-11e7-a57b-ecb1d756380e]
    method: PUT
    uri: https://management.azure.com/subscriptions/00000000-0000-0000-0000-000000000000/resourceGroups/test_mgmt_servicebus_test_namespace61e0e69/providers/Microsoft.ServiceBus/namespaces/pyarmns61e0e69?api-version=2017-04-01
  response:
    body: {string: '{"sku":{"name":"Standard","tier":"Standard"},"id":"/subscriptions/00000000-0000-0000-0000-000000000000/resourceGroups/test_mgmt_servicebus_test_namespace61e0e69/providers/Microsoft.ServiceBus/namespaces/pyarmns61e0e69","name":"pyarmns61e0e69","type":"Microsoft.ServiceBus/Namespaces","location":"West
        US","tags":{},"properties":{"provisioningState":"Created","metricId":"00000000-0000-0000-0000-000000000000:pyarmns61e0e69","createdAt":"2017-06-26T21:54:01.393Z","updatedAt":"2017-06-26T21:54:01.393Z","serviceBusEndpoint":"https://pyarmns61e0e69.servicebus.windows.net:443/"}}'}
    headers:
      Cache-Control: [no-cache]
      Content-Type: [application/json; charset=utf-8]
      Date: ['Mon, 26 Jun 2017 21:54:01 GMT']
      Expires: ['-1']
      Pragma: [no-cache]
      Server: [Service-Bus-Resource-Provider/SN1, Microsoft-HTTPAPI/2.0]
      Server-SB: [Service-Bus-Resource-Provider/SN1]
      Strict-Transport-Security: [max-age=31536000; includeSubDomains]
      Transfer-Encoding: [chunked]
      Vary: [Accept-Encoding]
      content-length: ['577']
      x-ms-correlation-request-id: [51c7c276-332a-4398-9184-5a8fc62f9be8]
      x-ms-ratelimit-remaining-subscription-writes: ['1197']
      x-ms-request-id: [e597cd8c-78f0-4a69-9b10-3f9626dbcbca_M1_M1]
      x-ms-routing-request-id: ['WESTUS2:20170626T215402Z:51c7c276-332a-4398-9184-5a8fc62f9be8']
    status: {code: 200, message: OK}
- request:
    body: null
    headers:
      Accept: [application/json]
      Accept-Encoding: ['gzip, deflate']
      Connection: [keep-alive]
      Content-Type: [application/json; charset=utf-8]
      User-Agent: [python/3.5.1 (Windows-10-10.0.15063-SP0) requests/2.17.3 msrest/0.4.11
          msrest_azure/0.4.9 servicebusmanagementclient/0.2.0 Azure-SDK-For-Python]
      accept-language: [en-US]
      x-ms-client-request-id: [f6524b74-5ab9-11e7-a57b-ecb1d756380e]
    method: GET
    uri: https://management.azure.com/subscriptions/00000000-0000-0000-0000-000000000000/resourceGroups/test_mgmt_servicebus_test_namespace61e0e69/providers/Microsoft.ServiceBus/namespaces/pyarmns61e0e69?api-version=2017-04-01
  response:
    body: {string: '{"sku":{"name":"Standard","tier":"Standard"},"id":"/subscriptions/00000000-0000-0000-0000-000000000000/resourceGroups/test_mgmt_servicebus_test_namespace61e0e69/providers/Microsoft.ServiceBus/namespaces/pyarmns61e0e69","name":"pyarmns61e0e69","type":"Microsoft.ServiceBus/Namespaces","location":"West
        US","tags":{},"properties":{"provisioningState":"Succeeded","metricId":"00000000-0000-0000-0000-000000000000:pyarmns61e0e69","createdAt":"2017-06-26T21:54:01.393Z","updatedAt":"2017-06-26T21:54:24.32Z","serviceBusEndpoint":"https://pyarmns61e0e69.servicebus.windows.net:443/"}}'}
    headers:
      Cache-Control: [no-cache]
      Content-Type: [application/json; charset=utf-8]
      Date: ['Mon, 26 Jun 2017 21:54:32 GMT']
      Expires: ['-1']
      Pragma: [no-cache]
      Server: [Service-Bus-Resource-Provider/SN1, Microsoft-HTTPAPI/2.0]
      Server-SB: [Service-Bus-Resource-Provider/SN1]
      Strict-Transport-Security: [max-age=31536000; includeSubDomains]
      Transfer-Encoding: [chunked]
      Vary: [Accept-Encoding]
      content-length: ['578']
      x-ms-correlation-request-id: [9b35c0d0-351c-4dd4-ab9e-82d926cf10dc]
      x-ms-ratelimit-remaining-subscription-reads: ['14998']
      x-ms-request-id: [6ff3359d-d768-4d43-a702-176ad6eaafa9_M7_M7]
      x-ms-routing-request-id: ['WESTUS2:20170626T215433Z:9b35c0d0-351c-4dd4-ab9e-82d926cf10dc']
    status: {code: 200, message: OK}
- request:
    body: null
    headers:
      Accept: [application/json]
      Accept-Encoding: ['gzip, deflate']
      Connection: [keep-alive]
      Content-Type: [application/json; charset=utf-8]
      User-Agent: [python/3.5.1 (Windows-10-10.0.15063-SP0) requests/2.17.3 msrest/0.4.11
          msrest_azure/0.4.9 servicebusmanagementclient/0.2.0 Azure-SDK-For-Python]
      accept-language: [en-US]
      x-ms-client-request-id: [09a02070-5aba-11e7-809d-ecb1d756380e]
    method: GET
    uri: https://management.azure.com/subscriptions/00000000-0000-0000-0000-000000000000/resourceGroups/test_mgmt_servicebus_test_namespace61e0e69/providers/Microsoft.ServiceBus/namespaces/pyarmns61e0e69?api-version=2017-04-01
  response:
    body: {string: '{"sku":{"name":"Standard","tier":"Standard"},"id":"/subscriptions/00000000-0000-0000-0000-000000000000/resourceGroups/test_mgmt_servicebus_test_namespace61e0e69/providers/Microsoft.ServiceBus/namespaces/pyarmns61e0e69","name":"pyarmns61e0e69","type":"Microsoft.ServiceBus/Namespaces","location":"West
        US","tags":{},"properties":{"provisioningState":"Succeeded","metricId":"00000000-0000-0000-0000-000000000000:pyarmns61e0e69","createdAt":"2017-06-26T21:54:01.393Z","updatedAt":"2017-06-26T21:54:24.32Z","serviceBusEndpoint":"https://pyarmns61e0e69.servicebus.windows.net:443/"}}'}
    headers:
      Cache-Control: [no-cache]
      Content-Type: [application/json; charset=utf-8]
      Date: ['Mon, 26 Jun 2017 21:54:32 GMT']
      Expires: ['-1']
      Pragma: [no-cache]
      Server: [Service-Bus-Resource-Provider/SN1, Microsoft-HTTPAPI/2.0]
      Server-SB: [Service-Bus-Resource-Provider/SN1]
      Strict-Transport-Security: [max-age=31536000; includeSubDomains]
      Transfer-Encoding: [chunked]
      Vary: [Accept-Encoding]
      content-length: ['578']
      x-ms-correlation-request-id: [f93fb9ef-7c7f-434d-b0b6-7d131c034870]
      x-ms-ratelimit-remaining-subscription-reads: ['14999']
      x-ms-request-id: [181506ea-629b-4757-a35c-56bc461ffc66_M3_M3]
      x-ms-routing-request-id: ['WESTUS2:20170626T215433Z:f93fb9ef-7c7f-434d-b0b6-7d131c034870']
    status: {code: 200, message: OK}
- request:
    body: null
    headers:
      Accept: [application/json]
      Accept-Encoding: ['gzip, deflate']
      Connection: [keep-alive]
      Content-Type: [application/json; charset=utf-8]
      User-Agent: [python/3.5.1 (Windows-10-10.0.15063-SP0) requests/2.17.3 msrest/0.4.11
          msrest_azure/0.4.9 servicebusmanagementclient/0.2.0 Azure-SDK-For-Python]
      accept-language: [en-US]
      x-ms-client-request-id: [09fdbf18-5aba-11e7-a18b-ecb1d756380e]
    method: GET
    uri: https://management.azure.com/subscriptions/00000000-0000-0000-0000-000000000000/resourceGroups/test_mgmt_servicebus_test_namespace61e0e69/providers/Microsoft.ServiceBus/namespaces?api-version=2017-04-01
  response:
    body: {string: '{"value":[{"sku":{"name":"Standard","tier":"Standard"},"id":"/subscriptions/00000000-0000-0000-0000-000000000000/resourceGroups/test_mgmt_servicebus_test_namespace61e0e69/providers/Microsoft.ServiceBus/namespaces/pyarmns61e0e69","name":"pyarmns61e0e69","type":"Microsoft.ServiceBus/Namespaces","location":"West
        US","tags":{},"properties":{"provisioningState":"Succeeded","metricId":"00000000-0000-0000-0000-000000000000:pyarmns61e0e69","createdAt":"2017-06-26T21:54:01.393Z","updatedAt":"2017-06-26T21:54:24.32Z","serviceBusEndpoint":"https://pyarmns61e0e69.servicebus.windows.net:443/"}}]}'}
    headers:
      Cache-Control: [no-cache]
      Content-Type: [application/json; charset=utf-8]
      Date: ['Mon, 26 Jun 2017 21:54:33 GMT']
      Expires: ['-1']
      Pragma: [no-cache]
      Server: [Service-Bus-Resource-Provider/SN1, Microsoft-HTTPAPI/2.0]
      Server-SB: [Service-Bus-Resource-Provider/SN1]
      Strict-Transport-Security: [max-age=31536000; includeSubDomains]
      Transfer-Encoding: [chunked]
      Vary: [Accept-Encoding]
      content-length: ['590']
      x-ms-correlation-request-id: [d2ae9c34-7c8b-4b54-8f72-673a1a23ac7a]
      x-ms-ratelimit-remaining-subscription-reads: ['14998']
      x-ms-request-id: [7e691af4-7fc8-4382-9fd6-cfb40a6cce4b_M4_M4]
      x-ms-routing-request-id: ['WESTUS2:20170626T215434Z:d2ae9c34-7c8b-4b54-8f72-673a1a23ac7a']
    status: {code: 200, message: OK}
- request:
    body: null
    headers:
      Accept: [application/json]
      Accept-Encoding: ['gzip, deflate']
      Connection: [keep-alive]
      Content-Length: ['0']
      Content-Type: [application/json; charset=utf-8]
      User-Agent: [python/3.5.1 (Windows-10-10.0.15063-SP0) requests/2.17.3 msrest/0.4.11
          msrest_azure/0.4.9 servicebusmanagementclient/0.2.0 Azure-SDK-For-Python]
      accept-language: [en-US]
      x-ms-client-request-id: [0a8f70f0-5aba-11e7-9304-ecb1d756380e]
    method: DELETE
    uri: https://management.azure.com/subscriptions/00000000-0000-0000-0000-000000000000/resourceGroups/test_mgmt_servicebus_test_namespace61e0e69/providers/Microsoft.ServiceBus/namespaces/pyarmns61e0e69?api-version=2017-04-01
  response:
    body: {string: ''}
    headers:
      Cache-Control: [no-cache]
      Content-Length: ['0']
      Date: ['Mon, 26 Jun 2017 21:54:34 GMT']
      Expires: ['-1']
      Location: ['https://management.azure.com/subscriptions/00000000-0000-0000-0000-000000000000/resourceGroups/test_mgmt_servicebus_test_namespace61e0e69/providers/Microsoft.ServiceBus/namespaces/pyarmns61e0e69/operationresults/pyarmns61e0e69?api-version=2017-04-01']
      Pragma: [no-cache]
      Server: [Service-Bus-Resource-Provider/SN1, Microsoft-HTTPAPI/2.0]
      Server-SB: [Service-Bus-Resource-Provider/SN1]
      Strict-Transport-Security: [max-age=31536000; includeSubDomains]
      x-ms-correlation-request-id: [22eacb4f-5bb3-412a-bbbe-a7463ea05729]
      x-ms-ratelimit-remaining-subscription-writes: ['1199']
      x-ms-request-id: [b504eba2-279e-4514-84e8-fd31e6bf5ce6_M7_M7]
      x-ms-routing-request-id: ['WESTUS2:20170626T215435Z:22eacb4f-5bb3-412a-bbbe-a7463ea05729']
    status: {code: 202, message: Accepted}
- request:
    body: null
    headers:
      Accept: [application/json]
      Accept-Encoding: ['gzip, deflate']
      Connection: [keep-alive]
      Content-Type: [application/json; charset=utf-8]
      User-Agent: [python/3.5.1 (Windows-10-10.0.15063-SP0) requests/2.17.3 msrest/0.4.11
          msrest_azure/0.4.9 servicebusmanagementclient/0.2.0 Azure-SDK-For-Python]
      accept-language: [en-US]
      x-ms-client-request-id: [0a8f70f0-5aba-11e7-9304-ecb1d756380e]
    method: GET
    uri: https://management.azure.com/subscriptions/00000000-0000-0000-0000-000000000000/resourceGroups/test_mgmt_servicebus_test_namespace61e0e69/providers/Microsoft.ServiceBus/namespaces/pyarmns61e0e69/operationresults/pyarmns61e0e69?api-version=2017-04-01
  response:
    body: {string: ''}
    headers:
      Cache-Control: [no-cache]
      Content-Length: ['0']
      Date: ['Mon, 26 Jun 2017 21:55:06 GMT']
      Expires: ['-1']
      Pragma: [no-cache]
      Server: [Service-Bus-Resource-Provider/SN1, Microsoft-HTTPAPI/2.0]
      Server-SB: [Service-Bus-Resource-Provider/SN1]
      Strict-Transport-Security: [max-age=31536000; includeSubDomains]
      x-ms-correlation-request-id: [7369bae2-0ad4-434b-9a07-8afd5e932f75]
      x-ms-ratelimit-remaining-subscription-reads: ['14998']
      x-ms-request-id: [9829552c-e86e-4d9e-9629-fdcb3a0b8ba5_M0_M0]
      x-ms-routing-request-id: ['WESTUS2:20170626T215506Z:7369bae2-0ad4-434b-9a07-8afd5e932f75']
    status: {code: 200, message: OK}
version: 1
