{
  "Entries": [
    {
      "RequestUri": "https://fake_resource.servicebus.windows.net/$schemaGroups/fakegroupjson/schemas/test-schema-update-async-jsonf4a53bb3?api-version=2022-10",
      "RequestMethod": "PUT",
      "RequestHeaders": {
        "Accept": "application/json",
        "Accept-Encoding": "gzip, deflate",
        "Content-Length": "392",
        "Content-Type": "application/json; serialization=Json",
        "User-Agent": "azsdk-python-azureschemaregistry/1.0.0 Python/3.10.4 (Windows-10-10.0.22621-SP0)"
      },
      "RequestBody": {
        "$id": "https://example.com/person.schema.json",
        "$schema": "https://json-schema.org/draft/2020-12/schema",
        "title": "User",
        "type": "object",
        "properties": {
          "name": {
            "type": "string",
            "description": "The person\u0027s name."
          },
          "favoriteNumber": {
            "type": "integer",
            "description": "The person\u0027s favorite positive number.",
            "minimum": 0
          },
          "favoriteColor": {
            "description": "The person\u0027s favorite color",
            "type": "string"
          }
        }
      },
      "StatusCode": 204,
      "ResponseHeaders": {
        "Content-Length": "0",
        "Date": "Mon, 31 Oct 2022 20:17:56 GMT",
        "Location": "https://fake_resource.servicebus.windows.net/$schemagroups/fakegroupjson/schemas/test-schema-update-async-jsonf4a53bb3/versions/7?api-version=2022-10",
        "Schema-Group-Name": "fakegroupjson",
        "Schema-Id": "b38ed52d8d834fe7bea4770b5dc01323",
        "Schema-Id-Location": "https://fake_resource.servicebus.windows.net:443/$schemagroups/$schemas/b38ed52d8d834fe7bea4770b5dc01323?api-version=2022-10",
        "Schema-Name": "test-schema-update-async-jsonf4a53bb3",
        "Schema-Version": "7",
        "Schema-Versions-Location": "https://fake_resource.servicebus.windows.net:443/$schemagroups/fakegroupjson/schemas/test-schema-update-async-jsonf4a53bb3/versions?api-version=2022-10",
        "Server": "Microsoft-HTTPAPI/2.0",
        "Strict-Transport-Security": "max-age=31536000"
      },
      "ResponseBody": null
    },
    {
      "RequestUri": "https://fake_resource.servicebus.windows.net/$schemaGroups/fakegroupjson/schemas/test-schema-update-async-jsonf4a53bb3?api-version=2022-10",
      "RequestMethod": "PUT",
      "RequestHeaders": {
        "Accept": "application/json",
        "Accept-Encoding": "gzip, deflate",
        "Content-Length": "390",
        "Content-Type": "application/json; serialization=Json",
        "User-Agent": "azsdk-python-azureschemaregistry/1.0.0 Python/3.10.4 (Windows-10-10.0.22621-SP0)"
      },
      "RequestBody": {
        "$id": "https://example.com/person.schema.json",
        "$schema": "https://json-schema.org/draft/2020-12/schema",
        "title": "User",
        "type": "object",
        "properties": {
          "name": {
            "type": "string",
            "description": "The person\u0027s name."
          },
          "favoriteNumber": {
            "type": "integer",
            "description": "The person\u0027s favorite positive number.",
            "minimum": 0
          },
          "favoriteFood": {
            "description": "The person\u0027s favorite food",
            "type": "string"
          }
        }
      },
      "StatusCode": 204,
      "ResponseHeaders": {
        "Content-Length": "0",
        "Date": "Mon, 31 Oct 2022 20:17:56 GMT",
        "Location": "https://fake_resource.servicebus.windows.net/$schemagroups/fakegroupjson/schemas/test-schema-update-async-jsonf4a53bb3/versions/8?api-version=2022-10",
        "Schema-Group-Name": "fakegroupjson",
        "Schema-Id": "560c7797b6534f969d16f4500bce856c",
        "Schema-Id-Location": "https://fake_resource.servicebus.windows.net:443/$schemagroups/$schemas/560c7797b6534f969d16f4500bce856c?api-version=2022-10",
        "Schema-Name": "test-schema-update-async-jsonf4a53bb3",
        "Schema-Version": "8",
        "Schema-Versions-Location": "https://fake_resource.servicebus.windows.net:443/$schemagroups/fakegroupjson/schemas/test-schema-update-async-jsonf4a53bb3/versions?api-version=2022-10",
        "Server": "Microsoft-HTTPAPI/2.0",
        "Strict-Transport-Security": "max-age=31536000"
      },
      "ResponseBody": null
    },
    {
      "RequestUri": "https://fake_resource.servicebus.windows.net/$schemaGroups/$schemas/560c7797b6534f969d16f4500bce856c?api-version=2022-10",
      "RequestMethod": "GET",
      "RequestHeaders": {
        "Accept": "application/json; serialization=Avro, application/json; serialization=json, text/plain; charset=utf-8",
        "Accept-Encoding": "gzip, deflate",
        "User-Agent": "azsdk-python-azureschemaregistry/1.0.0 Python/3.10.4 (Windows-10-10.0.22621-SP0)"
      },
      "RequestBody": null,
      "StatusCode": 200,
      "ResponseHeaders": {
        "Content-Type": "application/schema\u002Bjson",
        "Date": "Mon, 31 Oct 2022 20:17:57 GMT",
        "Location": "https://fake_resource.servicebus.windows.net/$schemagroups/fakegroupjson/schemas/test-schema-update-async-jsonf4a53bb3/versions/8?api-version=2022-10",
        "Schema-Group-Name": "fakegroupjson",
        "Schema-Id": "560c7797b6534f969d16f4500bce856c",
        "Schema-Id-Location": "https://fake_resource.servicebus.windows.net:443/$schemagroups/$schemas/560c7797b6534f969d16f4500bce856c?api-version=2022-10",
        "Schema-Name": "test-schema-update-async-jsonf4a53bb3",
        "Schema-Version": "8",
        "Schema-Versions-Location": "https://fake_resource.servicebus.windows.net:443/$schemagroups/fakegroupjson/schemas/test-schema-update-async-jsonf4a53bb3/versions?api-version=2022-10",
        "Server": "Microsoft-HTTPAPI/2.0",
        "Strict-Transport-Security": "max-age=31536000",
        "Transfer-Encoding": "chunked"
      },
      "ResponseBody": {
        "$id": "https://example.com/person.schema.json",
        "$schema": "https://json-schema.org/draft/2020-12/schema",
        "title": "User",
        "type": "object",
        "properties": {
          "name": {
            "type": "string",
            "description": "The person\u0027s name."
          },
          "favoriteNumber": {
            "type": "integer",
            "description": "The person\u0027s favorite positive number.",
            "minimum": 0
          },
          "favoriteFood": {
            "description": "The person\u0027s favorite food",
            "type": "string"
          }
        }
      }
    },
    {
      "RequestUri": "https://fake_resource.servicebus.windows.net/$schemaGroups/fakegroupjson/schemas/test-schema-update-async-jsonf4a53bb3/versions/7?api-version=2022-10",
      "RequestMethod": "GET",
      "RequestHeaders": {
        "Accept": "application/json; serialization=Avro, application/json; serialization=json, text/plain; charset=utf-8",
        "Accept-Encoding": "gzip, deflate",
        "User-Agent": "azsdk-python-azureschemaregistry/1.0.0 Python/3.10.4 (Windows-10-10.0.22621-SP0)"
      },
      "RequestBody": null,
      "StatusCode": 200,
      "ResponseHeaders": {
        "Content-Type": "application/schema\u002Bjson",
        "Date": "Mon, 31 Oct 2022 20:17:57 GMT",
        "Location": "https://fake_resource.servicebus.windows.net/$schemagroups/fakegroupjson/schemas/test-schema-update-async-jsonf4a53bb3/versions/7?api-version=2022-10",
        "Schema-Group-Name": "fakegroupjson",
        "Schema-Id": "b38ed52d8d834fe7bea4770b5dc01323",
        "Schema-Id-Location": "https://fake_resource.servicebus.windows.net:443/$schemagroups/$schemas/b38ed52d8d834fe7bea4770b5dc01323?api-version=2022-10",
        "Schema-Name": "test-schema-update-async-jsonf4a53bb3",
        "Schema-Version": "7",
        "Schema-Versions-Location": "https://fake_resource.servicebus.windows.net:443/$schemagroups/fakegroupjson/schemas/test-schema-update-async-jsonf4a53bb3/versions?api-version=2022-10",
        "Server": "Microsoft-HTTPAPI/2.0",
        "Strict-Transport-Security": "max-age=31536000",
        "Transfer-Encoding": "chunked"
      },
      "ResponseBody": {
        "$id": "https://example.com/person.schema.json",
        "$schema": "https://json-schema.org/draft/2020-12/schema",
        "title": "User",
        "type": "object",
        "properties": {
          "name": {
            "type": "string",
            "description": "The person\u0027s name."
          },
          "favoriteNumber": {
            "type": "integer",
            "description": "The person\u0027s favorite positive number.",
            "minimum": 0
          },
          "favoriteColor": {
            "description": "The person\u0027s favorite color",
            "type": "string"
          }
        }
      }
    }
  ],
  "Variables": {}
}
