{
  "Entries": [
    {
      "RequestUri": "https://fake_resource_json.servicebus.windows.net/$schemaGroups/fakegroup/schemas/test-schema-basic-async-jsonb5cc3b32?api-version=2022-10",
      "RequestMethod": "PUT",
      "RequestHeaders": {
        "Accept": "application/json",
        "Accept-Encoding": "gzip, deflate",
        "Content-Length": "392",
        "Content-Type": "application/json; serialization=Json",
        "User-Agent": "azsdk-python-azureschemaregistry/1.3.0b1 Python/3.10.4 (Windows-10-10.0.22621-SP0)"
      },
      "RequestBody": {
        "$id": "https://example.com/person.schema.json",
        "$schema": "https://json-schema.org/draft/2020-12/schema",
        "title": "User",
        "type": "object",
        "properties": {
          "name": {
            "type": "string",
            "description": "The person\u0027s name."
          },
          "favoriteNumber": {
            "type": "integer",
            "description": "The person\u0027s favorite positive number.",
            "minimum": 0
          },
          "favoriteColor": {
            "description": "The person\u0027s favorite color",
            "type": "string"
          }
        }
      },
      "StatusCode": 204,
      "ResponseHeaders": {
        "Content-Length": "0",
        "Date": "Fri, 04 Nov 2022 00:29:07 GMT",
        "Location": "https://fake_resource_json.servicebus.windows.net/$schemagroups/fakegroup/schemas/test-schema-basic-async-jsonb5cc3b32/versions/1?api-version=2022-10",
        "Schema-Group-Name": "fakegroup",
        "Schema-Id": "053ee6d018794db79f0765b8d0597a11",
        "Schema-Id-Location": "https://fake_resource_json.servicebus.windows.net:443/$schemagroups/$schemas/053ee6d018794db79f0765b8d0597a11?api-version=2022-10",
        "Schema-Name": "test-schema-basic-async-jsonb5cc3b32",
        "Schema-Version": "1",
        "Schema-Versions-Location": "https://fake_resource_json.servicebus.windows.net:443/$schemagroups/fakegroup/schemas/test-schema-basic-async-jsonb5cc3b32/versions?api-version=2022-10",
        "Server": "Microsoft-HTTPAPI/2.0",
        "Strict-Transport-Security": "max-age=31536000"
      },
      "ResponseBody": null
    },
    {
      "RequestUri": "https://fake_resource_json.servicebus.windows.net/$schemaGroups/$schemas/053ee6d018794db79f0765b8d0597a11?api-version=2022-10",
      "RequestMethod": "GET",
      "RequestHeaders": {
        "Accept": "application/json; serialization=Avro, application/json; serialization=json, text/plain; charset=utf-8",
        "Accept-Encoding": "gzip, deflate",
        "User-Agent": "azsdk-python-azureschemaregistry/1.3.0b1 Python/3.10.4 (Windows-10-10.0.22621-SP0)"
      },
      "RequestBody": null,
      "StatusCode": 200,
      "ResponseHeaders": {
        "Content-Type": "application/schema\u002Bjson",
        "Date": "Fri, 04 Nov 2022 00:29:08 GMT",
        "Location": "https://fake_resource_json.servicebus.windows.net/$schemagroups/fakegroup/schemas/test-schema-basic-async-jsonb5cc3b32/versions/1?api-version=2022-10",
        "Schema-Group-Name": "fakegroup",
        "Schema-Id": "053ee6d018794db79f0765b8d0597a11",
        "Schema-Id-Location": "https://fake_resource_json.servicebus.windows.net:443/$schemagroups/$schemas/053ee6d018794db79f0765b8d0597a11?api-version=2022-10",
        "Schema-Name": "test-schema-basic-async-jsonb5cc3b32",
        "Schema-Version": "1",
        "Schema-Versions-Location": "https://fake_resource_json.servicebus.windows.net:443/$schemagroups/fakegroup/schemas/test-schema-basic-async-jsonb5cc3b32/versions?api-version=2022-10",
        "Server": "Microsoft-HTTPAPI/2.0",
        "Strict-Transport-Security": "max-age=31536000",
        "Transfer-Encoding": "chunked"
      },
      "ResponseBody": {
        "$id": "https://example.com/person.schema.json",
        "$schema": "https://json-schema.org/draft/2020-12/schema",
        "title": "User",
        "type": "object",
        "properties": {
          "name": {
            "type": "string",
            "description": "The person\u0027s name."
          },
          "favoriteNumber": {
            "type": "integer",
            "description": "The person\u0027s favorite positive number.",
            "minimum": 0
          },
          "favoriteColor": {
            "description": "The person\u0027s favorite color",
            "type": "string"
          }
        }
      }
    },
    {
      "RequestUri": "https://fake_resource_json.servicebus.windows.net/$schemaGroups/fakegroup/schemas/test-schema-basic-async-jsonb5cc3b32/versions/1?api-version=2022-10",
      "RequestMethod": "GET",
      "RequestHeaders": {
        "Accept": "application/json; serialization=Avro, application/json; serialization=json, text/plain; charset=utf-8",
        "Accept-Encoding": "gzip, deflate",
        "User-Agent": "azsdk-python-azureschemaregistry/1.3.0b1 Python/3.10.4 (Windows-10-10.0.22621-SP0)"
      },
      "RequestBody": null,
      "StatusCode": 200,
      "ResponseHeaders": {
        "Content-Type": "application/schema\u002Bjson",
        "Date": "Fri, 04 Nov 2022 00:29:08 GMT",
        "Location": "https://fake_resource_json.servicebus.windows.net/$schemagroups/fakegroup/schemas/test-schema-basic-async-jsonb5cc3b32/versions/1?api-version=2022-10",
        "Schema-Group-Name": "fakegroup",
        "Schema-Id": "053ee6d018794db79f0765b8d0597a11",
        "Schema-Id-Location": "https://fake_resource_json.servicebus.windows.net:443/$schemagroups/$schemas/053ee6d018794db79f0765b8d0597a11?api-version=2022-10",
        "Schema-Name": "test-schema-basic-async-jsonb5cc3b32",
        "Schema-Version": "1",
        "Schema-Versions-Location": "https://fake_resource_json.servicebus.windows.net:443/$schemagroups/fakegroup/schemas/test-schema-basic-async-jsonb5cc3b32/versions?api-version=2022-10",
        "Server": "Microsoft-HTTPAPI/2.0",
        "Strict-Transport-Security": "max-age=31536000",
        "Transfer-Encoding": "chunked"
      },
      "ResponseBody": {
        "$id": "https://example.com/person.schema.json",
        "$schema": "https://json-schema.org/draft/2020-12/schema",
        "title": "User",
        "type": "object",
        "properties": {
          "name": {
            "type": "string",
            "description": "The person\u0027s name."
          },
          "favoriteNumber": {
            "type": "integer",
            "description": "The person\u0027s favorite positive number.",
            "minimum": 0
          },
          "favoriteColor": {
            "description": "The person\u0027s favorite color",
            "type": "string"
          }
        }
      }
    },
    {
      "RequestUri": "https://fake_resource_json.servicebus.windows.net/$schemaGroups/fakegroup/schemas/test-schema-basic-async-jsonb5cc3b32:get-id?api-version=2022-10",
      "RequestMethod": "POST",
      "RequestHeaders": {
        "Accept": "application/json",
        "Accept-Encoding": "gzip, deflate",
        "Content-Length": "392",
        "Content-Type": "application/json; serialization=Json",
        "User-Agent": "azsdk-python-azureschemaregistry/1.3.0b1 Python/3.10.4 (Windows-10-10.0.22621-SP0)"
      },
      "RequestBody": {
        "$id": "https://example.com/person.schema.json",
        "$schema": "https://json-schema.org/draft/2020-12/schema",
        "title": "User",
        "type": "object",
        "properties": {
          "name": {
            "type": "string",
            "description": "The person\u0027s name."
          },
          "favoriteNumber": {
            "type": "integer",
            "description": "The person\u0027s favorite positive number.",
            "minimum": 0
          },
          "favoriteColor": {
            "description": "The person\u0027s favorite color",
            "type": "string"
          }
        }
      },
      "StatusCode": 204,
      "ResponseHeaders": {
        "Content-Length": "0",
        "Date": "Fri, 04 Nov 2022 00:29:09 GMT",
        "Location": "https://fake_resource_json.servicebus.windows.net/$schemagroups/fakegroup/schemas/test-schema-basic-async-jsonb5cc3b32/versions/1?api-version=2022-10",
        "Schema-Group-Name": "fakegroup",
        "Schema-Id": "053ee6d018794db79f0765b8d0597a11",
        "Schema-Id-Location": "https://fake_resource_json.servicebus.windows.net:443/$schemagroups/$schemas/053ee6d018794db79f0765b8d0597a11?api-version=2022-10",
        "Schema-Name": "test-schema-basic-async-jsonb5cc3b32",
        "Schema-Version": "1",
        "Schema-Versions-Location": "https://fake_resource_json.servicebus.windows.net:443/$schemagroups/fakegroup/schemas/test-schema-basic-async-jsonb5cc3b32/versions?api-version=2022-10",
        "Server": "Microsoft-HTTPAPI/2.0",
        "Strict-Transport-Security": "max-age=31536000"
      },
      "ResponseBody": null
    }
  ],
  "Variables": {}
}
