{
  "Entries": [
    {
      "RequestUri": "https://fake_resource.servicebus.windows.net/$schemaGroups/fakegroupavro/schemas/test-schema-basic-async-avrob5a83b30?api-version=2021-10",
      "RequestMethod": "PUT",
      "RequestHeaders": {
        "Accept": "application/json",
        "Accept-Encoding": "gzip, deflate",
        "Content-Length": "201",
        "Content-Type": "application/json; serialization=Avro",
        "User-Agent": "azsdk-python-azureschemaregistry/1.0.0 Python/3.10.4 (Windows-10-10.0.22621-SP0)"
      },
      "RequestBody": {
        "namespace": "example.avro",
        "type": "record",
        "name": "User",
        "fields": [
          {
            "name": "name",
            "type": "string"
          },
          {
            "name": "favorite_number",
            "type": [
              "int",
              "null"
            ]
          },
          {
            "name": "favorite_color",
            "type": [
              "string",
              "null"
            ]
          }
        ]
      },
      "StatusCode": 204,
      "ResponseHeaders": {
        "Content-Length": "0",
        "Date": "Mon, 31 Oct 2022 19:32:14 GMT",
        "Location": "https://fake_resource.servicebus.windows.net/$schemagroups/fakegroupavro/schemas/test-schema-basic-async-avrob5a83b30/versions/1?api-version=2021-10",
        "Schema-Group-Name": "fakegroupavro",
        "Schema-Id": "2a22debbefa449f28fd3f5d1298da112",
        "Schema-Id-Location": "https://fake_resource.servicebus.windows.net:443/$schemagroups/$schemas/2a22debbefa449f28fd3f5d1298da112?api-version=2021-10",
        "Schema-Name": "test-schema-basic-async-avrob5a83b30",
        "Schema-Version": "1",
        "Schema-Versions-Location": "https://fake_resource.servicebus.windows.net:443/$schemagroups/fakegroupavro/schemas/test-schema-basic-async-avrob5a83b30/versions?api-version=2021-10",
        "Server": "Microsoft-HTTPAPI/2.0",
        "Strict-Transport-Security": "max-age=31536000"
      },
      "ResponseBody": null
    },
    {
      "RequestUri": "https://fake_resource.servicebus.windows.net/$schemaGroups/$schemas/2a22debbefa449f28fd3f5d1298da112?api-version=2021-10",
      "RequestMethod": "GET",
      "RequestHeaders": {
        "Accept": "application/json; serialization=Avro",
        "Accept-Encoding": "gzip, deflate",
        "User-Agent": "azsdk-python-azureschemaregistry/1.0.0 Python/3.10.4 (Windows-10-10.0.22621-SP0)"
      },
      "RequestBody": null,
      "StatusCode": 200,
      "ResponseHeaders": {
        "Content-Type": "application/json; serialization=Avro",
        "Date": "Mon, 31 Oct 2022 19:32:15 GMT",
        "Location": "https://fake_resource.servicebus.windows.net/$schemagroups/fakegroupavro/schemas/test-schema-basic-async-avrob5a83b30/versions/1?api-version=2021-10",
        "Schema-Group-Name": "fakegroupavro",
        "Schema-Id": "2a22debbefa449f28fd3f5d1298da112",
        "Schema-Id-Location": "https://fake_resource.servicebus.windows.net:443/$schemagroups/$schemas/2a22debbefa449f28fd3f5d1298da112?api-version=2021-10",
        "Schema-Name": "test-schema-basic-async-avrob5a83b30",
        "Schema-Version": "1",
        "Schema-Versions-Location": "https://fake_resource.servicebus.windows.net:443/$schemagroups/fakegroupavro/schemas/test-schema-basic-async-avrob5a83b30/versions?api-version=2021-10",
        "Server": "Microsoft-HTTPAPI/2.0",
        "Strict-Transport-Security": "max-age=31536000",
        "Transfer-Encoding": "chunked"
      },
      "ResponseBody": {
        "namespace": "example.avro",
        "type": "record",
        "name": "User",
        "fields": [
          {
            "name": "name",
            "type": "string"
          },
          {
            "name": "favorite_number",
            "type": [
              "int",
              "null"
            ]
          },
          {
            "name": "favorite_color",
            "type": [
              "string",
              "null"
            ]
          }
        ]
      }
    },
    {
      "RequestUri": "https://fake_resource.servicebus.windows.net/$schemaGroups/fakegroupavro/schemas/test-schema-basic-async-avrob5a83b30/versions/1?api-version=2021-10",
      "RequestMethod": "GET",
      "RequestHeaders": {
        "Accept": "application/json",
        "Accept-Encoding": "gzip, deflate",
        "User-Agent": "azsdk-python-azureschemaregistry/1.0.0 Python/3.10.4 (Windows-10-10.0.22621-SP0)"
      },
      "RequestBody": null,
      "StatusCode": 200,
      "ResponseHeaders": {
        "Content-Type": "application/json; serialization=Avro",
        "Date": "Mon, 31 Oct 2022 19:32:15 GMT",
        "Location": "https://fake_resource.servicebus.windows.net/$schemagroups/fakegroupavro/schemas/test-schema-basic-async-avrob5a83b30/versions/1?api-version=2021-10",
        "Schema-Group-Name": "fakegroupavro",
        "Schema-Id": "2a22debbefa449f28fd3f5d1298da112",
        "Schema-Id-Location": "https://fake_resource.servicebus.windows.net:443/$schemagroups/$schemas/2a22debbefa449f28fd3f5d1298da112?api-version=2021-10",
        "Schema-Name": "test-schema-basic-async-avrob5a83b30",
        "Schema-Version": "1",
        "Schema-Versions-Location": "https://fake_resource.servicebus.windows.net:443/$schemagroups/fakegroupavro/schemas/test-schema-basic-async-avrob5a83b30/versions?api-version=2021-10",
        "Server": "Microsoft-HTTPAPI/2.0",
        "Strict-Transport-Security": "max-age=31536000",
        "Transfer-Encoding": "chunked"
      },
      "ResponseBody": {
        "namespace": "example.avro",
        "type": "record",
        "name": "User",
        "fields": [
          {
            "name": "name",
            "type": "string"
          },
          {
            "name": "favorite_number",
            "type": [
              "int",
              "null"
            ]
          },
          {
            "name": "favorite_color",
            "type": [
              "string",
              "null"
            ]
          }
        ]
      }
    },
    {
      "RequestUri": "https://fake_resource.servicebus.windows.net/$schemaGroups/fakegroupavro/schemas/test-schema-basic-async-avrob5a83b30:get-id?api-version=2021-10",
      "RequestMethod": "POST",
      "RequestHeaders": {
        "Accept": "application/json",
        "Accept-Encoding": "gzip, deflate",
        "Content-Length": "201",
        "Content-Type": "application/json; serialization=Avro",
        "User-Agent": "azsdk-python-azureschemaregistry/1.0.0 Python/3.10.4 (Windows-10-10.0.22621-SP0)"
      },
      "RequestBody": {
        "namespace": "example.avro",
        "type": "record",
        "name": "User",
        "fields": [
          {
            "name": "name",
            "type": "string"
          },
          {
            "name": "favorite_number",
            "type": [
              "int",
              "null"
            ]
          },
          {
            "name": "favorite_color",
            "type": [
              "string",
              "null"
            ]
          }
        ]
      },
      "StatusCode": 204,
      "ResponseHeaders": {
        "Content-Length": "0",
        "Date": "Mon, 31 Oct 2022 19:32:16 GMT",
        "Location": "https://fake_resource.servicebus.windows.net/$schemagroups/fakegroupavro/schemas/test-schema-basic-async-avrob5a83b30/versions/1?api-version=2021-10",
        "Schema-Group-Name": "fakegroupavro",
        "Schema-Id": "2a22debbefa449f28fd3f5d1298da112",
        "Schema-Id-Location": "https://fake_resource.servicebus.windows.net:443/$schemagroups/$schemas/2a22debbefa449f28fd3f5d1298da112?api-version=2021-10",
        "Schema-Name": "test-schema-basic-async-avrob5a83b30",
        "Schema-Version": "1",
        "Schema-Versions-Location": "https://fake_resource.servicebus.windows.net:443/$schemagroups/fakegroupavro/schemas/test-schema-basic-async-avrob5a83b30/versions?api-version=2021-10",
        "Server": "Microsoft-HTTPAPI/2.0",
        "Strict-Transport-Security": "max-age=31536000"
      },
      "ResponseBody": null
    }
  ],
  "Variables": {}
}
